******************************************************************************
                  TI ARM Linker PC v5.1.5                      
******************************************************************************
>> Linked Fri Oct 20 01:30:55 2017

OUTPUT FILE NAME:   <hasan.out>
ENTRY POINT SYMBOL: "_c_int00"  address: 000007a1


MEMORY CONFIGURATION

         name            origin    length      used     unused   attr    fill
----------------------  --------  ---------  --------  --------  ----  --------
  FLASH                 00000000   00040000  00000c62  0003f39e  R  X
  SRAM                  20000000   00008000  00000480  00007b80  RW X


SEGMENT ALLOCATION MAP

run origin  load origin   length   init length attrs members
----------  ----------- ---------- ----------- ----- -------
00000000    00000000    00000c68   00000c68    r-x
  00000000    00000000    0000026c   0000026c    r-- .intvecs
  0000026c    0000026c    000007b6   000007b6    r-x .text
  00000a24    00000a24    00000208   00000208    r-- .const
  00000c30    00000c30    00000038   00000038    r-- .cinit
20000000    20000000    00000480   00000000    rw-
  20000000    20000000    0000026c   00000000    rw- .vtable
  2000026c    2000026c    00000200   00000000    rw- .stack
  2000046c    2000046c    00000014   00000000    rw- .data


SECTION ALLOCATION MAP

 output                                  attributes/
section   page    origin      length       input sections
--------  ----  ----------  ----------   ----------------
.intvecs   0    00000000    0000026c     
                  00000000    0000026c     tm4c123gh6pm_startup_ccs.obj (.intvecs)

.init_array 
*          0    00000000    00000000     UNINITIALIZED

.text      0    0000026c    000007b6     
                  0000026c    00000132     driverlib.lib : gpio.obj (.text:GPIOPadConfigSet)
                  0000039e    00000002     --HOLE-- [fill = 0]
                  000003a0    000000f4                   : sysctl.obj (.text:SysCtlClockSet)
                  00000494    000000c0     INTERRUPTS_PORTF.obj (.text)
                  00000554    0000009c     rtsv7M4_T_le_v4SPD16_eabi.lib : memcpy_t2.obj (.text)
                  000005f0    00000094                                   : auto_init.obj (.text)
                  00000684    00000068     driverlib.lib : interrupt.obj (.text:IntEnable)
                  000006ec    0000005e     rtsv7M4_T_le_v4SPD16_eabi.lib : copy_decompress_rle.obj (.text)
                  0000074a    00000056     driverlib.lib : gpio.obj (.text:GPIOIntTypeSet)
                  000007a0    00000048     rtsv7M4_T_le_v4SPD16_eabi.lib : boot.obj (.text)
                  000007e8    00000044     driverlib.lib : gpio.obj (.text:_GPIOIntNumberGet)
                  0000082c    00000044     rtsv7M4_T_le_v4SPD16_eabi.lib : cpy_tbl.obj (.text)
                  00000870    00000044                                   : exit.obj (.text)
                  000008b4    00000034     driverlib.lib : interrupt.obj (.text:IntRegister)
                  000008e8    00000034                   : sysctl.obj (.text:SysCtlPeripheralEnable)
                  0000091c    0000002a                   : gpio.obj (.text:GPIODirModeSet)
                  00000946    00000018                   : gpio.obj (.text:GPIOIntRegister)
                  0000095e    00000018                   : gpio.obj (.text:GPIOPinTypeGPIOOutput)
                  00000976    00000002     --HOLE-- [fill = 0]
                  00000978    00000018     rtsv7M4_T_le_v4SPD16_eabi.lib : args_main.obj (.text)
                  00000990    00000014                                   : _lock.obj (.text)
                  000009a4    00000012     driverlib.lib : gpio.obj (.text:GPIOPinTypeGPIOInput)
                  000009b6    00000012     rtsv7M4_T_le_v4SPD16_eabi.lib : copy_zero_init.obj (.text:decompress:ZI)
                  000009c8    00000010     driverlib.lib : interrupt.obj (.text:IntMasterEnable)
                  000009d8    0000000e     rtsv7M4_T_le_v4SPD16_eabi.lib : copy_decompress_none.obj (.text:decompress:none)
                  000009e6    0000000c     driverlib.lib : cpu.obj (.text:CPUcpsie)
                  000009f2    0000000c                   : gpio.obj (.text:GPIOIntEnable)
                  000009fe    0000000c     tm4c123gh6pm_startup_ccs.obj (.text)
                  00000a0a    00000006     driverlib.lib : gpio.obj (.text:GPIOIntClear)
                  00000a10    00000006                   : gpio.obj (.text:GPIOPinWrite)
                  00000a16    00000006                   : sysctl.obj (.text:SysCtlDelay)
                  00000a1c    00000006     rtsv7M4_T_le_v4SPD16_eabi.lib : copy_decompress_rle.obj (.text:decompress:rle24)

.const     0    00000a24    00000208     
                  00000a24    000000d8     driverlib.lib : gpio.obj (.const:g_ppui32GPIOIntMapSnowflake)
                  00000afc    000000c0                   : gpio.obj (.const:g_ppui32GPIOIntMapBlizzard)
                  00000bbc    00000070                   : interrupt.obj (.const)

.cinit     0    00000c30    00000038     
                  00000c30    0000000f     (.cinit..data.load) [load image, compression = rle]
                  00000c3f    00000001     --HOLE-- [fill = 0]
                  00000c40    0000000c     (__TI_handler_table)
                  00000c4c    00000004     --HOLE-- [fill = 0]
                  00000c50    00000008     (.cinit..vtable.load) [load image, compression = zero_init]
                  00000c58    00000010     (__TI_cinit_table)

.vtable    0    20000000    0000026c     UNINITIALIZED
                  20000000    0000026c     driverlib.lib : interrupt.obj (.vtable)

.stack     0    2000026c    00000200     UNINITIALIZED
                  2000026c    00000200     --HOLE--

.data      0    2000046c    00000014     UNINITIALIZED
                  2000046c    00000008     rtsv7M4_T_le_v4SPD16_eabi.lib : _lock.obj (.data)
                  20000474    00000008                                   : exit.obj (.data)
                  2000047c    00000004                                   : stkdepth_vars.obj (.data)


LINKER GENERATED COPY TABLES

__TI_cinit_table @ 00000c58 records: 2, size/record: 8, table size: 16
	.data: load addr=00000c30, load size=0000000f bytes, run addr=2000046c, run size=00000014 bytes, compression=rle
	.vtable: load addr=00000c50, load size=00000008 bytes, run addr=20000000, run size=0000026c bytes, compression=zero_init


LINKER GENERATED HANDLER TABLE

__TI_handler_table @ 00000c40 records: 3, size/record: 4, table size: 12
	index: 0, handler: __TI_zero_init
	index: 1, handler: __TI_decompress_rle24
	index: 2, handler: __TI_decompress_none


GLOBAL SYMBOLS: SORTED ALPHABETICALLY BY Name 

address    name
--------   ----
00000871   C$$EXIT
000009e7   CPUcpsie
0000091d   GPIODirModeSet
00000a0b   GPIOIntClear
000009f3   GPIOIntEnable
00000947   GPIOIntRegister
0000074b   GPIOIntTypeSet
0000026d   GPIOPadConfigSet
000009a5   GPIOPinTypeGPIOInput
0000095f   GPIOPinTypeGPIOOutput
00000a11   GPIOPinWrite
00000685   IntEnable
000009c9   IntMasterEnable
000008b5   IntRegister
000009ff   ResetISR
UNDEFED    SHT$$INIT_ARRAY$$Base
UNDEFED    SHT$$INIT_ARRAY$$Limit
000003a1   SysCtlClockSet
00000a17   SysCtlDelay
000008e9   SysCtlPeripheralEnable
2000046c   __STACK_END
00000200   __STACK_SIZE
2000046c   __STACK_TOP
00000c58   __TI_CINIT_Base
00000c68   __TI_CINIT_Limit
00000c40   __TI_Handler_Table_Base
00000c4c   __TI_Handler_Table_Limit
00000001   __TI_args_main
000005f1   __TI_auto_init
20000474   __TI_cleanup_ptr
000009d9   __TI_decompress_none
00000a1d   __TI_decompress_rle24
20000478   __TI_dtors_ptr
00000000   __TI_static_base__
000009b7   __TI_zero_init
00000555   __aeabi_memcpy
00000555   __aeabi_memcpy4
00000555   __aeabi_memcpy8
ffffffff   __binit__
ffffffff   __c_args__
2000026c   __stack
00000979   _args_main
000007a1   _c_int00
2000046c   _lock
0000099f   _nop
00000997   _register_lock
00000991   _register_unlock
20000470   _unlock
00000875   abort
ffffffff   binit
0000082d   copy_in
0000087d   exit
20000000   g_pfnRAMVectors
00000000   g_pfnVectors
000004bb   main
2000047c   main_func_sp
00000555   memcpy
00000495   portfkesmesi


GLOBAL SYMBOLS: SORTED BY Symbol Address 

address    name
--------   ----
00000000   __TI_static_base__
00000000   g_pfnVectors
00000001   __TI_args_main
00000200   __STACK_SIZE
0000026d   GPIOPadConfigSet
000003a1   SysCtlClockSet
00000495   portfkesmesi
000004bb   main
00000555   __aeabi_memcpy
00000555   __aeabi_memcpy4
00000555   __aeabi_memcpy8
00000555   memcpy
000005f1   __TI_auto_init
00000685   IntEnable
0000074b   GPIOIntTypeSet
000007a1   _c_int00
0000082d   copy_in
00000871   C$$EXIT
00000875   abort
0000087d   exit
000008b5   IntRegister
000008e9   SysCtlPeripheralEnable
0000091d   GPIODirModeSet
00000947   GPIOIntRegister
0000095f   GPIOPinTypeGPIOOutput
00000979   _args_main
00000991   _register_unlock
00000997   _register_lock
0000099f   _nop
000009a5   GPIOPinTypeGPIOInput
000009b7   __TI_zero_init
000009c9   IntMasterEnable
000009d9   __TI_decompress_none
000009e7   CPUcpsie
000009f3   GPIOIntEnable
000009ff   ResetISR
00000a0b   GPIOIntClear
00000a11   GPIOPinWrite
00000a17   SysCtlDelay
00000a1d   __TI_decompress_rle24
00000c40   __TI_Handler_Table_Base
00000c4c   __TI_Handler_Table_Limit
00000c58   __TI_CINIT_Base
00000c68   __TI_CINIT_Limit
20000000   g_pfnRAMVectors
2000026c   __stack
2000046c   __STACK_END
2000046c   __STACK_TOP
2000046c   _lock
20000470   _unlock
20000474   __TI_cleanup_ptr
20000478   __TI_dtors_ptr
2000047c   main_func_sp
ffffffff   __binit__
ffffffff   __c_args__
ffffffff   binit
UNDEFED    SHT$$INIT_ARRAY$$Base
UNDEFED    SHT$$INIT_ARRAY$$Limit

[58 symbols]
