******************************************************************************
                  TI ARM Linker PC v5.1.5                      
******************************************************************************
>> Linked Tue Jul 24 18:38:16 2018

OUTPUT FILE NAME:   <LCD FULL.out>
ENTRY POINT SYMBOL: "_c_int00"  address: 00001cb9


MEMORY CONFIGURATION

         name            origin    length      used     unused   attr    fill
----------------------  --------  ---------  --------  --------  ----  --------
  FLASH                 00000000   00040000  000025f6  0003da0a  R  X
  SRAM                  20000000   00008000  000004b8  00007b48  RW X


SEGMENT ALLOCATION MAP

run origin  load origin   length   init length attrs members
----------  ----------- ---------- ----------- ----- -------
00000000    00000000    000025f8   000025f8    r-x
  00000000    00000000    0000026c   0000026c    r-- .intvecs
  0000026c    0000026c    00001f16   00001f16    r-x .text
  00002184    00002184    00000424   00000424    r-- .const
  000025a8    000025a8    00000050   00000050    r-- .cinit
20000000    20000000    000004b8   00000000    rw-
  20000000    20000000    0000026c   00000000    rw- .vtable
  2000026c    2000026c    00000200   00000000    rw- .stack
  2000046c    2000046c    00000030   00000000    rw- .data
  2000049c    2000049c    0000001c   00000000    rw- .bss


SECTION ALLOCATION MAP

 output                                  attributes/
section   page    origin      length       input sections
--------  ----  ----------  ----------   ----------------
.intvecs   0    00000000    0000026c     
                  00000000    0000026c     tm4c123gh6pm_startup_ccs.obj (.intvecs)

.init_array 
*          0    00000000    00000000     UNINITIALIZED

.text      0    0000026c    00001f16     
                  0000026c    00000f90     HASLCD.obj (.text)
                  000011fc    00000136     rtsv7M4_T_le_v4SPD16_eabi.lib : fd_div_t2.obj (.text)
                  00001332    00000132     driverlib.lib : gpio.obj (.text:GPIOPadConfigSet)
                  00001464    00000110                   : sysctl.obj (.text:SysCtlClockGet)
                  00001574    000000fc     rtsv7M4_T_le_v4SPD16_eabi.lib : fd_mul_t2.obj (.text)
                  00001670    000000f4     driverlib.lib : sysctl.obj (.text:SysCtlClockSet)
                  00001764    0000009c     rtsv7M4_T_le_v4SPD16_eabi.lib : memcpy_t2.obj (.text)
                  00001800    00000094                                   : auto_init.obj (.text)
                  00001894    0000007a     driverlib.lib : adc.obj (.text:ADCSequenceStepConfigure)
                  0000190e    00000002     --HOLE-- [fill = 0]
                  00001910    00000068                   : interrupt.obj (.text:IntEnable)
                  00001978    00000060                   : timer.obj (.text:TimerConfigure)
                  000019d8    0000005e     rtsv7M4_T_le_v4SPD16_eabi.lib : copy_decompress_rle.obj (.text)
                  00001a36    00000002     --HOLE-- [fill = 0]
                  00001a38    00000058     driverlib.lib : timer.obj (.text:TimerControlTrigger)
                  00001a90    00000056                   : gpio.obj (.text:GPIOIntTypeSet)
                  00001ae6    00000050                   : adc.obj (.text:ADCSequenceConfigure)
                  00001b36    00000002     --HOLE-- [fill = 0]
                  00001b38    00000050                   : sysctl.obj (.text:SysCtlPeripheralReset)
                  00001b88    00000050                   : adc.obj (.text:_ADCIntNumberGet)
                  00001bd8    0000004c                   : timer.obj (.text:_TimerIntNumberGet)
                  00001c24    0000004a     rtsv7M4_T_le_v4SPD16_eabi.lib : fd_tos_t2.obj (.text)
                  00001c6e    00000002     --HOLE-- [fill = 0]
                  00001c70    00000048     driverlib.lib : gpio.obj (.text:GPIOPinConfigure)
                  00001cb8    00000048     rtsv7M4_T_le_v4SPD16_eabi.lib : boot.obj (.text)
                  00001d00    00000046     driverlib.lib : uart.obj (.text:UARTConfigSetExpClk)
                  00001d46    00000002     --HOLE-- [fill = 0]
                  00001d48    00000044                   : gpio.obj (.text:_GPIOIntNumberGet)
                  00001d8c    00000044     rtsv7M4_T_le_v4SPD16_eabi.lib : cpy_tbl.obj (.text)
                  00001dd0    00000044                                   : exit.obj (.text)
                  00001e14    00000040     driverlib.lib : uart.obj (.text:_UARTIntNumberGet)
                  00001e54    00000034                   : interrupt.obj (.text:IntRegister)
                  00001e88    00000034                   : sysctl.obj (.text:SysCtlPeripheralEnable)
                  00001ebc    0000002a                   : gpio.obj (.text:GPIODirModeSet)
                  00001ee6    00000002     --HOLE-- [fill = 0]
                  00001ee8    00000024     main.obj (.text)
                  00001f0c    00000020     driverlib.lib : uart.obj (.text:UARTDisable)
                  00001f2c    00000020     rtsv7M4_T_le_v4SPD16_eabi.lib : u_tofd_t2.obj (.text)
                  00001f4c    0000001e     driverlib.lib : adc.obj (.text:ADCSequenceDataGet)
                  00001f6a    00000018                   : adc.obj (.text:ADCIntRegister)
                  00001f82    00000018                   : adc.obj (.text:ADCProcessorTrigger)
                  00001f9a    00000018                   : gpio.obj (.text:GPIOIntRegister)
                  00001fb2    00000018                   : gpio.obj (.text:GPIOPinTypeGPIOOutput)
                  00001fca    00000018                   : timer.obj (.text:TimerIntRegister)
                  00001fe2    00000018                   : uart.obj (.text:UARTIntRegister)
                  00001ffa    00000002     --HOLE-- [fill = 0]
                  00001ffc    00000018     rtsv7M4_T_le_v4SPD16_eabi.lib : args_main.obj (.text)
                  00002014    00000014     driverlib.lib : uart.obj (.text:UARTEnable)
                  00002028    00000014     rtsv7M4_T_le_v4SPD16_eabi.lib : _lock.obj (.text)
                  0000203c    00000012     driverlib.lib : gpio.obj (.text:GPIOPinTypeADC)
                  0000204e    00000012                   : gpio.obj (.text:GPIOPinTypeGPIOInput)
                  00002060    00000012                   : gpio.obj (.text:GPIOPinTypeUART)
                  00002072    00000012                   : timer.obj (.text:TimerLoadSet)
                  00002084    00000012     rtsv7M4_T_le_v4SPD16_eabi.lib : copy_zero_init.obj (.text:decompress:ZI)
                  00002096    00000010     driverlib.lib : adc.obj (.text:ADCIntEnable)
                  000020a6    00000010                   : interrupt.obj (.text:IntMasterEnable)
                  000020b6    0000000e                   : adc.obj (.text:ADCSequenceDisable)
                  000020c4    0000000e                   : adc.obj (.text:ADCSequenceEnable)
                  000020d2    0000000e                   : timer.obj (.text:TimerEnable)
                  000020e0    0000000e                   : uart.obj (.text:UARTCharGetNonBlocking)
                  000020ee    0000000e                   : uart.obj (.text:UARTCharsAvail)
                  000020fc    0000000e     rtsv7M4_T_le_v4SPD16_eabi.lib : copy_decompress_none.obj (.text:decompress:none)
                  0000210a    0000000c     driverlib.lib : cpu.obj (.text:CPUcpsie)
                  00002116    0000000c                   : gpio.obj (.text:GPIOIntEnable)
                  00002122    0000000c     tm4c123gh6pm_startup_ccs.obj (.text)
                  0000212e    0000000a     driverlib.lib : adc.obj (.text:ADCIntClear)
                  00002138    0000000a                   : uart.obj (.text:UARTCharPut)
                  00002142    0000000a                   : uart.obj (.text:UARTIntStatus)
                  0000214c    00000008                   : timer.obj (.text:TimerIntEnable)
                  00002154    00000008                   : uart.obj (.text:UARTIntEnable)
                  0000215c    00000006                   : gpio.obj (.text:GPIOIntClear)
                  00002162    00000006                   : gpio.obj (.text:GPIOPinRead)
                  00002168    00000006                   : gpio.obj (.text:GPIOPinWrite)
                  0000216e    00000006                   : sysctl.obj (.text:SysCtlDelay)
                  00002174    00000006     rtsv7M4_T_le_v4SPD16_eabi.lib : copy_decompress_rle.obj (.text:decompress:rle24)
                  0000217a    00000004     driverlib.lib : timer.obj (.text:TimerIntClear)
                  0000217e    00000004                   : uart.obj (.text:UARTIntClear)

.const     0    00002184    00000424     
                  00002184    000000d8     driverlib.lib : gpio.obj (.const:g_ppui32GPIOIntMapSnowflake)
                  0000225c    000000c0                   : gpio.obj (.const:g_ppui32GPIOIntMapBlizzard)
                  0000231c    00000090                   : gpio.obj (.const:g_pui32GPIOBaseAddrs)
                  000023ac    00000070                   : interrupt.obj (.const)
                  0000241c    0000006c                   : sysctl.obj (.const:g_pui32Xtals)
                  00002488    00000060                   : timer.obj (.const:g_ppui32TimerIntMap)
                  000024e8    00000040                   : timer.obj (.const:g_ppui32TimerIntMapSnowflake)
                  00002528    00000040                   : uart.obj (.const:g_ppui32UARTIntMap)
                  00002568    00000040                   : uart.obj (.const:g_ppui32UARTIntMapSnowflake)

.cinit     0    000025a8    00000050     
                  000025a8    00000016     (.cinit..data.load) [load image, compression = rle]
                  000025be    00000002     --HOLE-- [fill = 0]
                  000025c0    0000000c     (__TI_handler_table)
                  000025cc    00000004     --HOLE-- [fill = 0]
                  000025d0    00000008     (.cinit..bss.load) [load image, compression = zero_init]
                  000025d8    00000008     (.cinit..vtable.load) [load image, compression = zero_init]
                  000025e0    00000018     (__TI_cinit_table)

.vtable    0    20000000    0000026c     UNINITIALIZED
                  20000000    0000026c     driverlib.lib : interrupt.obj (.vtable)

.stack     0    2000026c    00000200     UNINITIALIZED
                  2000026c    00000200     --HOLE--

.data      0    2000046c    00000030     UNINITIALIZED
                  2000046c    0000001c     HASLCD.obj (.data)
                  20000488    00000008     rtsv7M4_T_le_v4SPD16_eabi.lib : _lock.obj (.data)
                  20000490    00000008                                   : exit.obj (.data)
                  20000498    00000004                                   : stkdepth_vars.obj (.data)

.bss       0    2000049c    0000001c     UNINITIALIZED
                  2000049c    00000014     (.common:Portsaat)
                  200004b0    00000008     (.common:bas)


LINKER GENERATED COPY TABLES

__TI_cinit_table @ 000025e0 records: 3, size/record: 8, table size: 24
	.data: load addr=000025a8, load size=00000016 bytes, run addr=2000046c, run size=00000030 bytes, compression=rle
	.bss: load addr=000025d0, load size=00000008 bytes, run addr=2000049c, run size=0000001c bytes, compression=zero_init
	.vtable: load addr=000025d8, load size=00000008 bytes, run addr=20000000, run size=0000026c bytes, compression=zero_init


LINKER GENERATED HANDLER TABLE

__TI_handler_table @ 000025c0 records: 3, size/record: 4, table size: 12
	index: 0, handler: __TI_zero_init
	index: 1, handler: __TI_decompress_rle24
	index: 2, handler: __TI_decompress_none


GLOBAL SYMBOLS: SORTED ALPHABETICALLY BY Name 

address    name
--------   ----
0000212f   ADCIntClear
00002097   ADCIntEnable
00001f6b   ADCIntRegister
00001f83   ADCProcessorTrigger
00001ae7   ADCSequenceConfigure
00001f4d   ADCSequenceDataGet
000020b7   ADCSequenceDisable
000020c5   ADCSequenceEnable
00001895   ADCSequenceStepConfigure
00001dd1   C$$EXIT
0000210b   CPUcpsie
00001ebd   GPIODirModeSet
0000215d   GPIOIntClear
00002117   GPIOIntEnable
00001f9b   GPIOIntRegister
00001a91   GPIOIntTypeSet
00001333   GPIOPadConfigSet
00001c71   GPIOPinConfigure
00002163   GPIOPinRead
0000203d   GPIOPinTypeADC
0000204f   GPIOPinTypeGPIOInput
00001fb3   GPIOPinTypeGPIOOutput
00002061   GPIOPinTypeUART
00002169   GPIOPinWrite
00000c69   INTTemp
0000079d   INTTempSERI
00000a45   INT_chrono_Temp
0000033f   INTosil
00001911   IntEnable
000020a7   IntMasterEnable
00001e55   IntRegister
2000049c   Portsaat
00002123   ResetISR
UNDEFED    SHT$$INIT_ARRAY$$Base
UNDEFED    SHT$$INIT_ARRAY$$Limit
00001465   SysCtlClockGet
00001671   SysCtlClockSet
0000216f   SysCtlDelay
00001e89   SysCtlPeripheralEnable
00001b39   SysCtlPeripheralReset
00000679   Timer0K
00001979   TimerConfigure
00001a39   TimerControlTrigger
000020d3   TimerEnable
0000217b   TimerIntClear
0000214d   TimerIntEnable
00001fcb   TimerIntRegister
00002073   TimerLoadSet
000020e1   UARTCharGetNonBlocking
00002139   UARTCharPut
000020ef   UARTCharsAvail
00001d01   UARTConfigSetExpClk
00001f0d   UARTDisable
00002015   UARTEnable
0000217f   UARTIntClear
00002155   UARTIntEnable
00001fe3   UARTIntRegister
00002143   UARTIntStatus
2000046c   __STACK_END
00000200   __STACK_SIZE
2000046c   __STACK_TOP
000025e0   __TI_CINIT_Base
000025f8   __TI_CINIT_Limit
000025c0   __TI_Handler_Table_Base
000025cc   __TI_Handler_Table_Limit
00000001   __TI_args_main
00001801   __TI_auto_init
20000490   __TI_cleanup_ptr
000020fd   __TI_decompress_none
00002175   __TI_decompress_rle24
20000494   __TI_dtors_ptr
00000000   __TI_static_base__
00002085   __TI_zero_init
00001c25   __aeabi_d2f
000011fd   __aeabi_ddiv
00001575   __aeabi_dmul
00001765   __aeabi_memcpy
00001765   __aeabi_memcpy4
00001765   __aeabi_memcpy8
00001f2d   __aeabi_ui2d
ffffffff   __binit__
ffffffff   __c_args__
2000026c   __stack
00001ffd   _args_main
00001cb9   _c_int00
20000488   _lock
00002037   _nop
0000202f   _register_lock
00002029   _register_unlock
2000048c   _unlock
00001dd5   abort
200004b0   bas
ffffffff   binit
00001d8d   copy_in
20000474   da_sa
20000478   dakika
20000484   delay
00001ddd   exit
20000000   g_pfnRAMVectors
00000000   g_pfnVectors
0000088d   has_Temp_SerialPort
00000d53   has_Templcd
000010fd   has_lcd_4bitsetup
000005a5   has_lcd_chronometer
0000093d   has_lcd_chronometre_Temp
00000f31   has_lcd_erase
000010a3   has_lcd_position
00000f89   has_lcd_sendchar
0000101d   has_lcd_sendcommand
00000e3d   has_lcd_switchwrite
00000f43   has_lcd_write
0000026d   has_osil
00000437   has_serialPort_Clock_and_string_write
00001ee9   main
20000498   main_func_sp
00001765   memcpy
20000470   saat
2000047c   saniye
2000046c   sayac
000004a1   serikesme
20000480   t


GLOBAL SYMBOLS: SORTED BY Symbol Address 

address    name
--------   ----
00000000   __TI_static_base__
00000000   g_pfnVectors
00000001   __TI_args_main
00000200   __STACK_SIZE
0000026d   has_osil
0000033f   INTosil
00000437   has_serialPort_Clock_and_string_write
000004a1   serikesme
000005a5   has_lcd_chronometer
00000679   Timer0K
0000079d   INTTempSERI
0000088d   has_Temp_SerialPort
0000093d   has_lcd_chronometre_Temp
00000a45   INT_chrono_Temp
00000c69   INTTemp
00000d53   has_Templcd
00000e3d   has_lcd_switchwrite
00000f31   has_lcd_erase
00000f43   has_lcd_write
00000f89   has_lcd_sendchar
0000101d   has_lcd_sendcommand
000010a3   has_lcd_position
000010fd   has_lcd_4bitsetup
000011fd   __aeabi_ddiv
00001333   GPIOPadConfigSet
00001465   SysCtlClockGet
00001575   __aeabi_dmul
00001671   SysCtlClockSet
00001765   __aeabi_memcpy
00001765   __aeabi_memcpy4
00001765   __aeabi_memcpy8
00001765   memcpy
00001801   __TI_auto_init
00001895   ADCSequenceStepConfigure
00001911   IntEnable
00001979   TimerConfigure
00001a39   TimerControlTrigger
00001a91   GPIOIntTypeSet
00001ae7   ADCSequenceConfigure
00001b39   SysCtlPeripheralReset
00001c25   __aeabi_d2f
00001c71   GPIOPinConfigure
00001cb9   _c_int00
00001d01   UARTConfigSetExpClk
00001d8d   copy_in
00001dd1   C$$EXIT
00001dd5   abort
00001ddd   exit
00001e55   IntRegister
00001e89   SysCtlPeripheralEnable
00001ebd   GPIODirModeSet
00001ee9   main
00001f0d   UARTDisable
00001f2d   __aeabi_ui2d
00001f4d   ADCSequenceDataGet
00001f6b   ADCIntRegister
00001f83   ADCProcessorTrigger
00001f9b   GPIOIntRegister
00001fb3   GPIOPinTypeGPIOOutput
00001fcb   TimerIntRegister
00001fe3   UARTIntRegister
00001ffd   _args_main
00002015   UARTEnable
00002029   _register_unlock
0000202f   _register_lock
00002037   _nop
0000203d   GPIOPinTypeADC
0000204f   GPIOPinTypeGPIOInput
00002061   GPIOPinTypeUART
00002073   TimerLoadSet
00002085   __TI_zero_init
00002097   ADCIntEnable
000020a7   IntMasterEnable
000020b7   ADCSequenceDisable
000020c5   ADCSequenceEnable
000020d3   TimerEnable
000020e1   UARTCharGetNonBlocking
000020ef   UARTCharsAvail
000020fd   __TI_decompress_none
0000210b   CPUcpsie
00002117   GPIOIntEnable
00002123   ResetISR
0000212f   ADCIntClear
00002139   UARTCharPut
00002143   UARTIntStatus
0000214d   TimerIntEnable
00002155   UARTIntEnable
0000215d   GPIOIntClear
00002163   GPIOPinRead
00002169   GPIOPinWrite
0000216f   SysCtlDelay
00002175   __TI_decompress_rle24
0000217b   TimerIntClear
0000217f   UARTIntClear
000025c0   __TI_Handler_Table_Base
000025cc   __TI_Handler_Table_Limit
000025e0   __TI_CINIT_Base
000025f8   __TI_CINIT_Limit
20000000   g_pfnRAMVectors
2000026c   __stack
2000046c   __STACK_END
2000046c   __STACK_TOP
2000046c   sayac
20000470   saat
20000474   da_sa
20000478   dakika
2000047c   saniye
20000480   t
20000484   delay
20000488   _lock
2000048c   _unlock
20000490   __TI_cleanup_ptr
20000494   __TI_dtors_ptr
20000498   main_func_sp
2000049c   Portsaat
200004b0   bas
ffffffff   __binit__
ffffffff   __c_args__
ffffffff   binit
UNDEFED    SHT$$INIT_ARRAY$$Base
UNDEFED    SHT$$INIT_ARRAY$$Limit

[121 symbols]
