<?xml version="1.0"?>
<link_info>
   <banner>TI ARM Linker PC v5.1.5</banner>
   <copyright>Copyright (c) 1996-2014 Texas Instruments Incorporated</copyright>
   <link_time>0x5b5747e8</link_time>
   <link_errors>0x0</link_errors>
   <output_file>LCD FULL.out</output_file>
   <entry_point>
      <name>_c_int00</name>
      <address>0x1cb9</address>
   </entry_point>
   <input_file_list>
      <input_file id="fl-2">
         <path>.\</path>
         <kind>object</kind>
         <file>tm4c123gh6pm_startup_ccs.obj</file>
         <name>tm4c123gh6pm_startup_ccs.obj</name>
      </input_file>
      <input_file id="fl-3">
         <path>.\</path>
         <kind>object</kind>
         <file>main.obj</file>
         <name>main.obj</name>
      </input_file>
      <input_file id="fl-4">
         <path>.\</path>
         <kind>object</kind>
         <file>HASLCD.obj</file>
         <name>HASLCD.obj</name>
      </input_file>
      <input_file id="fl-132">
         <path>c:\ti\ccsv6\tools\compiler\arm_5.1.5\lib\</path>
         <kind>archive</kind>
         <file>rtsv7M4_T_le_v4SPD16_eabi.lib</file>
         <name>boot.obj</name>
      </input_file>
      <input_file id="fl-133">
         <path>c:\ti\ccsv6\tools\compiler\arm_5.1.5\lib\</path>
         <kind>archive</kind>
         <file>rtsv7M4_T_le_v4SPD16_eabi.lib</file>
         <name>copy_decompress_none.obj</name>
      </input_file>
      <input_file id="fl-134">
         <path>c:\ti\ccsv6\tools\compiler\arm_5.1.5\lib\</path>
         <kind>archive</kind>
         <file>rtsv7M4_T_le_v4SPD16_eabi.lib</file>
         <name>copy_decompress_rle.obj</name>
      </input_file>
      <input_file id="fl-135">
         <path>c:\ti\ccsv6\tools\compiler\arm_5.1.5\lib\</path>
         <kind>archive</kind>
         <file>rtsv7M4_T_le_v4SPD16_eabi.lib</file>
         <name>copy_zero_init.obj</name>
      </input_file>
      <input_file id="fl-136">
         <path>c:\ti\ccsv6\tools\compiler\arm_5.1.5\lib\</path>
         <kind>archive</kind>
         <file>rtsv7M4_T_le_v4SPD16_eabi.lib</file>
         <name>exit.obj</name>
      </input_file>
      <input_file id="fl-137">
         <path>c:\ti\ccsv6\tools\compiler\arm_5.1.5\lib\</path>
         <kind>archive</kind>
         <file>rtsv7M4_T_le_v4SPD16_eabi.lib</file>
         <name>fd_div_t2.obj</name>
      </input_file>
      <input_file id="fl-138">
         <path>c:\ti\ccsv6\tools\compiler\arm_5.1.5\lib\</path>
         <kind>archive</kind>
         <file>rtsv7M4_T_le_v4SPD16_eabi.lib</file>
         <name>fd_mul_t2.obj</name>
      </input_file>
      <input_file id="fl-139">
         <path>c:\ti\ccsv6\tools\compiler\arm_5.1.5\lib\</path>
         <kind>archive</kind>
         <file>rtsv7M4_T_le_v4SPD16_eabi.lib</file>
         <name>fd_tos_t2.obj</name>
      </input_file>
      <input_file id="fl-13a">
         <path>c:\ti\ccsv6\tools\compiler\arm_5.1.5\lib\</path>
         <kind>archive</kind>
         <file>rtsv7M4_T_le_v4SPD16_eabi.lib</file>
         <name>memcpy_t2.obj</name>
      </input_file>
      <input_file id="fl-13b">
         <path>c:\ti\ccsv6\tools\compiler\arm_5.1.5\lib\</path>
         <kind>archive</kind>
         <file>rtsv7M4_T_le_v4SPD16_eabi.lib</file>
         <name>stkdepth_vars.obj</name>
      </input_file>
      <input_file id="fl-13c">
         <path>c:\ti\ccsv6\tools\compiler\arm_5.1.5\lib\</path>
         <kind>archive</kind>
         <file>rtsv7M4_T_le_v4SPD16_eabi.lib</file>
         <name>u_tofd_t2.obj</name>
      </input_file>
      <input_file id="fl-13d">
         <path>c:\ti\ccsv6\tools\compiler\arm_5.1.5\lib\</path>
         <kind>archive</kind>
         <file>rtsv7M4_T_le_v4SPD16_eabi.lib</file>
         <name>_lock.obj</name>
      </input_file>
      <input_file id="fl-13e">
         <path>c:\ti\ccsv6\tools\compiler\arm_5.1.5\lib\</path>
         <kind>archive</kind>
         <file>rtsv7M4_T_le_v4SPD16_eabi.lib</file>
         <name>args_main.obj</name>
      </input_file>
      <input_file id="fl-13f">
         <path>c:\ti\ccsv6\tools\compiler\arm_5.1.5\lib\</path>
         <kind>archive</kind>
         <file>rtsv7M4_T_le_v4SPD16_eabi.lib</file>
         <name>auto_init.obj</name>
      </input_file>
      <input_file id="fl-140">
         <path>c:\ti\ccsv6\tools\compiler\arm_5.1.5\lib\</path>
         <kind>archive</kind>
         <file>rtsv7M4_T_le_v4SPD16_eabi.lib</file>
         <name>cpy_tbl.obj</name>
      </input_file>
      <input_file id="fl-141">
         <path>C:\ti\TivaWare_C_Series-2.1.4.178\driverlib\ccs\Debug\</path>
         <kind>archive</kind>
         <file>driverlib.lib</file>
         <name>adc.obj</name>
      </input_file>
      <input_file id="fl-142">
         <path>C:\ti\TivaWare_C_Series-2.1.4.178\driverlib\ccs\Debug\</path>
         <kind>archive</kind>
         <file>driverlib.lib</file>
         <name>gpio.obj</name>
      </input_file>
      <input_file id="fl-143">
         <path>C:\ti\TivaWare_C_Series-2.1.4.178\driverlib\ccs\Debug\</path>
         <kind>archive</kind>
         <file>driverlib.lib</file>
         <name>interrupt.obj</name>
      </input_file>
      <input_file id="fl-144">
         <path>C:\ti\TivaWare_C_Series-2.1.4.178\driverlib\ccs\Debug\</path>
         <kind>archive</kind>
         <file>driverlib.lib</file>
         <name>sysctl.obj</name>
      </input_file>
      <input_file id="fl-145">
         <path>C:\ti\TivaWare_C_Series-2.1.4.178\driverlib\ccs\Debug\</path>
         <kind>archive</kind>
         <file>driverlib.lib</file>
         <name>timer.obj</name>
      </input_file>
      <input_file id="fl-146">
         <path>C:\ti\TivaWare_C_Series-2.1.4.178\driverlib\ccs\Debug\</path>
         <kind>archive</kind>
         <file>driverlib.lib</file>
         <name>uart.obj</name>
      </input_file>
      <input_file id="fl-147">
         <path>C:\ti\TivaWare_C_Series-2.1.4.178\driverlib\ccs\Debug\</path>
         <kind>archive</kind>
         <file>driverlib.lib</file>
         <name>cpu.obj</name>
      </input_file>
   </input_file_list>
   <object_component_list>
      <object_component id="oc-e">
         <name>.intvecs</name>
         <load_address>0x0</load_address>
         <run_address>0x0</run_address>
         <size>0x26c</size>
         <input_file_ref idref="fl-2"/>
      </object_component>
      <object_component id="oc-96">
         <name>.text</name>
         <load_address>0x26c</load_address>
         <run_address>0x26c</run_address>
         <size>0xf90</size>
         <input_file_ref idref="fl-4"/>
      </object_component>
      <object_component id="oc-120">
         <name>.text</name>
         <load_address>0x11fc</load_address>
         <run_address>0x11fc</run_address>
         <size>0x136</size>
         <input_file_ref idref="fl-137"/>
      </object_component>
      <object_component id="oc-182">
         <name>.text:GPIOPadConfigSet</name>
         <load_address>0x1332</load_address>
         <run_address>0x1332</run_address>
         <size>0x132</size>
         <input_file_ref idref="fl-142"/>
      </object_component>
      <object_component id="oc-f5">
         <name>.text:SysCtlClockGet</name>
         <load_address>0x1464</load_address>
         <run_address>0x1464</run_address>
         <size>0x110</size>
         <input_file_ref idref="fl-144"/>
      </object_component>
      <object_component id="oc-11c">
         <name>.text</name>
         <load_address>0x1574</load_address>
         <run_address>0x1574</run_address>
         <size>0xfc</size>
         <input_file_ref idref="fl-138"/>
      </object_component>
      <object_component id="oc-91">
         <name>.text:SysCtlClockSet</name>
         <load_address>0x1670</load_address>
         <run_address>0x1670</run_address>
         <size>0xf4</size>
         <input_file_ref idref="fl-144"/>
      </object_component>
      <object_component id="oc-3d">
         <name>.text</name>
         <load_address>0x1764</load_address>
         <run_address>0x1764</run_address>
         <size>0x9c</size>
         <input_file_ref idref="fl-13a"/>
      </object_component>
      <object_component id="oc-2c">
         <name>.text</name>
         <load_address>0x1800</load_address>
         <run_address>0x1800</run_address>
         <size>0x94</size>
         <input_file_ref idref="fl-13f"/>
      </object_component>
      <object_component id="oc-cd">
         <name>.text:ADCSequenceStepConfigure</name>
         <load_address>0x1894</load_address>
         <run_address>0x1894</run_address>
         <size>0x7a</size>
         <input_file_ref idref="fl-141"/>
      </object_component>
      <object_component id="oc-ff">
         <name>.text:IntEnable</name>
         <load_address>0x1910</load_address>
         <run_address>0x1910</run_address>
         <size>0x68</size>
         <input_file_ref idref="fl-143"/>
      </object_component>
      <object_component id="oc-14b">
         <name>.text:TimerConfigure</name>
         <load_address>0x1978</load_address>
         <run_address>0x1978</run_address>
         <size>0x60</size>
         <input_file_ref idref="fl-145"/>
      </object_component>
      <object_component id="oc-4f">
         <name>.text</name>
         <load_address>0x19d8</load_address>
         <run_address>0x19d8</run_address>
         <size>0x5e</size>
         <input_file_ref idref="fl-134"/>
      </object_component>
      <object_component id="oc-16f">
         <name>.text:TimerControlTrigger</name>
         <load_address>0x1a38</load_address>
         <run_address>0x1a38</run_address>
         <size>0x58</size>
         <input_file_ref idref="fl-145"/>
      </object_component>
      <object_component id="oc-18c">
         <name>.text:GPIOIntTypeSet</name>
         <load_address>0x1a90</load_address>
         <run_address>0x1a90</run_address>
         <size>0x56</size>
         <input_file_ref idref="fl-142"/>
      </object_component>
      <object_component id="oc-c8">
         <name>.text:ADCSequenceConfigure</name>
         <load_address>0x1ae6</load_address>
         <run_address>0x1ae6</run_address>
         <size>0x50</size>
         <input_file_ref idref="fl-141"/>
      </object_component>
      <object_component id="oc-be">
         <name>.text:SysCtlPeripheralReset</name>
         <load_address>0x1b38</load_address>
         <run_address>0x1b38</run_address>
         <size>0x50</size>
         <input_file_ref idref="fl-144"/>
      </object_component>
      <object_component id="oc-1c2">
         <name>.text:_ADCIntNumberGet</name>
         <load_address>0x1b88</load_address>
         <run_address>0x1b88</run_address>
         <size>0x50</size>
         <input_file_ref idref="fl-141"/>
      </object_component>
      <object_component id="oc-204">
         <name>.text:_TimerIntNumberGet</name>
         <load_address>0x1bd8</load_address>
         <run_address>0x1bd8</run_address>
         <size>0x4c</size>
         <input_file_ref idref="fl-145"/>
      </object_component>
      <object_component id="oc-124">
         <name>.text</name>
         <load_address>0x1c24</load_address>
         <run_address>0x1c24</run_address>
         <size>0x4a</size>
         <input_file_ref idref="fl-139"/>
      </object_component>
      <object_component id="oc-eb">
         <name>.text:GPIOPinConfigure</name>
         <load_address>0x1c70</load_address>
         <run_address>0x1c70</run_address>
         <size>0x48</size>
         <input_file_ref idref="fl-142"/>
      </object_component>
      <object_component id="oc-10">
         <name>.text</name>
         <load_address>0x1cb8</load_address>
         <run_address>0x1cb8</run_address>
         <size>0x48</size>
         <input_file_ref idref="fl-132"/>
      </object_component>
      <object_component id="oc-fa">
         <name>.text:UARTConfigSetExpClk</name>
         <load_address>0x1d00</load_address>
         <run_address>0x1d00</run_address>
         <size>0x46</size>
         <input_file_ref idref="fl-146"/>
      </object_component>
      <object_component id="oc-21a">
         <name>.text:_GPIOIntNumberGet</name>
         <load_address>0x1d48</load_address>
         <run_address>0x1d48</run_address>
         <size>0x44</size>
         <input_file_ref idref="fl-142"/>
      </object_component>
      <object_component id="oc-63">
         <name>.text</name>
         <load_address>0x1d8c</load_address>
         <run_address>0x1d8c</run_address>
         <size>0x44</size>
         <input_file_ref idref="fl-140"/>
      </object_component>
      <object_component id="oc-35">
         <name>.text</name>
         <load_address>0x1dd0</load_address>
         <run_address>0x1dd0</run_address>
         <size>0x44</size>
         <input_file_ref idref="fl-136"/>
      </object_component>
      <object_component id="oc-1f6">
         <name>.text:_UARTIntNumberGet</name>
         <load_address>0x1e14</load_address>
         <run_address>0x1e14</run_address>
         <size>0x40</size>
         <input_file_ref idref="fl-146"/>
      </object_component>
      <object_component id="oc-1c7">
         <name>.text:IntRegister</name>
         <load_address>0x1e54</load_address>
         <run_address>0x1e54</run_address>
         <size>0x34</size>
         <input_file_ref idref="fl-143"/>
      </object_component>
      <object_component id="oc-b9">
         <name>.text:SysCtlPeripheralEnable</name>
         <load_address>0x1e88</load_address>
         <run_address>0x1e88</run_address>
         <size>0x34</size>
         <input_file_ref idref="fl-144"/>
      </object_component>
      <object_component id="oc-1bc">
         <name>.text:GPIODirModeSet</name>
         <load_address>0x1ebc</load_address>
         <run_address>0x1ebc</run_address>
         <size>0x2a</size>
         <input_file_ref idref="fl-142"/>
      </object_component>
      <object_component id="oc-69">
         <name>.text</name>
         <load_address>0x1ee8</load_address>
         <run_address>0x1ee8</run_address>
         <size>0x24</size>
         <input_file_ref idref="fl-3"/>
      </object_component>
      <object_component id="oc-1d8">
         <name>.text:UARTDisable</name>
         <load_address>0x1f0c</load_address>
         <run_address>0x1f0c</run_address>
         <size>0x20</size>
         <input_file_ref idref="fl-146"/>
      </object_component>
      <object_component id="oc-118">
         <name>.text</name>
         <load_address>0x1f2c</load_address>
         <run_address>0x1f2c</run_address>
         <size>0x20</size>
         <input_file_ref idref="fl-13c"/>
      </object_component>
      <object_component id="oc-113">
         <name>.text:ADCSequenceDataGet</name>
         <load_address>0x1f4c</load_address>
         <run_address>0x1f4c</run_address>
         <size>0x1e</size>
         <input_file_ref idref="fl-141"/>
      </object_component>
      <object_component id="oc-d7">
         <name>.text:ADCIntRegister</name>
         <load_address>0x1f6a</load_address>
         <run_address>0x1f6a</run_address>
         <size>0x18</size>
         <input_file_ref idref="fl-141"/>
      </object_component>
      <object_component id="oc-109">
         <name>.text:ADCProcessorTrigger</name>
         <load_address>0x1f82</load_address>
         <run_address>0x1f82</run_address>
         <size>0x18</size>
         <input_file_ref idref="fl-141"/>
      </object_component>
      <object_component id="oc-187">
         <name>.text:GPIOIntRegister</name>
         <load_address>0x1f9a</load_address>
         <run_address>0x1f9a</run_address>
         <size>0x18</size>
         <input_file_ref idref="fl-142"/>
      </object_component>
      <object_component id="oc-e6">
         <name>.text:GPIOPinTypeGPIOOutput</name>
         <load_address>0x1fb2</load_address>
         <run_address>0x1fb2</run_address>
         <size>0x18</size>
         <input_file_ref idref="fl-142"/>
      </object_component>
      <object_component id="oc-155">
         <name>.text:TimerIntRegister</name>
         <load_address>0x1fca</load_address>
         <run_address>0x1fca</run_address>
         <size>0x18</size>
         <input_file_ref idref="fl-145"/>
      </object_component>
      <object_component id="oc-12d">
         <name>.text:UARTIntRegister</name>
         <load_address>0x1fe2</load_address>
         <run_address>0x1fe2</run_address>
         <size>0x18</size>
         <input_file_ref idref="fl-146"/>
      </object_component>
      <object_component id="oc-30">
         <name>.text</name>
         <load_address>0x1ffc</load_address>
         <run_address>0x1ffc</run_address>
         <size>0x18</size>
         <input_file_ref idref="fl-13e"/>
      </object_component>
      <object_component id="oc-1dd">
         <name>.text:UARTEnable</name>
         <load_address>0x2014</load_address>
         <run_address>0x2014</run_address>
         <size>0x14</size>
         <input_file_ref idref="fl-146"/>
      </object_component>
      <object_component id="oc-a3">
         <name>.text</name>
         <load_address>0x2028</load_address>
         <run_address>0x2028</run_address>
         <size>0x14</size>
         <input_file_ref idref="fl-13d"/>
      </object_component>
      <object_component id="oc-d2">
         <name>.text:GPIOPinTypeADC</name>
         <load_address>0x203c</load_address>
         <run_address>0x203c</run_address>
         <size>0x12</size>
         <input_file_ref idref="fl-142"/>
      </object_component>
      <object_component id="oc-17d">
         <name>.text:GPIOPinTypeGPIOInput</name>
         <load_address>0x204e</load_address>
         <run_address>0x204e</run_address>
         <size>0x12</size>
         <input_file_ref idref="fl-142"/>
      </object_component>
      <object_component id="oc-f0">
         <name>.text:GPIOPinTypeUART</name>
         <load_address>0x2060</load_address>
         <run_address>0x2060</run_address>
         <size>0x12</size>
         <input_file_ref idref="fl-142"/>
      </object_component>
      <object_component id="oc-150">
         <name>.text:TimerLoadSet</name>
         <load_address>0x2072</load_address>
         <run_address>0x2072</run_address>
         <size>0x12</size>
         <input_file_ref idref="fl-145"/>
      </object_component>
      <object_component id="oc-19">
         <name>.text:decompress:ZI</name>
         <load_address>0x2084</load_address>
         <run_address>0x2084</run_address>
         <size>0x12</size>
         <input_file_ref idref="fl-135"/>
      </object_component>
      <object_component id="oc-dc">
         <name>.text:ADCIntEnable</name>
         <load_address>0x2096</load_address>
         <run_address>0x2096</run_address>
         <size>0x10</size>
         <input_file_ref idref="fl-141"/>
      </object_component>
      <object_component id="oc-104">
         <name>.text:IntMasterEnable</name>
         <load_address>0x20a6</load_address>
         <run_address>0x20a6</run_address>
         <size>0x10</size>
         <input_file_ref idref="fl-143"/>
      </object_component>
      <object_component id="oc-c3">
         <name>.text:ADCSequenceDisable</name>
         <load_address>0x20b6</load_address>
         <run_address>0x20b6</run_address>
         <size>0xe</size>
         <input_file_ref idref="fl-141"/>
      </object_component>
      <object_component id="oc-e1">
         <name>.text:ADCSequenceEnable</name>
         <load_address>0x20c4</load_address>
         <run_address>0x20c4</run_address>
         <size>0xe</size>
         <input_file_ref idref="fl-141"/>
      </object_component>
      <object_component id="oc-15f">
         <name>.text:TimerEnable</name>
         <load_address>0x20d2</load_address>
         <run_address>0x20d2</run_address>
         <size>0xe</size>
         <input_file_ref idref="fl-145"/>
      </object_component>
      <object_component id="oc-13c">
         <name>.text:UARTCharGetNonBlocking</name>
         <load_address>0x20e0</load_address>
         <run_address>0x20e0</run_address>
         <size>0xe</size>
         <input_file_ref idref="fl-146"/>
      </object_component>
      <object_component id="oc-141">
         <name>.text:UARTCharsAvail</name>
         <load_address>0x20ee</load_address>
         <run_address>0x20ee</run_address>
         <size>0xe</size>
         <input_file_ref idref="fl-146"/>
      </object_component>
      <object_component id="oc-14">
         <name>.text:decompress:none</name>
         <load_address>0x20fc</load_address>
         <run_address>0x20fc</run_address>
         <size>0xe</size>
         <input_file_ref idref="fl-133"/>
      </object_component>
      <object_component id="oc-1e8">
         <name>.text:CPUcpsie</name>
         <load_address>0x210a</load_address>
         <run_address>0x210a</run_address>
         <size>0xc</size>
         <input_file_ref idref="fl-147"/>
      </object_component>
      <object_component id="oc-191">
         <name>.text:GPIOIntEnable</name>
         <load_address>0x2116</load_address>
         <run_address>0x2116</run_address>
         <size>0xc</size>
         <input_file_ref idref="fl-142"/>
      </object_component>
      <object_component id="oc-24">
         <name>.text</name>
         <load_address>0x2122</load_address>
         <run_address>0x2122</run_address>
         <size>0xc</size>
         <input_file_ref idref="fl-2"/>
      </object_component>
      <object_component id="oc-10e">
         <name>.text:ADCIntClear</name>
         <load_address>0x212e</load_address>
         <run_address>0x212e</run_address>
         <size>0xa</size>
         <input_file_ref idref="fl-141"/>
      </object_component>
      <object_component id="oc-128">
         <name>.text:UARTCharPut</name>
         <load_address>0x2138</load_address>
         <run_address>0x2138</run_address>
         <size>0xa</size>
         <input_file_ref idref="fl-146"/>
      </object_component>
      <object_component id="oc-137">
         <name>.text:UARTIntStatus</name>
         <load_address>0x2142</load_address>
         <run_address>0x2142</run_address>
         <size>0xa</size>
         <input_file_ref idref="fl-146"/>
      </object_component>
      <object_component id="oc-15a">
         <name>.text:TimerIntEnable</name>
         <load_address>0x214c</load_address>
         <run_address>0x214c</run_address>
         <size>0x8</size>
         <input_file_ref idref="fl-145"/>
      </object_component>
      <object_component id="oc-132">
         <name>.text:UARTIntEnable</name>
         <load_address>0x2154</load_address>
         <run_address>0x2154</run_address>
         <size>0x8</size>
         <input_file_ref idref="fl-146"/>
      </object_component>
      <object_component id="oc-178">
         <name>.text:GPIOIntClear</name>
         <load_address>0x215c</load_address>
         <run_address>0x215c</run_address>
         <size>0x6</size>
         <input_file_ref idref="fl-142"/>
      </object_component>
      <object_component id="oc-19b">
         <name>.text:GPIOPinRead</name>
         <load_address>0x2162</load_address>
         <run_address>0x2162</run_address>
         <size>0x6</size>
         <input_file_ref idref="fl-142"/>
      </object_component>
      <object_component id="oc-1a1">
         <name>.text:GPIOPinWrite</name>
         <load_address>0x2168</load_address>
         <run_address>0x2168</run_address>
         <size>0x6</size>
         <input_file_ref idref="fl-142"/>
      </object_component>
      <object_component id="oc-b6">
         <name>.text:SysCtlDelay</name>
         <load_address>0x216e</load_address>
         <run_address>0x216e</run_address>
         <size>0x6</size>
         <input_file_ref idref="fl-144"/>
      </object_component>
      <object_component id="oc-1e">
         <name>.text:decompress:rle24</name>
         <load_address>0x2174</load_address>
         <run_address>0x2174</run_address>
         <size>0x6</size>
         <input_file_ref idref="fl-134"/>
      </object_component>
      <object_component id="oc-164">
         <name>.text:TimerIntClear</name>
         <load_address>0x217a</load_address>
         <run_address>0x217a</run_address>
         <size>0x4</size>
         <input_file_ref idref="fl-145"/>
      </object_component>
      <object_component id="oc-146">
         <name>.text:UARTIntClear</name>
         <load_address>0x217e</load_address>
         <run_address>0x217e</run_address>
         <size>0x4</size>
         <input_file_ref idref="fl-146"/>
      </object_component>
      <object_component id="oc-248">
         <name>.const:g_ppui32GPIOIntMapSnowflake</name>
         <load_address>0x2184</load_address>
         <run_address>0x2184</run_address>
         <size>0xd8</size>
         <input_file_ref idref="fl-142"/>
      </object_component>
      <object_component id="oc-246">
         <name>.const:g_ppui32GPIOIntMapBlizzard</name>
         <load_address>0x225c</load_address>
         <run_address>0x225c</run_address>
         <size>0xc0</size>
         <input_file_ref idref="fl-142"/>
      </object_component>
      <object_component id="oc-1d1">
         <name>.const:g_pui32GPIOBaseAddrs</name>
         <load_address>0x231c</load_address>
         <run_address>0x231c</run_address>
         <size>0x90</size>
         <input_file_ref idref="fl-142"/>
      </object_component>
      <object_component id="oc-1e4">
         <name>.const</name>
         <load_address>0x23ac</load_address>
         <run_address>0x23ac</run_address>
         <size>0x70</size>
         <input_file_ref idref="fl-143"/>
      </object_component>
      <object_component id="oc-1d5">
         <name>.const:g_pui32Xtals</name>
         <load_address>0x241c</load_address>
         <run_address>0x241c</run_address>
         <size>0x6c</size>
         <input_file_ref idref="fl-144"/>
      </object_component>
      <object_component id="oc-241">
         <name>.const:g_ppui32TimerIntMap</name>
         <load_address>0x2488</load_address>
         <run_address>0x2488</run_address>
         <size>0x60</size>
         <input_file_ref idref="fl-145"/>
      </object_component>
      <object_component id="oc-243">
         <name>.const:g_ppui32TimerIntMapSnowflake</name>
         <load_address>0x24e8</load_address>
         <run_address>0x24e8</run_address>
         <size>0x40</size>
         <input_file_ref idref="fl-145"/>
      </object_component>
      <object_component id="oc-23a">
         <name>.const:g_ppui32UARTIntMap</name>
         <load_address>0x2528</load_address>
         <run_address>0x2528</run_address>
         <size>0x40</size>
         <input_file_ref idref="fl-146"/>
      </object_component>
      <object_component id="oc-23c">
         <name>.const:g_ppui32UARTIntMapSnowflake</name>
         <load_address>0x2568</load_address>
         <run_address>0x2568</run_address>
         <size>0x40</size>
         <input_file_ref idref="fl-146"/>
      </object_component>
      <object_component id="oc-276">
         <name>.cinit..data.load</name>
         <load_address>0x25a8</load_address>
         <run_address>0x25a8</run_address>
         <size>0x16</size>
      </object_component>
      <object_component id="oc-273">
         <name>__TI_handler_table</name>
         <load_address>0x25c0</load_address>
         <run_address>0x25c0</run_address>
         <size>0xc</size>
      </object_component>
      <object_component id="oc-277">
         <name>.cinit..bss.load</name>
         <load_address>0x25d0</load_address>
         <run_address>0x25d0</run_address>
         <size>0x8</size>
      </object_component>
      <object_component id="oc-275">
         <name>.cinit..vtable.load</name>
         <load_address>0x25d8</load_address>
         <run_address>0x25d8</run_address>
         <size>0x8</size>
      </object_component>
      <object_component id="oc-274">
         <name>__TI_cinit_table</name>
         <load_address>0x25e0</load_address>
         <run_address>0x25e0</run_address>
         <size>0x18</size>
      </object_component>
      <object_component id="oc-228">
         <name>.vtable</name>
         <uninitialized>true</uninitialized>
         <run_address>0x20000000</run_address>
         <size>0x26c</size>
         <input_file_ref idref="fl-143"/>
      </object_component>
      <object_component id="oc-3a">
         <name>.data</name>
         <load_address>0x20000498</load_address>
         <run_address>0x20000498</run_address>
         <size>0x4</size>
         <input_file_ref idref="fl-13b"/>
      </object_component>
      <object_component id="oc-75">
         <name>.data</name>
         <load_address>0x20000488</load_address>
         <run_address>0x20000488</run_address>
         <size>0x8</size>
         <input_file_ref idref="fl-13d"/>
      </object_component>
      <object_component id="oc-77">
         <name>.data</name>
         <load_address>0x20000490</load_address>
         <run_address>0x20000490</run_address>
         <size>0x8</size>
         <input_file_ref idref="fl-136"/>
      </object_component>
      <object_component id="oc-16b">
         <name>.data</name>
         <load_address>0x2000046c</load_address>
         <run_address>0x2000046c</run_address>
         <size>0x1c</size>
         <input_file_ref idref="fl-4"/>
      </object_component>
      <object_component id="oc-1a0">
         <name>.common:bas</name>
         <uninitialized>true</uninitialized>
         <run_address>0x200004b0</run_address>
         <size>0x8</size>
      </object_component>
      <object_component id="oc-169">
         <name>.common:Portsaat</name>
         <uninitialized>true</uninitialized>
         <run_address>0x2000049c</run_address>
         <size>0x14</size>
      </object_component>
      <object_component id="oc-23">
         <name>.stack</name>
         <uninitialized>true</uninitialized>
         <run_address>0x2000026c</run_address>
         <size>0x0</size>
         <input_file_ref idref="fl-132"/>
      </object_component>
      <object_component id="oc-278">
         <name>.stack</name>
         <uninitialized>true</uninitialized>
         <run_address>0x2000026c</run_address>
         <size>0x0</size>
      </object_component>
      <object_component id="oc-f">
         <name>.debug_info</name>
         <load_address>0x0</load_address>
         <run_address>0x0</run_address>
         <size>0xf9</size>
         <input_file_ref idref="fl-2"/>
      </object_component>
      <object_component id="oc-12">
         <name>.debug_info</name>
         <load_address>0xf9</load_address>
         <run_address>0xf9</run_address>
         <size>0xf3</size>
         <input_file_ref idref="fl-132"/>
      </object_component>
      <object_component id="oc-18">
         <name>.debug_info</name>
         <load_address>0x1ec</load_address>
         <run_address>0x1ec</run_address>
         <size>0x194</size>
         <input_file_ref idref="fl-133"/>
      </object_component>
      <object_component id="oc-1a">
         <name>.debug_info</name>
         <load_address>0x380</load_address>
         <run_address>0x380</run_address>
         <size>0x16a</size>
         <input_file_ref idref="fl-135"/>
      </object_component>
      <object_component id="oc-1f">
         <name>.debug_info</name>
         <load_address>0x4ea</load_address>
         <run_address>0x4ea</run_address>
         <size>0x18e</size>
         <input_file_ref idref="fl-134"/>
      </object_component>
      <object_component id="oc-25">
         <name>.debug_info</name>
         <load_address>0x678</load_address>
         <run_address>0x678</run_address>
         <size>0x275</size>
         <input_file_ref idref="fl-2"/>
      </object_component>
      <object_component id="oc-2b">
         <name>.debug_info</name>
         <load_address>0x8ed</load_address>
         <run_address>0x8ed</run_address>
         <size>0x10e</size>
         <input_file_ref idref="fl-2"/>
      </object_component>
      <object_component id="oc-2d">
         <name>.debug_info</name>
         <load_address>0x9fb</load_address>
         <run_address>0x9fb</run_address>
         <size>0x13d</size>
         <input_file_ref idref="fl-13f"/>
      </object_component>
      <object_component id="oc-34">
         <name>.debug_info</name>
         <load_address>0xb38</load_address>
         <run_address>0xb38</run_address>
         <size>0x11c</size>
         <input_file_ref idref="fl-13e"/>
      </object_component>
      <object_component id="oc-37">
         <name>.debug_info</name>
         <load_address>0xc54</load_address>
         <run_address>0xc54</run_address>
         <size>0x1c2</size>
         <input_file_ref idref="fl-136"/>
      </object_component>
      <object_component id="oc-3b">
         <name>.debug_info</name>
         <load_address>0xe16</load_address>
         <run_address>0xe16</run_address>
         <size>0xbe</size>
         <input_file_ref idref="fl-13b"/>
      </object_component>
      <object_component id="oc-3f">
         <name>.debug_info</name>
         <load_address>0xed4</load_address>
         <run_address>0xed4</run_address>
         <size>0xcc</size>
         <input_file_ref idref="fl-13a"/>
      </object_component>
      <object_component id="oc-42">
         <name>.debug_info</name>
         <load_address>0xfa0</load_address>
         <run_address>0xfa0</run_address>
         <size>0x46</size>
         <input_file_ref idref="fl-133"/>
      </object_component>
      <object_component id="oc-47">
         <name>.debug_info</name>
         <load_address>0xfe6</load_address>
         <run_address>0xfe6</run_address>
         <size>0xf2</size>
         <input_file_ref idref="fl-133"/>
      </object_component>
      <object_component id="oc-49">
         <name>.debug_info</name>
         <load_address>0x10d8</load_address>
         <run_address>0x10d8</run_address>
         <size>0x46</size>
         <input_file_ref idref="fl-135"/>
      </object_component>
      <object_component id="oc-4e">
         <name>.debug_info</name>
         <load_address>0x111e</load_address>
         <run_address>0x111e</run_address>
         <size>0xad</size>
         <input_file_ref idref="fl-135"/>
      </object_component>
      <object_component id="oc-50">
         <name>.debug_info</name>
         <load_address>0x11cb</load_address>
         <run_address>0x11cb</run_address>
         <size>0x1ef</size>
         <input_file_ref idref="fl-134"/>
      </object_component>
      <object_component id="oc-55">
         <name>.debug_info</name>
         <load_address>0x13ba</load_address>
         <run_address>0x13ba</run_address>
         <size>0xb7</size>
         <input_file_ref idref="fl-134"/>
      </object_component>
      <object_component id="oc-56">
         <name>.debug_info</name>
         <load_address>0x1471</load_address>
         <run_address>0x1471</run_address>
         <size>0x39</size>
         <input_file_ref idref="fl-134"/>
      </object_component>
      <object_component id="oc-5e">
         <name>.debug_info</name>
         <load_address>0x14aa</load_address>
         <run_address>0x14aa</run_address>
         <size>0x18b</size>
         <input_file_ref idref="fl-2"/>
      </object_component>
      <object_component id="oc-65">
         <name>.debug_info</name>
         <load_address>0x1635</load_address>
         <run_address>0x1635</run_address>
         <size>0x14b</size>
         <input_file_ref idref="fl-140"/>
      </object_component>
      <object_component id="oc-6a">
         <name>.debug_info</name>
         <load_address>0x1780</load_address>
         <run_address>0x1780</run_address>
         <size>0x13e</size>
         <input_file_ref idref="fl-3"/>
      </object_component>
      <object_component id="oc-6f">
         <name>.debug_info</name>
         <load_address>0x18be</load_address>
         <run_address>0x18be</run_address>
         <size>0x84</size>
         <input_file_ref idref="fl-2"/>
      </object_component>
      <object_component id="oc-74">
         <name>.debug_info</name>
         <load_address>0x1942</load_address>
         <run_address>0x1942</run_address>
         <size>0x11b</size>
         <input_file_ref idref="fl-13e"/>
      </object_component>
      <object_component id="oc-76">
         <name>.debug_info</name>
         <load_address>0x1a5d</load_address>
         <run_address>0x1a5d</run_address>
         <size>0xc8</size>
         <input_file_ref idref="fl-13d"/>
      </object_component>
      <object_component id="oc-78">
         <name>.debug_info</name>
         <load_address>0x1b25</load_address>
         <run_address>0x1b25</run_address>
         <size>0xeb</size>
         <input_file_ref idref="fl-136"/>
      </object_component>
      <object_component id="oc-7a">
         <name>.debug_info</name>
         <load_address>0x1c10</load_address>
         <run_address>0x1c10</run_address>
         <size>0x146</size>
         <input_file_ref idref="fl-136"/>
      </object_component>
      <object_component id="oc-7e">
         <name>.debug_info</name>
         <load_address>0x1d56</load_address>
         <run_address>0x1d56</run_address>
         <size>0x2c</size>
         <input_file_ref idref="fl-133"/>
      </object_component>
      <object_component id="oc-85">
         <name>.debug_info</name>
         <load_address>0x1d82</load_address>
         <run_address>0x1d82</run_address>
         <size>0x2c</size>
         <input_file_ref idref="fl-4"/>
      </object_component>
      <object_component id="oc-90">
         <name>.debug_info</name>
         <load_address>0x1dae</load_address>
         <run_address>0x1dae</run_address>
         <size>0x148</size>
         <input_file_ref idref="fl-140"/>
      </object_component>
      <object_component id="oc-94">
         <name>.debug_info</name>
         <load_address>0x1ef6</load_address>
         <run_address>0x1ef6</run_address>
         <size>0x2db</size>
         <input_file_ref idref="fl-144"/>
      </object_component>
      <object_component id="oc-97">
         <name>.debug_info</name>
         <load_address>0x21d1</load_address>
         <run_address>0x21d1</run_address>
         <size>0x21af</size>
         <input_file_ref idref="fl-4"/>
      </object_component>
      <object_component id="oc-9e">
         <name>.debug_info</name>
         <load_address>0x4380</load_address>
         <run_address>0x4380</run_address>
         <size>0x5e</size>
         <input_file_ref idref="fl-13e"/>
      </object_component>
      <object_component id="oc-a5">
         <name>.debug_info</name>
         <load_address>0x43de</load_address>
         <run_address>0x43de</run_address>
         <size>0x1d4</size>
         <input_file_ref idref="fl-13d"/>
      </object_component>
      <object_component id="oc-aa">
         <name>.debug_info</name>
         <load_address>0x45b2</load_address>
         <run_address>0x45b2</run_address>
         <size>0xd9</size>
         <input_file_ref idref="fl-13d"/>
      </object_component>
      <object_component id="oc-b1">
         <name>.debug_info</name>
         <load_address>0x468b</load_address>
         <run_address>0x468b</run_address>
         <size>0xcd</size>
         <input_file_ref idref="fl-140"/>
      </object_component>
      <object_component id="oc-b8">
         <name>.debug_info</name>
         <load_address>0x4758</load_address>
         <run_address>0x4758</run_address>
         <size>0x298</size>
         <input_file_ref idref="fl-144"/>
      </object_component>
      <object_component id="oc-bb">
         <name>.debug_info</name>
         <load_address>0x49f0</load_address>
         <run_address>0x49f0</run_address>
         <size>0x27d</size>
         <input_file_ref idref="fl-144"/>
      </object_component>
      <object_component id="oc-c0">
         <name>.debug_info</name>
         <load_address>0x4c6d</load_address>
         <run_address>0x4c6d</run_address>
         <size>0x295</size>
         <input_file_ref idref="fl-144"/>
      </object_component>
      <object_component id="oc-c4">
         <name>.debug_info</name>
         <load_address>0x4f02</load_address>
         <run_address>0x4f02</run_address>
         <size>0x2a2</size>
         <input_file_ref idref="fl-141"/>
      </object_component>
      <object_component id="oc-c9">
         <name>.debug_info</name>
         <load_address>0x51a4</load_address>
         <run_address>0x51a4</run_address>
         <size>0x326</size>
         <input_file_ref idref="fl-141"/>
      </object_component>
      <object_component id="oc-ce">
         <name>.debug_info</name>
         <load_address>0x54ca</load_address>
         <run_address>0x54ca</run_address>
         <size>0x333</size>
         <input_file_ref idref="fl-141"/>
      </object_component>
      <object_component id="oc-d3">
         <name>.debug_info</name>
         <load_address>0x57fd</load_address>
         <run_address>0x57fd</run_address>
         <size>0x279</size>
         <input_file_ref idref="fl-142"/>
      </object_component>
      <object_component id="oc-d8">
         <name>.debug_info</name>
         <load_address>0x5a76</load_address>
         <run_address>0x5a76</run_address>
         <size>0x2df</size>
         <input_file_ref idref="fl-141"/>
      </object_component>
      <object_component id="oc-dd">
         <name>.debug_info</name>
         <load_address>0x5d55</load_address>
         <run_address>0x5d55</run_address>
         <size>0x296</size>
         <input_file_ref idref="fl-141"/>
      </object_component>
      <object_component id="oc-e2">
         <name>.debug_info</name>
         <load_address>0x5feb</load_address>
         <run_address>0x5feb</run_address>
         <size>0x2a0</size>
         <input_file_ref idref="fl-141"/>
      </object_component>
      <object_component id="oc-e7">
         <name>.debug_info</name>
         <load_address>0x628b</load_address>
         <run_address>0x628b</run_address>
         <size>0x2b7</size>
         <input_file_ref idref="fl-142"/>
      </object_component>
      <object_component id="oc-ec">
         <name>.debug_info</name>
         <load_address>0x6542</load_address>
         <run_address>0x6542</run_address>
         <size>0x280</size>
         <input_file_ref idref="fl-142"/>
      </object_component>
      <object_component id="oc-f1">
         <name>.debug_info</name>
         <load_address>0x67c2</load_address>
         <run_address>0x67c2</run_address>
         <size>0x27b</size>
         <input_file_ref idref="fl-142"/>
      </object_component>
      <object_component id="oc-f8">
         <name>.debug_info</name>
         <load_address>0x6a3d</load_address>
         <run_address>0x6a3d</run_address>
         <size>0x2b5</size>
         <input_file_ref idref="fl-144"/>
      </object_component>
      <object_component id="oc-fb">
         <name>.debug_info</name>
         <load_address>0x6cf2</load_address>
         <run_address>0x6cf2</run_address>
         <size>0x326</size>
         <input_file_ref idref="fl-146"/>
      </object_component>
      <object_component id="oc-100">
         <name>.debug_info</name>
         <load_address>0x7018</load_address>
         <run_address>0x7018</run_address>
         <size>0x268</size>
         <input_file_ref idref="fl-143"/>
      </object_component>
      <object_component id="oc-105">
         <name>.debug_info</name>
         <load_address>0x7280</load_address>
         <run_address>0x7280</run_address>
         <size>0x23e</size>
         <input_file_ref idref="fl-143"/>
      </object_component>
      <object_component id="oc-10a">
         <name>.debug_info</name>
         <load_address>0x74be</load_address>
         <run_address>0x74be</run_address>
         <size>0x2a4</size>
         <input_file_ref idref="fl-141"/>
      </object_component>
      <object_component id="oc-10f">
         <name>.debug_info</name>
         <load_address>0x7762</load_address>
         <run_address>0x7762</run_address>
         <size>0x294</size>
         <input_file_ref idref="fl-141"/>
      </object_component>
      <object_component id="oc-114">
         <name>.debug_info</name>
         <load_address>0x79f6</load_address>
         <run_address>0x79f6</run_address>
         <size>0x2ff</size>
         <input_file_ref idref="fl-141"/>
      </object_component>
      <object_component id="oc-119">
         <name>.debug_info</name>
         <load_address>0x7cf5</load_address>
         <run_address>0x7cf5</run_address>
         <size>0xe1</size>
         <input_file_ref idref="fl-13c"/>
      </object_component>
      <object_component id="oc-11d">
         <name>.debug_info</name>
         <load_address>0x7dd6</load_address>
         <run_address>0x7dd6</run_address>
         <size>0xed</size>
         <input_file_ref idref="fl-138"/>
      </object_component>
      <object_component id="oc-121">
         <name>.debug_info</name>
         <load_address>0x7ec3</load_address>
         <run_address>0x7ec3</run_address>
         <size>0xed</size>
         <input_file_ref idref="fl-137"/>
      </object_component>
      <object_component id="oc-125">
         <name>.debug_info</name>
         <load_address>0x7fb0</load_address>
         <run_address>0x7fb0</run_address>
         <size>0xe8</size>
         <input_file_ref idref="fl-139"/>
      </object_component>
      <object_component id="oc-129">
         <name>.debug_info</name>
         <load_address>0x8098</load_address>
         <run_address>0x8098</run_address>
         <size>0x273</size>
         <input_file_ref idref="fl-146"/>
      </object_component>
      <object_component id="oc-12e">
         <name>.debug_info</name>
         <load_address>0x830b</load_address>
         <run_address>0x830b</run_address>
         <size>0x2c3</size>
         <input_file_ref idref="fl-146"/>
      </object_component>
      <object_component id="oc-133">
         <name>.debug_info</name>
         <load_address>0x85ce</load_address>
         <run_address>0x85ce</run_address>
         <size>0x28f</size>
         <input_file_ref idref="fl-146"/>
      </object_component>
      <object_component id="oc-138">
         <name>.debug_info</name>
         <load_address>0x885d</load_address>
         <run_address>0x885d</run_address>
         <size>0x27f</size>
         <input_file_ref idref="fl-146"/>
      </object_component>
      <object_component id="oc-13d">
         <name>.debug_info</name>
         <load_address>0x8adc</load_address>
         <run_address>0x8adc</run_address>
         <size>0x263</size>
         <input_file_ref idref="fl-146"/>
      </object_component>
      <object_component id="oc-142">
         <name>.debug_info</name>
         <load_address>0x8d3f</load_address>
         <run_address>0x8d3f</run_address>
         <size>0x253</size>
         <input_file_ref idref="fl-146"/>
      </object_component>
      <object_component id="oc-147">
         <name>.debug_info</name>
         <load_address>0x8f92</load_address>
         <run_address>0x8f92</run_address>
         <size>0x28d</size>
         <input_file_ref idref="fl-146"/>
      </object_component>
      <object_component id="oc-14c">
         <name>.debug_info</name>
         <load_address>0x921f</load_address>
         <run_address>0x921f</run_address>
         <size>0x28c</size>
         <input_file_ref idref="fl-145"/>
      </object_component>
      <object_component id="oc-151">
         <name>.debug_info</name>
         <load_address>0x94ab</load_address>
         <run_address>0x94ab</run_address>
         <size>0x2ba</size>
         <input_file_ref idref="fl-145"/>
      </object_component>
      <object_component id="oc-156">
         <name>.debug_info</name>
         <load_address>0x9765</load_address>
         <run_address>0x9765</run_address>
         <size>0x2e4</size>
         <input_file_ref idref="fl-145"/>
      </object_component>
      <object_component id="oc-15b">
         <name>.debug_info</name>
         <load_address>0x9a49</load_address>
         <run_address>0x9a49</run_address>
         <size>0x294</size>
         <input_file_ref idref="fl-145"/>
      </object_component>
      <object_component id="oc-160">
         <name>.debug_info</name>
         <load_address>0x9cdd</load_address>
         <run_address>0x9cdd</run_address>
         <size>0x27f</size>
         <input_file_ref idref="fl-145"/>
      </object_component>
      <object_component id="oc-165">
         <name>.debug_info</name>
         <load_address>0x9f5c</load_address>
         <run_address>0x9f5c</run_address>
         <size>0x292</size>
         <input_file_ref idref="fl-145"/>
      </object_component>
      <object_component id="oc-16a">
         <name>.debug_info</name>
         <load_address>0xa1ee</load_address>
         <run_address>0xa1ee</run_address>
         <size>0xa8a</size>
         <input_file_ref idref="fl-4"/>
      </object_component>
      <object_component id="oc-16c">
         <name>.debug_info</name>
         <load_address>0xac78</load_address>
         <run_address>0xac78</run_address>
         <size>0x175</size>
         <input_file_ref idref="fl-4"/>
      </object_component>
      <object_component id="oc-170">
         <name>.debug_info</name>
         <load_address>0xaded</load_address>
         <run_address>0xaded</run_address>
         <size>0x2d7</size>
         <input_file_ref idref="fl-145"/>
      </object_component>
      <object_component id="oc-179">
         <name>.debug_info</name>
         <load_address>0xb0c4</load_address>
         <run_address>0xb0c4</run_address>
         <size>0x28d</size>
         <input_file_ref idref="fl-142"/>
      </object_component>
      <object_component id="oc-17e">
         <name>.debug_info</name>
         <load_address>0xb351</load_address>
         <run_address>0xb351</run_address>
         <size>0x285</size>
         <input_file_ref idref="fl-142"/>
      </object_component>
      <object_component id="oc-183">
         <name>.debug_info</name>
         <load_address>0xb5d6</load_address>
         <run_address>0xb5d6</run_address>
         <size>0x316</size>
         <input_file_ref idref="fl-142"/>
      </object_component>
      <object_component id="oc-188">
         <name>.debug_info</name>
         <load_address>0xb8ec</load_address>
         <run_address>0xb8ec</run_address>
         <size>0x2cf</size>
         <input_file_ref idref="fl-142"/>
      </object_component>
      <object_component id="oc-18d">
         <name>.debug_info</name>
         <load_address>0xbbbb</load_address>
         <run_address>0xbbbb</run_address>
         <size>0x2bb</size>
         <input_file_ref idref="fl-142"/>
      </object_component>
      <object_component id="oc-192">
         <name>.debug_info</name>
         <load_address>0xbe76</load_address>
         <run_address>0xbe76</run_address>
         <size>0x28f</size>
         <input_file_ref idref="fl-142"/>
      </object_component>
      <object_component id="oc-19c">
         <name>.debug_info</name>
         <load_address>0xc105</load_address>
         <run_address>0xc105</run_address>
         <size>0x27b</size>
         <input_file_ref idref="fl-142"/>
      </object_component>
      <object_component id="oc-1a2">
         <name>.debug_info</name>
         <load_address>0xc380</load_address>
         <run_address>0xc380</run_address>
         <size>0x2a3</size>
         <input_file_ref idref="fl-142"/>
      </object_component>
      <object_component id="oc-1ac">
         <name>.debug_info</name>
         <load_address>0xc623</load_address>
         <run_address>0xc623</run_address>
         <size>0x5f</size>
         <input_file_ref idref="fl-144"/>
      </object_component>
      <object_component id="oc-1b1">
         <name>.debug_info</name>
         <load_address>0xc682</load_address>
         <run_address>0xc682</run_address>
         <size>0x8b</size>
         <input_file_ref idref="fl-141"/>
      </object_component>
      <object_component id="oc-1b9">
         <name>.debug_info</name>
         <load_address>0xc70d</load_address>
         <run_address>0xc70d</run_address>
         <size>0x24d</size>
         <input_file_ref idref="fl-141"/>
      </object_component>
      <object_component id="oc-1bd">
         <name>.debug_info</name>
         <load_address>0xc95a</load_address>
         <run_address>0xc95a</run_address>
         <size>0x2b3</size>
         <input_file_ref idref="fl-142"/>
      </object_component>
      <object_component id="oc-1c3">
         <name>.debug_info</name>
         <load_address>0xcc0d</load_address>
         <run_address>0xcc0d</run_address>
         <size>0x2bf</size>
         <input_file_ref idref="fl-141"/>
      </object_component>
      <object_component id="oc-1c8">
         <name>.debug_info</name>
         <load_address>0xcecc</load_address>
         <run_address>0xcecc</run_address>
         <size>0x2c1</size>
         <input_file_ref idref="fl-143"/>
      </object_component>
      <object_component id="oc-1d0">
         <name>.debug_info</name>
         <load_address>0xd18d</load_address>
         <run_address>0xd18d</run_address>
         <size>0x240</size>
         <input_file_ref idref="fl-142"/>
      </object_component>
      <object_component id="oc-1d2">
         <name>.debug_info</name>
         <load_address>0xd3cd</load_address>
         <run_address>0xd3cd</run_address>
         <size>0x15b</size>
         <input_file_ref idref="fl-142"/>
      </object_component>
      <object_component id="oc-1d6">
         <name>.debug_info</name>
         <load_address>0xd528</load_address>
         <run_address>0xd528</run_address>
         <size>0x14d</size>
         <input_file_ref idref="fl-144"/>
      </object_component>
      <object_component id="oc-1d9">
         <name>.debug_info</name>
         <load_address>0xd675</load_address>
         <run_address>0xd675</run_address>
         <size>0x249</size>
         <input_file_ref idref="fl-146"/>
      </object_component>
      <object_component id="oc-1de">
         <name>.debug_info</name>
         <load_address>0xd8be</load_address>
         <run_address>0xd8be</run_address>
         <size>0x247</size>
         <input_file_ref idref="fl-146"/>
      </object_component>
      <object_component id="oc-1e3">
         <name>.debug_info</name>
         <load_address>0xdb05</load_address>
         <run_address>0xdb05</run_address>
         <size>0x227</size>
         <input_file_ref idref="fl-146"/>
      </object_component>
      <object_component id="oc-1e5">
         <name>.debug_info</name>
         <load_address>0xdd2c</load_address>
         <run_address>0xdd2c</run_address>
         <size>0x210</size>
         <input_file_ref idref="fl-143"/>
      </object_component>
      <object_component id="oc-1e7">
         <name>.debug_info</name>
         <load_address>0xdf3c</load_address>
         <run_address>0xdf3c</run_address>
         <size>0x20e</size>
         <input_file_ref idref="fl-143"/>
      </object_component>
      <object_component id="oc-1e9">
         <name>.debug_info</name>
         <load_address>0xe14a</load_address>
         <run_address>0xe14a</run_address>
         <size>0x212</size>
         <input_file_ref idref="fl-147"/>
      </object_component>
      <object_component id="oc-1f7">
         <name>.debug_info</name>
         <load_address>0xe35c</load_address>
         <run_address>0xe35c</run_address>
         <size>0x27e</size>
         <input_file_ref idref="fl-146"/>
      </object_component>
      <object_component id="oc-202">
         <name>.debug_info</name>
         <load_address>0xe5da</load_address>
         <run_address>0xe5da</run_address>
         <size>0x223</size>
         <input_file_ref idref="fl-145"/>
      </object_component>
      <object_component id="oc-205">
         <name>.debug_info</name>
         <load_address>0xe7fd</load_address>
         <run_address>0xe7fd</run_address>
         <size>0x2eb</size>
         <input_file_ref idref="fl-145"/>
      </object_component>
      <object_component id="oc-20f">
         <name>.debug_info</name>
         <load_address>0xeae8</load_address>
         <run_address>0xeae8</run_address>
         <size>0x2c</size>
         <input_file_ref idref="fl-3"/>
      </object_component>
      <object_component id="oc-21b">
         <name>.debug_info</name>
         <load_address>0xeb14</load_address>
         <run_address>0xeb14</run_address>
         <size>0x298</size>
         <input_file_ref idref="fl-142"/>
      </object_component>
      <object_component id="oc-229">
         <name>.debug_info</name>
         <load_address>0xedac</load_address>
         <run_address>0xedac</run_address>
         <size>0x157</size>
         <input_file_ref idref="fl-143"/>
      </object_component>
      <object_component id="oc-23b">
         <name>.debug_info</name>
         <load_address>0xef03</load_address>
         <run_address>0xef03</run_address>
         <size>0x157</size>
         <input_file_ref idref="fl-146"/>
      </object_component>
      <object_component id="oc-23d">
         <name>.debug_info</name>
         <load_address>0xf05a</load_address>
         <run_address>0xf05a</run_address>
         <size>0x169</size>
         <input_file_ref idref="fl-146"/>
      </object_component>
      <object_component id="oc-242">
         <name>.debug_info</name>
         <load_address>0xf1c3</load_address>
         <run_address>0xf1c3</run_address>
         <size>0x15a</size>
         <input_file_ref idref="fl-145"/>
      </object_component>
      <object_component id="oc-244">
         <name>.debug_info</name>
         <load_address>0xf31d</load_address>
         <run_address>0xf31d</run_address>
         <size>0x16c</size>
         <input_file_ref idref="fl-145"/>
      </object_component>
      <object_component id="oc-247">
         <name>.debug_info</name>
         <load_address>0xf489</load_address>
         <run_address>0xf489</run_address>
         <size>0x167</size>
         <input_file_ref idref="fl-142"/>
      </object_component>
      <object_component id="oc-249">
         <name>.debug_info</name>
         <load_address>0xf5f0</load_address>
         <run_address>0xf5f0</run_address>
         <size>0x169</size>
         <input_file_ref idref="fl-142"/>
      </object_component>
      <object_component id="oc-279">
         <name>.debug_info</name>
         <load_address>0xf759</load_address>
         <run_address>0xf759</run_address>
         <size>0xb3</size>
      </object_component>
      <object_component id="oc-11">
         <name>.debug_aranges</name>
         <load_address>0x0</load_address>
         <run_address>0x0</run_address>
         <size>0x20</size>
         <input_file_ref idref="fl-132"/>
      </object_component>
      <object_component id="oc-15">
         <name>.debug_aranges</name>
         <load_address>0x20</load_address>
         <run_address>0x20</run_address>
         <size>0x20</size>
         <input_file_ref idref="fl-133"/>
      </object_component>
      <object_component id="oc-1b">
         <name>.debug_aranges</name>
         <load_address>0x40</load_address>
         <run_address>0x40</run_address>
         <size>0x20</size>
         <input_file_ref idref="fl-135"/>
      </object_component>
      <object_component id="oc-22">
         <name>.debug_aranges</name>
         <load_address>0x60</load_address>
         <run_address>0x60</run_address>
         <size>0x20</size>
         <input_file_ref idref="fl-134"/>
      </object_component>
      <object_component id="oc-28">
         <name>.debug_aranges</name>
         <load_address>0x80</load_address>
         <run_address>0x80</run_address>
         <size>0x38</size>
         <input_file_ref idref="fl-2"/>
      </object_component>
      <object_component id="oc-2f">
         <name>.debug_aranges</name>
         <load_address>0xb8</load_address>
         <run_address>0xb8</run_address>
         <size>0x28</size>
         <input_file_ref idref="fl-13f"/>
      </object_component>
      <object_component id="oc-31">
         <name>.debug_aranges</name>
         <load_address>0xe0</load_address>
         <run_address>0xe0</run_address>
         <size>0x20</size>
         <input_file_ref idref="fl-13e"/>
      </object_component>
      <object_component id="oc-39">
         <name>.debug_aranges</name>
         <load_address>0x100</load_address>
         <run_address>0x100</run_address>
         <size>0x30</size>
         <input_file_ref idref="fl-136"/>
      </object_component>
      <object_component id="oc-40">
         <name>.debug_aranges</name>
         <load_address>0x130</load_address>
         <run_address>0x130</run_address>
         <size>0x20</size>
         <input_file_ref idref="fl-13a"/>
      </object_component>
      <object_component id="oc-53">
         <name>.debug_aranges</name>
         <load_address>0x150</load_address>
         <run_address>0x150</run_address>
         <size>0x20</size>
         <input_file_ref idref="fl-134"/>
      </object_component>
      <object_component id="oc-67">
         <name>.debug_aranges</name>
         <load_address>0x170</load_address>
         <run_address>0x170</run_address>
         <size>0x20</size>
         <input_file_ref idref="fl-140"/>
      </object_component>
      <object_component id="oc-6d">
         <name>.debug_aranges</name>
         <load_address>0x190</load_address>
         <run_address>0x190</run_address>
         <size>0x20</size>
         <input_file_ref idref="fl-3"/>
      </object_component>
      <object_component id="oc-95">
         <name>.debug_aranges</name>
         <load_address>0x1b0</load_address>
         <run_address>0x1b0</run_address>
         <size>0x20</size>
         <input_file_ref idref="fl-144"/>
      </object_component>
      <object_component id="oc-99">
         <name>.debug_aranges</name>
         <load_address>0x1d0</load_address>
         <run_address>0x1d0</run_address>
         <size>0xb0</size>
         <input_file_ref idref="fl-4"/>
      </object_component>
      <object_component id="oc-a4">
         <name>.debug_aranges</name>
         <load_address>0x280</load_address>
         <run_address>0x280</run_address>
         <size>0x30</size>
         <input_file_ref idref="fl-13d"/>
      </object_component>
      <object_component id="oc-bd">
         <name>.debug_aranges</name>
         <load_address>0x2b0</load_address>
         <run_address>0x2b0</run_address>
         <size>0x20</size>
         <input_file_ref idref="fl-144"/>
      </object_component>
      <object_component id="oc-c2">
         <name>.debug_aranges</name>
         <load_address>0x2d0</load_address>
         <run_address>0x2d0</run_address>
         <size>0x20</size>
         <input_file_ref idref="fl-144"/>
      </object_component>
      <object_component id="oc-c7">
         <name>.debug_aranges</name>
         <load_address>0x2f0</load_address>
         <run_address>0x2f0</run_address>
         <size>0x20</size>
         <input_file_ref idref="fl-141"/>
      </object_component>
      <object_component id="oc-cc">
         <name>.debug_aranges</name>
         <load_address>0x310</load_address>
         <run_address>0x310</run_address>
         <size>0x20</size>
         <input_file_ref idref="fl-141"/>
      </object_component>
      <object_component id="oc-d1">
         <name>.debug_aranges</name>
         <load_address>0x330</load_address>
         <run_address>0x330</run_address>
         <size>0x20</size>
         <input_file_ref idref="fl-141"/>
      </object_component>
      <object_component id="oc-d6">
         <name>.debug_aranges</name>
         <load_address>0x350</load_address>
         <run_address>0x350</run_address>
         <size>0x20</size>
         <input_file_ref idref="fl-142"/>
      </object_component>
      <object_component id="oc-db">
         <name>.debug_aranges</name>
         <load_address>0x370</load_address>
         <run_address>0x370</run_address>
         <size>0x20</size>
         <input_file_ref idref="fl-141"/>
      </object_component>
      <object_component id="oc-e0">
         <name>.debug_aranges</name>
         <load_address>0x390</load_address>
         <run_address>0x390</run_address>
         <size>0x20</size>
         <input_file_ref idref="fl-141"/>
      </object_component>
      <object_component id="oc-e5">
         <name>.debug_aranges</name>
         <load_address>0x3b0</load_address>
         <run_address>0x3b0</run_address>
         <size>0x20</size>
         <input_file_ref idref="fl-141"/>
      </object_component>
      <object_component id="oc-ea">
         <name>.debug_aranges</name>
         <load_address>0x3d0</load_address>
         <run_address>0x3d0</run_address>
         <size>0x20</size>
         <input_file_ref idref="fl-142"/>
      </object_component>
      <object_component id="oc-ef">
         <name>.debug_aranges</name>
         <load_address>0x3f0</load_address>
         <run_address>0x3f0</run_address>
         <size>0x20</size>
         <input_file_ref idref="fl-142"/>
      </object_component>
      <object_component id="oc-f4">
         <name>.debug_aranges</name>
         <load_address>0x410</load_address>
         <run_address>0x410</run_address>
         <size>0x20</size>
         <input_file_ref idref="fl-142"/>
      </object_component>
      <object_component id="oc-f9">
         <name>.debug_aranges</name>
         <load_address>0x430</load_address>
         <run_address>0x430</run_address>
         <size>0x20</size>
         <input_file_ref idref="fl-144"/>
      </object_component>
      <object_component id="oc-fe">
         <name>.debug_aranges</name>
         <load_address>0x450</load_address>
         <run_address>0x450</run_address>
         <size>0x20</size>
         <input_file_ref idref="fl-146"/>
      </object_component>
      <object_component id="oc-103">
         <name>.debug_aranges</name>
         <load_address>0x470</load_address>
         <run_address>0x470</run_address>
         <size>0x20</size>
         <input_file_ref idref="fl-143"/>
      </object_component>
      <object_component id="oc-108">
         <name>.debug_aranges</name>
         <load_address>0x490</load_address>
         <run_address>0x490</run_address>
         <size>0x20</size>
         <input_file_ref idref="fl-143"/>
      </object_component>
      <object_component id="oc-10d">
         <name>.debug_aranges</name>
         <load_address>0x4b0</load_address>
         <run_address>0x4b0</run_address>
         <size>0x20</size>
         <input_file_ref idref="fl-141"/>
      </object_component>
      <object_component id="oc-112">
         <name>.debug_aranges</name>
         <load_address>0x4d0</load_address>
         <run_address>0x4d0</run_address>
         <size>0x20</size>
         <input_file_ref idref="fl-141"/>
      </object_component>
      <object_component id="oc-117">
         <name>.debug_aranges</name>
         <load_address>0x4f0</load_address>
         <run_address>0x4f0</run_address>
         <size>0x20</size>
         <input_file_ref idref="fl-141"/>
      </object_component>
      <object_component id="oc-11b">
         <name>.debug_aranges</name>
         <load_address>0x510</load_address>
         <run_address>0x510</run_address>
         <size>0x20</size>
         <input_file_ref idref="fl-13c"/>
      </object_component>
      <object_component id="oc-11f">
         <name>.debug_aranges</name>
         <load_address>0x530</load_address>
         <run_address>0x530</run_address>
         <size>0x20</size>
         <input_file_ref idref="fl-138"/>
      </object_component>
      <object_component id="oc-123">
         <name>.debug_aranges</name>
         <load_address>0x550</load_address>
         <run_address>0x550</run_address>
         <size>0x20</size>
         <input_file_ref idref="fl-137"/>
      </object_component>
      <object_component id="oc-127">
         <name>.debug_aranges</name>
         <load_address>0x570</load_address>
         <run_address>0x570</run_address>
         <size>0x20</size>
         <input_file_ref idref="fl-139"/>
      </object_component>
      <object_component id="oc-12c">
         <name>.debug_aranges</name>
         <load_address>0x590</load_address>
         <run_address>0x590</run_address>
         <size>0x20</size>
         <input_file_ref idref="fl-146"/>
      </object_component>
      <object_component id="oc-131">
         <name>.debug_aranges</name>
         <load_address>0x5b0</load_address>
         <run_address>0x5b0</run_address>
         <size>0x20</size>
         <input_file_ref idref="fl-146"/>
      </object_component>
      <object_component id="oc-136">
         <name>.debug_aranges</name>
         <load_address>0x5d0</load_address>
         <run_address>0x5d0</run_address>
         <size>0x20</size>
         <input_file_ref idref="fl-146"/>
      </object_component>
      <object_component id="oc-13b">
         <name>.debug_aranges</name>
         <load_address>0x5f0</load_address>
         <run_address>0x5f0</run_address>
         <size>0x20</size>
         <input_file_ref idref="fl-146"/>
      </object_component>
      <object_component id="oc-140">
         <name>.debug_aranges</name>
         <load_address>0x610</load_address>
         <run_address>0x610</run_address>
         <size>0x20</size>
         <input_file_ref idref="fl-146"/>
      </object_component>
      <object_component id="oc-145">
         <name>.debug_aranges</name>
         <load_address>0x630</load_address>
         <run_address>0x630</run_address>
         <size>0x20</size>
         <input_file_ref idref="fl-146"/>
      </object_component>
      <object_component id="oc-14a">
         <name>.debug_aranges</name>
         <load_address>0x650</load_address>
         <run_address>0x650</run_address>
         <size>0x20</size>
         <input_file_ref idref="fl-146"/>
      </object_component>
      <object_component id="oc-14f">
         <name>.debug_aranges</name>
         <load_address>0x670</load_address>
         <run_address>0x670</run_address>
         <size>0x20</size>
         <input_file_ref idref="fl-145"/>
      </object_component>
      <object_component id="oc-154">
         <name>.debug_aranges</name>
         <load_address>0x690</load_address>
         <run_address>0x690</run_address>
         <size>0x20</size>
         <input_file_ref idref="fl-145"/>
      </object_component>
      <object_component id="oc-159">
         <name>.debug_aranges</name>
         <load_address>0x6b0</load_address>
         <run_address>0x6b0</run_address>
         <size>0x20</size>
         <input_file_ref idref="fl-145"/>
      </object_component>
      <object_component id="oc-15e">
         <name>.debug_aranges</name>
         <load_address>0x6d0</load_address>
         <run_address>0x6d0</run_address>
         <size>0x20</size>
         <input_file_ref idref="fl-145"/>
      </object_component>
      <object_component id="oc-163">
         <name>.debug_aranges</name>
         <load_address>0x6f0</load_address>
         <run_address>0x6f0</run_address>
         <size>0x20</size>
         <input_file_ref idref="fl-145"/>
      </object_component>
      <object_component id="oc-168">
         <name>.debug_aranges</name>
         <load_address>0x710</load_address>
         <run_address>0x710</run_address>
         <size>0x20</size>
         <input_file_ref idref="fl-145"/>
      </object_component>
      <object_component id="oc-173">
         <name>.debug_aranges</name>
         <load_address>0x730</load_address>
         <run_address>0x730</run_address>
         <size>0x20</size>
         <input_file_ref idref="fl-145"/>
      </object_component>
      <object_component id="oc-17c">
         <name>.debug_aranges</name>
         <load_address>0x750</load_address>
         <run_address>0x750</run_address>
         <size>0x20</size>
         <input_file_ref idref="fl-142"/>
      </object_component>
      <object_component id="oc-181">
         <name>.debug_aranges</name>
         <load_address>0x770</load_address>
         <run_address>0x770</run_address>
         <size>0x20</size>
         <input_file_ref idref="fl-142"/>
      </object_component>
      <object_component id="oc-186">
         <name>.debug_aranges</name>
         <load_address>0x790</load_address>
         <run_address>0x790</run_address>
         <size>0x20</size>
         <input_file_ref idref="fl-142"/>
      </object_component>
      <object_component id="oc-18b">
         <name>.debug_aranges</name>
         <load_address>0x7b0</load_address>
         <run_address>0x7b0</run_address>
         <size>0x20</size>
         <input_file_ref idref="fl-142"/>
      </object_component>
      <object_component id="oc-190">
         <name>.debug_aranges</name>
         <load_address>0x7d0</load_address>
         <run_address>0x7d0</run_address>
         <size>0x20</size>
         <input_file_ref idref="fl-142"/>
      </object_component>
      <object_component id="oc-195">
         <name>.debug_aranges</name>
         <load_address>0x7f0</load_address>
         <run_address>0x7f0</run_address>
         <size>0x20</size>
         <input_file_ref idref="fl-142"/>
      </object_component>
      <object_component id="oc-19f">
         <name>.debug_aranges</name>
         <load_address>0x810</load_address>
         <run_address>0x810</run_address>
         <size>0x20</size>
         <input_file_ref idref="fl-142"/>
      </object_component>
      <object_component id="oc-1a5">
         <name>.debug_aranges</name>
         <load_address>0x830</load_address>
         <run_address>0x830</run_address>
         <size>0x20</size>
         <input_file_ref idref="fl-142"/>
      </object_component>
      <object_component id="oc-1c0">
         <name>.debug_aranges</name>
         <load_address>0x850</load_address>
         <run_address>0x850</run_address>
         <size>0x20</size>
         <input_file_ref idref="fl-142"/>
      </object_component>
      <object_component id="oc-1c6">
         <name>.debug_aranges</name>
         <load_address>0x870</load_address>
         <run_address>0x870</run_address>
         <size>0x20</size>
         <input_file_ref idref="fl-141"/>
      </object_component>
      <object_component id="oc-1cb">
         <name>.debug_aranges</name>
         <load_address>0x890</load_address>
         <run_address>0x890</run_address>
         <size>0x20</size>
         <input_file_ref idref="fl-143"/>
      </object_component>
      <object_component id="oc-1dc">
         <name>.debug_aranges</name>
         <load_address>0x8b0</load_address>
         <run_address>0x8b0</run_address>
         <size>0x20</size>
         <input_file_ref idref="fl-146"/>
      </object_component>
      <object_component id="oc-1e1">
         <name>.debug_aranges</name>
         <load_address>0x8d0</load_address>
         <run_address>0x8d0</run_address>
         <size>0x20</size>
         <input_file_ref idref="fl-146"/>
      </object_component>
      <object_component id="oc-1ec">
         <name>.debug_aranges</name>
         <load_address>0x8f0</load_address>
         <run_address>0x8f0</run_address>
         <size>0x20</size>
         <input_file_ref idref="fl-147"/>
      </object_component>
      <object_component id="oc-1fa">
         <name>.debug_aranges</name>
         <load_address>0x910</load_address>
         <run_address>0x910</run_address>
         <size>0x20</size>
         <input_file_ref idref="fl-146"/>
      </object_component>
      <object_component id="oc-208">
         <name>.debug_aranges</name>
         <load_address>0x930</load_address>
         <run_address>0x930</run_address>
         <size>0x20</size>
         <input_file_ref idref="fl-145"/>
      </object_component>
      <object_component id="oc-21e">
         <name>.debug_aranges</name>
         <load_address>0x950</load_address>
         <run_address>0x950</run_address>
         <size>0x20</size>
         <input_file_ref idref="fl-142"/>
      </object_component>
      <object_component id="oc-13">
         <name>.debug_line</name>
         <load_address>0x0</load_address>
         <run_address>0x0</run_address>
         <size>0x4f</size>
         <input_file_ref idref="fl-132"/>
      </object_component>
      <object_component id="oc-17">
         <name>.debug_line</name>
         <load_address>0x4f</load_address>
         <run_address>0x4f</run_address>
         <size>0x55</size>
         <input_file_ref idref="fl-133"/>
      </object_component>
      <object_component id="oc-1c">
         <name>.debug_line</name>
         <load_address>0xa4</load_address>
         <run_address>0xa4</run_address>
         <size>0x4c</size>
         <input_file_ref idref="fl-135"/>
      </object_component>
      <object_component id="oc-20">
         <name>.debug_line</name>
         <load_address>0xf0</load_address>
         <run_address>0xf0</run_address>
         <size>0x4b</size>
         <input_file_ref idref="fl-134"/>
      </object_component>
      <object_component id="oc-26">
         <name>.debug_line</name>
         <load_address>0x13b</load_address>
         <run_address>0x13b</run_address>
         <size>0xa1</size>
         <input_file_ref idref="fl-2"/>
      </object_component>
      <object_component id="oc-2a">
         <name>.debug_line</name>
         <load_address>0x1dc</load_address>
         <run_address>0x1dc</run_address>
         <size>0x41</size>
         <input_file_ref idref="fl-2"/>
      </object_component>
      <object_component id="oc-2e">
         <name>.debug_line</name>
         <load_address>0x21d</load_address>
         <run_address>0x21d</run_address>
         <size>0x87</size>
         <input_file_ref idref="fl-13f"/>
      </object_component>
      <object_component id="oc-32">
         <name>.debug_line</name>
         <load_address>0x2a4</load_address>
         <run_address>0x2a4</run_address>
         <size>0x50</size>
         <input_file_ref idref="fl-13e"/>
      </object_component>
      <object_component id="oc-36">
         <name>.debug_line</name>
         <load_address>0x2f4</load_address>
         <run_address>0x2f4</run_address>
         <size>0x7a</size>
         <input_file_ref idref="fl-136"/>
      </object_component>
      <object_component id="oc-3e">
         <name>.debug_line</name>
         <load_address>0x36e</load_address>
         <run_address>0x36e</run_address>
         <size>0x88</size>
         <input_file_ref idref="fl-13a"/>
      </object_component>
      <object_component id="oc-44">
         <name>.debug_line</name>
         <load_address>0x3f6</load_address>
         <run_address>0x3f6</run_address>
         <size>0x3a</size>
         <input_file_ref idref="fl-133"/>
      </object_component>
      <object_component id="oc-4b">
         <name>.debug_line</name>
         <load_address>0x430</load_address>
         <run_address>0x430</run_address>
         <size>0x34</size>
         <input_file_ref idref="fl-135"/>
      </object_component>
      <object_component id="oc-51">
         <name>.debug_line</name>
         <load_address>0x464</load_address>
         <run_address>0x464</run_address>
         <size>0x8c</size>
         <input_file_ref idref="fl-134"/>
      </object_component>
      <object_component id="oc-58">
         <name>.debug_line</name>
         <load_address>0x4f0</load_address>
         <run_address>0x4f0</run_address>
         <size>0x39</size>
         <input_file_ref idref="fl-134"/>
      </object_component>
      <object_component id="oc-5d">
         <name>.debug_line</name>
         <load_address>0x529</load_address>
         <run_address>0x529</run_address>
         <size>0x41</size>
         <input_file_ref idref="fl-2"/>
      </object_component>
      <object_component id="oc-60">
         <name>.debug_line</name>
         <load_address>0x56a</load_address>
[...]
               <start_address>0x200004b8</start_address>
               <size>0x7b48</size>
            </available_space>
         </usage_details>
      </memory_area>
   </placement_map>
   <cptbl_list>
      <cptbl>
         <name>__TI_cinit_table</name>
         <cprec>
            <name>.data</name>
            <load_address>0x25a8</load_address>
            <load_size>0x16</load_size>
            <run_address>0x2000046c</run_address>
            <run_size>0x30</run_size>
            <compression>rle</compression>
         </cprec>
         <cprec>
            <name>.bss</name>
            <load_address>0x25d0</load_address>
            <load_size>0x8</load_size>
            <run_address>0x2000049c</run_address>
            <run_size>0x1c</run_size>
            <compression>zero_init</compression>
         </cprec>
         <cprec>
            <name>.vtable</name>
            <load_address>0x25d8</load_address>
            <load_size>0x8</load_size>
            <run_address>0x20000000</run_address>
            <run_size>0x26c</run_size>
            <compression>zero_init</compression>
         </cprec>
      </cptbl>
   </cptbl_list>
   <handler_table>
      <handler_table_name>__TI_handler_table</handler_table_name>
      <handler>
         <index>0x0</index>
         <name>__TI_zero_init</name>
      </handler>
      <handler>
         <index>0x1</index>
         <name>__TI_decompress_rle24</name>
      </handler>
      <handler>
         <index>0x2</index>
         <name>__TI_decompress_none</name>
      </handler>
   </handler_table>
   <symbol_table>
      <symbol id="sm-1">
         <name>__STACK_TOP</name>
         <value>0x2000046c</value>
      </symbol>
      <symbol id="sm-2">
         <name>__TI_CINIT_Base</name>
         <value>0x25e0</value>
      </symbol>
      <symbol id="sm-3">
         <name>__TI_CINIT_Limit</name>
         <value>0x25f8</value>
      </symbol>
      <symbol id="sm-4">
         <name>__TI_Handler_Table_Base</name>
         <value>0x25c0</value>
      </symbol>
      <symbol id="sm-5">
         <name>__TI_Handler_Table_Limit</name>
         <value>0x25cc</value>
      </symbol>
      <symbol id="sm-6">
         <name>binit</name>
         <value>0xffffffff</value>
      </symbol>
      <symbol id="sm-7">
         <name>__binit__</name>
         <value>0xffffffff</value>
      </symbol>
      <symbol id="sm-8">
         <name>__STACK_SIZE</name>
         <value>0x200</value>
      </symbol>
      <symbol id="sm-9">
         <name>__STACK_END</name>
         <value>0x2000046c</value>
      </symbol>
      <symbol id="sm-a">
         <name>__c_args__</name>
         <value>0xffffffff</value>
      </symbol>
      <symbol id="sm-40">
         <name>ResetISR</name>
         <value>0x2123</value>
         <object_component_ref idref="oc-24"/>
      </symbol>
      <symbol id="sm-41">
         <name>g_pfnVectors</name>
         <value>0x0</value>
         <object_component_ref idref="oc-e"/>
      </symbol>
      <symbol id="sm-54">
         <name>main</name>
         <value>0x1ee9</value>
         <object_component_ref idref="oc-69"/>
      </symbol>
      <symbol id="sm-103">
         <name>bas</name>
         <value>0x200004b0</value>
      </symbol>
      <symbol id="sm-104">
         <name>Portsaat</name>
         <value>0x2000049c</value>
      </symbol>
      <symbol id="sm-105">
         <name>has_lcd_write</name>
         <value>0xf43</value>
         <object_component_ref idref="oc-96"/>
      </symbol>
      <symbol id="sm-106">
         <name>has_lcd_chronometre_Temp</name>
         <value>0x93d</value>
         <object_component_ref idref="oc-96"/>
      </symbol>
      <symbol id="sm-107">
         <name>serikesme</name>
         <value>0x4a1</value>
         <object_component_ref idref="oc-96"/>
      </symbol>
      <symbol id="sm-108">
         <name>has_lcd_switchwrite</name>
         <value>0xe3d</value>
         <object_component_ref idref="oc-96"/>
      </symbol>
      <symbol id="sm-109">
         <name>INTTemp</name>
         <value>0xc69</value>
         <object_component_ref idref="oc-96"/>
      </symbol>
      <symbol id="sm-10a">
         <name>INTosil</name>
         <value>0x33f</value>
         <object_component_ref idref="oc-96"/>
      </symbol>
      <symbol id="sm-10b">
         <name>INTTempSERI</name>
         <value>0x79d</value>
         <object_component_ref idref="oc-96"/>
      </symbol>
      <symbol id="sm-10c">
         <name>has_lcd_sendcommand</name>
         <value>0x101d</value>
         <object_component_ref idref="oc-96"/>
      </symbol>
      <symbol id="sm-10d">
         <name>INT_chrono_Temp</name>
         <value>0xa45</value>
         <object_component_ref idref="oc-96"/>
      </symbol>
      <symbol id="sm-10e">
         <name>t</name>
         <value>0x20000480</value>
         <object_component_ref idref="oc-16b"/>
      </symbol>
      <symbol id="sm-10f">
         <name>da_sa</name>
         <value>0x20000474</value>
         <object_component_ref idref="oc-16b"/>
      </symbol>
      <symbol id="sm-110">
         <name>Timer0K</name>
         <value>0x679</value>
         <object_component_ref idref="oc-96"/>
      </symbol>
      <symbol id="sm-111">
         <name>has_lcd_sendchar</name>
         <value>0xf89</value>
         <object_component_ref idref="oc-96"/>
      </symbol>
      <symbol id="sm-112">
         <name>has_Templcd</name>
         <value>0xd53</value>
         <object_component_ref idref="oc-96"/>
      </symbol>
      <symbol id="sm-113">
         <name>delay</name>
         <value>0x20000484</value>
         <object_component_ref idref="oc-16b"/>
      </symbol>
      <symbol id="sm-114">
         <name>sayac</name>
         <value>0x2000046c</value>
         <object_component_ref idref="oc-16b"/>
      </symbol>
      <symbol id="sm-115">
         <name>has_lcd_4bitsetup</name>
         <value>0x10fd</value>
         <object_component_ref idref="oc-96"/>
      </symbol>
      <symbol id="sm-116">
         <name>saat</name>
         <value>0x20000470</value>
         <object_component_ref idref="oc-16b"/>
      </symbol>
      <symbol id="sm-117">
         <name>has_Temp_SerialPort</name>
         <value>0x88d</value>
         <object_component_ref idref="oc-96"/>
      </symbol>
      <symbol id="sm-118">
         <name>dakika</name>
         <value>0x20000478</value>
         <object_component_ref idref="oc-16b"/>
      </symbol>
      <symbol id="sm-119">
         <name>has_serialPort_Clock_and_string_write</name>
         <value>0x437</value>
         <object_component_ref idref="oc-96"/>
      </symbol>
      <symbol id="sm-11a">
         <name>saniye</name>
         <value>0x2000047c</value>
         <object_component_ref idref="oc-16b"/>
      </symbol>
      <symbol id="sm-11b">
         <name>has_lcd_position</name>
         <value>0x10a3</value>
         <object_component_ref idref="oc-96"/>
      </symbol>
      <symbol id="sm-11c">
         <name>has_lcd_erase</name>
         <value>0xf31</value>
         <object_component_ref idref="oc-96"/>
      </symbol>
      <symbol id="sm-11d">
         <name>has_osil</name>
         <value>0x26d</value>
         <object_component_ref idref="oc-96"/>
      </symbol>
      <symbol id="sm-11e">
         <name>has_lcd_chronometer</name>
         <value>0x5a5</value>
         <object_component_ref idref="oc-96"/>
      </symbol>
      <symbol id="sm-12d">
         <name>_c_int00</name>
         <value>0x1cb9</value>
         <object_component_ref idref="oc-10"/>
      </symbol>
      <symbol id="sm-12e">
         <name>__stack</name>
         <value>0x2000026c</value>
         <object_component_ref idref="oc-23"/>
      </symbol>
      <symbol id="sm-144">
         <name>__TI_decompress_none</name>
         <value>0x20fd</value>
         <object_component_ref idref="oc-14"/>
      </symbol>
      <symbol id="sm-166">
         <name>__TI_decompress_rle24</name>
         <value>0x2175</value>
         <object_component_ref idref="oc-1e"/>
      </symbol>
      <symbol id="sm-179">
         <name>__TI_zero_init</name>
         <value>0x2085</value>
         <object_component_ref idref="oc-19"/>
      </symbol>
      <symbol id="sm-195">
         <name>C$$EXIT</name>
         <value>0x1dd1</value>
         <object_component_ref idref="oc-35"/>
      </symbol>
      <symbol id="sm-196">
         <name>abort</name>
         <value>0x1dd5</value>
         <object_component_ref idref="oc-35"/>
      </symbol>
      <symbol id="sm-197">
         <name>exit</name>
         <value>0x1ddd</value>
         <object_component_ref idref="oc-35"/>
      </symbol>
      <symbol id="sm-198">
         <name>__TI_dtors_ptr</name>
         <value>0x20000494</value>
         <object_component_ref idref="oc-77"/>
      </symbol>
      <symbol id="sm-199">
         <name>__TI_cleanup_ptr</name>
         <value>0x20000490</value>
         <object_component_ref idref="oc-77"/>
      </symbol>
      <symbol id="sm-1ac">
         <name>__aeabi_ddiv</name>
         <value>0x11fd</value>
         <object_component_ref idref="oc-120"/>
      </symbol>
      <symbol id="sm-1b6">
         <name>__aeabi_dmul</name>
         <value>0x1575</value>
         <object_component_ref idref="oc-11c"/>
      </symbol>
      <symbol id="sm-1bf">
         <name>__aeabi_d2f</name>
         <value>0x1c25</value>
         <object_component_ref idref="oc-124"/>
      </symbol>
      <symbol id="sm-1d9">
         <name>memcpy</name>
         <value>0x1765</value>
         <object_component_ref idref="oc-3d"/>
      </symbol>
      <symbol id="sm-1da">
         <name>__aeabi_memcpy</name>
         <value>0x1765</value>
         <object_component_ref idref="oc-3d"/>
      </symbol>
      <symbol id="sm-1db">
         <name>__aeabi_memcpy8</name>
         <value>0x1765</value>
         <object_component_ref idref="oc-3d"/>
      </symbol>
      <symbol id="sm-1dc">
         <name>__aeabi_memcpy4</name>
         <value>0x1765</value>
         <object_component_ref idref="oc-3d"/>
      </symbol>
      <symbol id="sm-1e3">
         <name>main_func_sp</name>
         <value>0x20000498</value>
         <object_component_ref idref="oc-3a"/>
      </symbol>
      <symbol id="sm-1ec">
         <name>__aeabi_ui2d</name>
         <value>0x1f2d</value>
         <object_component_ref idref="oc-118"/>
      </symbol>
      <symbol id="sm-202">
         <name>_nop</name>
         <value>0x2037</value>
         <object_component_ref idref="oc-a3"/>
      </symbol>
      <symbol id="sm-203">
         <name>_lock</name>
         <value>0x20000488</value>
         <object_component_ref idref="oc-75"/>
      </symbol>
      <symbol id="sm-204">
         <name>_unlock</name>
         <value>0x2000048c</value>
         <object_component_ref idref="oc-75"/>
      </symbol>
      <symbol id="sm-205">
         <name>_register_lock</name>
         <value>0x202f</value>
         <object_component_ref idref="oc-a3"/>
      </symbol>
      <symbol id="sm-206">
         <name>_register_unlock</name>
         <value>0x2029</value>
         <object_component_ref idref="oc-a3"/>
      </symbol>
      <symbol id="sm-219">
         <name>_args_main</name>
         <value>0x1ffd</value>
         <object_component_ref idref="oc-30"/>
      </symbol>
      <symbol id="sm-235">
         <name>__TI_auto_init</name>
         <value>0x1801</value>
         <object_component_ref idref="oc-2c"/>
      </symbol>
      <symbol id="sm-24d">
         <name>copy_in</name>
         <value>0x1d8d</value>
         <object_component_ref idref="oc-63"/>
      </symbol>
      <symbol id="sm-2ae">
         <name>ADCProcessorTrigger</name>
         <value>0x1f83</value>
         <object_component_ref idref="oc-109"/>
      </symbol>
      <symbol id="sm-2af">
         <name>ADCSequenceEnable</name>
         <value>0x20c5</value>
         <object_component_ref idref="oc-e1"/>
      </symbol>
      <symbol id="sm-2b0">
         <name>ADCSequenceConfigure</name>
         <value>0x1ae7</value>
         <object_component_ref idref="oc-c8"/>
      </symbol>
      <symbol id="sm-2b1">
         <name>ADCIntEnable</name>
         <value>0x2097</value>
         <object_component_ref idref="oc-dc"/>
      </symbol>
      <symbol id="sm-2b2">
         <name>ADCSequenceStepConfigure</name>
         <value>0x1895</value>
         <object_component_ref idref="oc-cd"/>
      </symbol>
      <symbol id="sm-2b3">
         <name>ADCIntClear</name>
         <value>0x212f</value>
         <object_component_ref idref="oc-10e"/>
      </symbol>
      <symbol id="sm-2b4">
         <name>ADCIntRegister</name>
         <value>0x1f6b</value>
         <object_component_ref idref="oc-d7"/>
      </symbol>
      <symbol id="sm-2b5">
         <name>ADCSequenceDisable</name>
         <value>0x20b7</value>
         <object_component_ref idref="oc-c3"/>
      </symbol>
      <symbol id="sm-2b6">
         <name>ADCSequenceDataGet</name>
         <value>0x1f4d</value>
         <object_component_ref idref="oc-113"/>
      </symbol>
      <symbol id="sm-33e">
         <name>GPIOIntRegister</name>
         <value>0x1f9b</value>
         <object_component_ref idref="oc-187"/>
      </symbol>
      <symbol id="sm-33f">
         <name>GPIOPinConfigure</name>
         <value>0x1c71</value>
         <object_component_ref idref="oc-eb"/>
      </symbol>
      <symbol id="sm-340">
         <name>GPIOIntEnable</name>
         <value>0x2117</value>
         <object_component_ref idref="oc-191"/>
      </symbol>
      <symbol id="sm-341">
         <name>GPIOIntTypeSet</name>
         <value>0x1a91</value>
         <object_component_ref idref="oc-18c"/>
      </symbol>
      <symbol id="sm-342">
         <name>GPIOPinTypeADC</name>
         <value>0x203d</value>
         <object_component_ref idref="oc-d2"/>
      </symbol>
      <symbol id="sm-343">
         <name>GPIOPinTypeGPIOInput</name>
         <value>0x204f</value>
         <object_component_ref idref="oc-17d"/>
      </symbol>
      <symbol id="sm-344">
         <name>GPIOIntClear</name>
         <value>0x215d</value>
         <object_component_ref idref="oc-178"/>
      </symbol>
      <symbol id="sm-345">
         <name>GPIOPinTypeUART</name>
         <value>0x2061</value>
         <object_component_ref idref="oc-f0"/>
      </symbol>
      <symbol id="sm-346">
         <name>GPIOPinTypeGPIOOutput</name>
         <value>0x1fb3</value>
         <object_component_ref idref="oc-e6"/>
      </symbol>
      <symbol id="sm-347">
         <name>GPIOPinRead</name>
         <value>0x2163</value>
         <object_component_ref idref="oc-19b"/>
      </symbol>
      <symbol id="sm-348">
         <name>GPIODirModeSet</name>
         <value>0x1ebd</value>
         <object_component_ref idref="oc-1bc"/>
      </symbol>
      <symbol id="sm-349">
         <name>GPIOPinWrite</name>
         <value>0x2169</value>
         <object_component_ref idref="oc-1a1"/>
      </symbol>
      <symbol id="sm-34a">
         <name>GPIOPadConfigSet</name>
         <value>0x1333</value>
         <object_component_ref idref="oc-182"/>
      </symbol>
      <symbol id="sm-387">
         <name>IntEnable</name>
         <value>0x1911</value>
         <object_component_ref idref="oc-ff"/>
      </symbol>
      <symbol id="sm-388">
         <name>IntRegister</name>
         <value>0x1e55</value>
         <object_component_ref idref="oc-1c7"/>
      </symbol>
      <symbol id="sm-389">
         <name>g_pfnRAMVectors</name>
         <value>0x20000000</value>
         <object_component_ref idref="oc-228"/>
      </symbol>
      <symbol id="sm-38a">
         <name>IntMasterEnable</name>
         <value>0x20a7</value>
         <object_component_ref idref="oc-104"/>
      </symbol>
      <symbol id="sm-3e3">
         <name>SysCtlClockSet</name>
         <value>0x1671</value>
         <object_component_ref idref="oc-91"/>
      </symbol>
      <symbol id="sm-3e4">
         <name>SysCtlDelay</name>
         <value>0x216f</value>
         <object_component_ref idref="oc-b6"/>
      </symbol>
      <symbol id="sm-3e5">
         <name>SysCtlPeripheralEnable</name>
         <value>0x1e89</value>
         <object_component_ref idref="oc-b9"/>
      </symbol>
      <symbol id="sm-3e6">
         <name>SysCtlClockGet</name>
         <value>0x1465</value>
         <object_component_ref idref="oc-f5"/>
      </symbol>
      <symbol id="sm-3e7">
         <name>SysCtlPeripheralReset</name>
         <value>0x1b39</value>
         <object_component_ref idref="oc-be"/>
      </symbol>
      <symbol id="sm-447">
         <name>TimerLoadSet</name>
         <value>0x2073</value>
         <object_component_ref idref="oc-150"/>
      </symbol>
      <symbol id="sm-448">
         <name>TimerIntRegister</name>
         <value>0x1fcb</value>
         <object_component_ref idref="oc-155"/>
      </symbol>
      <symbol id="sm-449">
         <name>TimerEnable</name>
         <value>0x20d3</value>
         <object_component_ref idref="oc-15f"/>
      </symbol>
      <symbol id="sm-44a">
         <name>TimerControlTrigger</name>
         <value>0x1a39</value>
         <object_component_ref idref="oc-16f"/>
      </symbol>
      <symbol id="sm-44b">
         <name>TimerIntEnable</name>
         <value>0x214d</value>
         <object_component_ref idref="oc-15a"/>
      </symbol>
      <symbol id="sm-44c">
         <name>TimerConfigure</name>
         <value>0x1979</value>
         <object_component_ref idref="oc-14b"/>
      </symbol>
      <symbol id="sm-44d">
         <name>TimerIntClear</name>
         <value>0x217b</value>
         <object_component_ref idref="oc-164"/>
      </symbol>
      <symbol id="sm-4b9">
         <name>UARTConfigSetExpClk</name>
         <value>0x1d01</value>
         <object_component_ref idref="oc-fa"/>
      </symbol>
      <symbol id="sm-4ba">
         <name>UARTDisable</name>
         <value>0x1f0d</value>
         <object_component_ref idref="oc-1d8"/>
      </symbol>
      <symbol id="sm-4bb">
         <name>UARTIntEnable</name>
         <value>0x2155</value>
         <object_component_ref idref="oc-132"/>
      </symbol>
      <symbol id="sm-4bc">
         <name>UARTCharsAvail</name>
         <value>0x20ef</value>
         <object_component_ref idref="oc-141"/>
      </symbol>
      <symbol id="sm-4bd">
         <name>UARTCharGetNonBlocking</name>
         <value>0x20e1</value>
         <object_component_ref idref="oc-13c"/>
      </symbol>
      <symbol id="sm-4be">
         <name>UARTCharPut</name>
         <value>0x2139</value>
         <object_component_ref idref="oc-128"/>
      </symbol>
      <symbol id="sm-4bf">
         <name>UARTEnable</name>
         <value>0x2015</value>
         <object_component_ref idref="oc-1dd"/>
      </symbol>
      <symbol id="sm-4c0">
         <name>UARTIntClear</name>
         <value>0x217f</value>
         <object_component_ref idref="oc-146"/>
      </symbol>
      <symbol id="sm-4c1">
         <name>UARTIntStatus</name>
         <value>0x2143</value>
         <object_component_ref idref="oc-137"/>
      </symbol>
      <symbol id="sm-4c2">
         <name>UARTIntRegister</name>
         <value>0x1fe3</value>
         <object_component_ref idref="oc-12d"/>
      </symbol>
      <symbol id="sm-4cb">
         <name>CPUcpsie</name>
         <value>0x210b</value>
         <object_component_ref idref="oc-1e8"/>
      </symbol>
      <symbol id="sm-4cc">
         <name>__TI_static_base__</name>
         <value>0x0</value>
      </symbol>
      <symbol id="sm-4cd">
         <name>__TI_args_main</name>
         <value>0x1</value>
      </symbol>
      <symbol id="sm-4ce">
         <name>SHT$$INIT_ARRAY$$Limit</name>
         <value>0x0</value>
      </symbol>
      <symbol id="sm-4cf">
         <name>SHT$$INIT_ARRAY$$Base</name>
         <value>0x0</value>
      </symbol>
   </symbol_table>
   <title>Link successful</title>
</link_info>
