<?xml version="1.0"?>
<link_info>
   <banner>TI ARM Linker PC v5.1.5</banner>
   <copyright>Copyright (c) 1996-2014 Texas Instruments Incorporated</copyright>
   <link_time>0x5a19f951</link_time>
   <link_errors>0x0</link_errors>
   <output_file>LCD KEROMETRE.out</output_file>
   <entry_point>
      <name>_c_int00</name>
      <address>0xdb1</address>
   </entry_point>
   <input_file_list>
      <input_file id="fl-2">
         <path>.\</path>
         <kind>object</kind>
         <file>tm4c123gh6pm_startup_ccs.obj</file>
         <name>tm4c123gh6pm_startup_ccs.obj</name>
      </input_file>
      <input_file id="fl-3">
         <path>.\</path>
         <kind>object</kind>
         <file>lcdkerometre.obj</file>
         <name>lcdkerometre.obj</name>
      </input_file>
      <input_file id="fl-131">
         <path>c:\ti\ccsv6\tools\compiler\arm_5.1.5\lib\</path>
         <kind>archive</kind>
         <file>rtsv7M4_T_le_v4SPD16_eabi.lib</file>
         <name>boot.obj</name>
      </input_file>
      <input_file id="fl-132">
         <path>c:\ti\ccsv6\tools\compiler\arm_5.1.5\lib\</path>
         <kind>archive</kind>
         <file>rtsv7M4_T_le_v4SPD16_eabi.lib</file>
         <name>copy_decompress_none.obj</name>
      </input_file>
      <input_file id="fl-133">
         <path>c:\ti\ccsv6\tools\compiler\arm_5.1.5\lib\</path>
         <kind>archive</kind>
         <file>rtsv7M4_T_le_v4SPD16_eabi.lib</file>
         <name>copy_decompress_rle.obj</name>
      </input_file>
      <input_file id="fl-134">
         <path>c:\ti\ccsv6\tools\compiler\arm_5.1.5\lib\</path>
         <kind>archive</kind>
         <file>rtsv7M4_T_le_v4SPD16_eabi.lib</file>
         <name>copy_zero_init.obj</name>
      </input_file>
      <input_file id="fl-135">
         <path>c:\ti\ccsv6\tools\compiler\arm_5.1.5\lib\</path>
         <kind>archive</kind>
         <file>rtsv7M4_T_le_v4SPD16_eabi.lib</file>
         <name>exit.obj</name>
      </input_file>
      <input_file id="fl-136">
         <path>c:\ti\ccsv6\tools\compiler\arm_5.1.5\lib\</path>
         <kind>archive</kind>
         <file>rtsv7M4_T_le_v4SPD16_eabi.lib</file>
         <name>memcpy_t2.obj</name>
      </input_file>
      <input_file id="fl-137">
         <path>c:\ti\ccsv6\tools\compiler\arm_5.1.5\lib\</path>
         <kind>archive</kind>
         <file>rtsv7M4_T_le_v4SPD16_eabi.lib</file>
         <name>stkdepth_vars.obj</name>
      </input_file>
      <input_file id="fl-138">
         <path>c:\ti\ccsv6\tools\compiler\arm_5.1.5\lib\</path>
         <kind>archive</kind>
         <file>rtsv7M4_T_le_v4SPD16_eabi.lib</file>
         <name>_lock.obj</name>
      </input_file>
      <input_file id="fl-139">
         <path>c:\ti\ccsv6\tools\compiler\arm_5.1.5\lib\</path>
         <kind>archive</kind>
         <file>rtsv7M4_T_le_v4SPD16_eabi.lib</file>
         <name>args_main.obj</name>
      </input_file>
      <input_file id="fl-13a">
         <path>c:\ti\ccsv6\tools\compiler\arm_5.1.5\lib\</path>
         <kind>archive</kind>
         <file>rtsv7M4_T_le_v4SPD16_eabi.lib</file>
         <name>auto_init.obj</name>
      </input_file>
      <input_file id="fl-13b">
         <path>c:\ti\ccsv6\tools\compiler\arm_5.1.5\lib\</path>
         <kind>archive</kind>
         <file>rtsv7M4_T_le_v4SPD16_eabi.lib</file>
         <name>cpy_tbl.obj</name>
      </input_file>
      <input_file id="fl-13c">
         <path>C:\ti\TivaWare_C_Series-2.1.4.178\driverlib\ccs\Debug\</path>
         <kind>archive</kind>
         <file>driverlib.lib</file>
         <name>gpio.obj</name>
      </input_file>
      <input_file id="fl-13d">
         <path>C:\ti\TivaWare_C_Series-2.1.4.178\driverlib\ccs\Debug\</path>
         <kind>archive</kind>
         <file>driverlib.lib</file>
         <name>interrupt.obj</name>
      </input_file>
      <input_file id="fl-13e">
         <path>C:\ti\TivaWare_C_Series-2.1.4.178\driverlib\ccs\Debug\</path>
         <kind>archive</kind>
         <file>driverlib.lib</file>
         <name>sysctl.obj</name>
      </input_file>
      <input_file id="fl-13f">
         <path>C:\ti\TivaWare_C_Series-2.1.4.178\driverlib\ccs\Debug\</path>
         <kind>archive</kind>
         <file>driverlib.lib</file>
         <name>timer.obj</name>
      </input_file>
      <input_file id="fl-140">
         <path>C:\ti\TivaWare_C_Series-2.1.4.178\driverlib\ccs\Debug\</path>
         <kind>archive</kind>
         <file>driverlib.lib</file>
         <name>cpu.obj</name>
      </input_file>
   </input_file_list>
   <object_component_list>
      <object_component id="oc-e">
         <name>.intvecs</name>
         <load_address>0x0</load_address>
         <run_address>0x0</run_address>
         <size>0x26c</size>
         <input_file_ref idref="fl-2"/>
      </object_component>
      <object_component id="oc-69">
         <name>.text</name>
         <load_address>0x26c</load_address>
         <run_address>0x26c</run_address>
         <size>0x568</size>
         <input_file_ref idref="fl-3"/>
      </object_component>
      <object_component id="oc-d2">
         <name>.text:GPIOPadConfigSet</name>
         <load_address>0x7d4</load_address>
         <run_address>0x7d4</run_address>
         <size>0x132</size>
         <input_file_ref idref="fl-13c"/>
      </object_component>
      <object_component id="oc-aa">
         <name>.text:SysCtlClockGet</name>
         <load_address>0x908</load_address>
         <run_address>0x908</run_address>
         <size>0x110</size>
         <input_file_ref idref="fl-13e"/>
      </object_component>
      <object_component id="oc-96">
         <name>.text:SysCtlClockSet</name>
         <load_address>0xa18</load_address>
         <run_address>0xa18</run_address>
         <size>0xf4</size>
         <input_file_ref idref="fl-13e"/>
      </object_component>
      <object_component id="oc-3d">
         <name>.text</name>
         <load_address>0xb0c</load_address>
         <run_address>0xb0c</run_address>
         <size>0x9c</size>
         <input_file_ref idref="fl-136"/>
      </object_component>
      <object_component id="oc-2c">
         <name>.text</name>
         <load_address>0xba8</load_address>
         <run_address>0xba8</run_address>
         <size>0x94</size>
         <input_file_ref idref="fl-13a"/>
      </object_component>
      <object_component id="oc-b9">
         <name>.text:IntEnable</name>
         <load_address>0xc3c</load_address>
         <run_address>0xc3c</run_address>
         <size>0x68</size>
         <input_file_ref idref="fl-13d"/>
      </object_component>
      <object_component id="oc-a5">
         <name>.text:TimerConfigure</name>
         <load_address>0xca4</load_address>
         <run_address>0xca4</run_address>
         <size>0x60</size>
         <input_file_ref idref="fl-13f"/>
      </object_component>
      <object_component id="oc-4f">
         <name>.text</name>
         <load_address>0xd04</load_address>
         <run_address>0xd04</run_address>
         <size>0x5e</size>
         <input_file_ref idref="fl-133"/>
      </object_component>
      <object_component id="oc-117">
         <name>.text:_TimerIntNumberGet</name>
         <load_address>0xd64</load_address>
         <run_address>0xd64</run_address>
         <size>0x4c</size>
         <input_file_ref idref="fl-13f"/>
      </object_component>
      <object_component id="oc-10">
         <name>.text</name>
         <load_address>0xdb0</load_address>
         <run_address>0xdb0</run_address>
         <size>0x48</size>
         <input_file_ref idref="fl-131"/>
      </object_component>
      <object_component id="oc-63">
         <name>.text</name>
         <load_address>0xdf8</load_address>
         <run_address>0xdf8</run_address>
         <size>0x44</size>
         <input_file_ref idref="fl-13b"/>
      </object_component>
      <object_component id="oc-35">
         <name>.text</name>
         <load_address>0xe3c</load_address>
         <run_address>0xe3c</run_address>
         <size>0x44</size>
         <input_file_ref idref="fl-135"/>
      </object_component>
      <object_component id="oc-11c">
         <name>.text:IntRegister</name>
         <load_address>0xe80</load_address>
         <run_address>0xe80</run_address>
         <size>0x34</size>
         <input_file_ref idref="fl-13d"/>
      </object_component>
      <object_component id="oc-9b">
         <name>.text:SysCtlPeripheralEnable</name>
         <load_address>0xeb4</load_address>
         <run_address>0xeb4</run_address>
         <size>0x34</size>
         <input_file_ref idref="fl-13e"/>
      </object_component>
      <object_component id="oc-10b">
         <name>.text:GPIODirModeSet</name>
         <load_address>0xee8</load_address>
         <run_address>0xee8</run_address>
         <size>0x2a</size>
         <input_file_ref idref="fl-13c"/>
      </object_component>
      <object_component id="oc-a0">
         <name>.text:GPIOPinTypeGPIOOutput</name>
         <load_address>0xf12</load_address>
         <run_address>0xf12</run_address>
         <size>0x18</size>
         <input_file_ref idref="fl-13c"/>
      </object_component>
      <object_component id="oc-b4">
         <name>.text:TimerIntRegister</name>
         <load_address>0xf2a</load_address>
         <run_address>0xf2a</run_address>
         <size>0x18</size>
         <input_file_ref idref="fl-13f"/>
      </object_component>
      <object_component id="oc-30">
         <name>.text</name>
         <load_address>0xf44</load_address>
         <run_address>0xf44</run_address>
         <size>0x18</size>
         <input_file_ref idref="fl-139"/>
      </object_component>
      <object_component id="oc-f3">
         <name>.text</name>
         <load_address>0xf5c</load_address>
         <run_address>0xf5c</run_address>
         <size>0x14</size>
         <input_file_ref idref="fl-138"/>
      </object_component>
      <object_component id="oc-cd">
         <name>.text:GPIOPinTypeGPIOInput</name>
         <load_address>0xf70</load_address>
         <run_address>0xf70</run_address>
         <size>0x12</size>
         <input_file_ref idref="fl-13c"/>
      </object_component>
      <object_component id="oc-af">
         <name>.text:TimerLoadSet</name>
         <load_address>0xf82</load_address>
         <run_address>0xf82</run_address>
         <size>0x12</size>
         <input_file_ref idref="fl-13f"/>
      </object_component>
      <object_component id="oc-19">
         <name>.text:decompress:ZI</name>
         <load_address>0xf94</load_address>
         <run_address>0xf94</run_address>
         <size>0x12</size>
         <input_file_ref idref="fl-134"/>
      </object_component>
      <object_component id="oc-c3">
         <name>.text:IntMasterEnable</name>
         <load_address>0xfa6</load_address>
         <run_address>0xfa6</run_address>
         <size>0x10</size>
         <input_file_ref idref="fl-13d"/>
      </object_component>
      <object_component id="oc-c8">
         <name>.text:TimerEnable</name>
         <load_address>0xfb6</load_address>
         <run_address>0xfb6</run_address>
         <size>0xe</size>
         <input_file_ref idref="fl-13f"/>
      </object_component>
      <object_component id="oc-14">
         <name>.text:decompress:none</name>
         <load_address>0xfc4</load_address>
         <run_address>0xfc4</run_address>
         <size>0xe</size>
         <input_file_ref idref="fl-132"/>
      </object_component>
      <object_component id="oc-127">
         <name>.text:CPUcpsie</name>
         <load_address>0xfd2</load_address>
         <run_address>0xfd2</run_address>
         <size>0xc</size>
         <input_file_ref idref="fl-140"/>
      </object_component>
      <object_component id="oc-24">
         <name>.text</name>
         <load_address>0xfde</load_address>
         <run_address>0xfde</run_address>
         <size>0xc</size>
         <input_file_ref idref="fl-2"/>
      </object_component>
      <object_component id="oc-be">
         <name>.text:TimerIntEnable</name>
         <load_address>0xfea</load_address>
         <run_address>0xfea</run_address>
         <size>0x8</size>
         <input_file_ref idref="fl-13f"/>
      </object_component>
      <object_component id="oc-d7">
         <name>.text:GPIOPinRead</name>
         <load_address>0xff2</load_address>
         <run_address>0xff2</run_address>
         <size>0x6</size>
         <input_file_ref idref="fl-13c"/>
      </object_component>
      <object_component id="oc-df">
         <name>.text:GPIOPinWrite</name>
         <load_address>0xff8</load_address>
         <run_address>0xff8</run_address>
         <size>0x6</size>
         <input_file_ref idref="fl-13c"/>
      </object_component>
      <object_component id="oc-dc">
         <name>.text:SysCtlDelay</name>
         <load_address>0xffe</load_address>
         <run_address>0xffe</run_address>
         <size>0x6</size>
         <input_file_ref idref="fl-13e"/>
      </object_component>
      <object_component id="oc-1e">
         <name>.text:decompress:rle24</name>
         <load_address>0x1004</load_address>
         <run_address>0x1004</run_address>
         <size>0x6</size>
         <input_file_ref idref="fl-133"/>
      </object_component>
      <object_component id="oc-91">
         <name>.text:TimerIntClear</name>
         <load_address>0x100a</load_address>
         <run_address>0x100a</run_address>
         <size>0x4</size>
         <input_file_ref idref="fl-13f"/>
      </object_component>
      <object_component id="oc-122">
         <name>.const</name>
         <load_address>0x1010</load_address>
         <run_address>0x1010</run_address>
         <size>0x70</size>
         <input_file_ref idref="fl-13d"/>
      </object_component>
      <object_component id="oc-113">
         <name>.const:g_pui32Xtals</name>
         <load_address>0x1080</load_address>
         <run_address>0x1080</run_address>
         <size>0x6c</size>
         <input_file_ref idref="fl-13e"/>
      </object_component>
      <object_component id="oc-151">
         <name>.const:g_ppui32TimerIntMap</name>
         <load_address>0x10ec</load_address>
         <run_address>0x10ec</run_address>
         <size>0x60</size>
         <input_file_ref idref="fl-13f"/>
      </object_component>
      <object_component id="oc-153">
         <name>.const:g_ppui32TimerIntMapSnowflake</name>
         <load_address>0x114c</load_address>
         <run_address>0x114c</run_address>
         <size>0x40</size>
         <input_file_ref idref="fl-13f"/>
      </object_component>
      <object_component id="oc-181">
         <name>.cinit..data.load</name>
         <load_address>0x1190</load_address>
         <run_address>0x1190</run_address>
         <size>0x12</size>
      </object_component>
      <object_component id="oc-17e">
         <name>__TI_handler_table</name>
         <load_address>0x11a4</load_address>
         <run_address>0x11a4</run_address>
         <size>0xc</size>
      </object_component>
      <object_component id="oc-182">
         <name>.cinit..bss.load</name>
         <load_address>0x11b0</load_address>
         <run_address>0x11b0</run_address>
         <size>0x8</size>
      </object_component>
      <object_component id="oc-180">
         <name>.cinit..vtable.load</name>
         <load_address>0x11b8</load_address>
         <run_address>0x11b8</run_address>
         <size>0x8</size>
      </object_component>
      <object_component id="oc-17f">
         <name>__TI_cinit_table</name>
         <load_address>0x11c0</load_address>
         <run_address>0x11c0</run_address>
         <size>0x18</size>
      </object_component>
      <object_component id="oc-156">
         <name>.vtable</name>
         <uninitialized>true</uninitialized>
         <run_address>0x20000000</run_address>
         <size>0x26c</size>
         <input_file_ref idref="fl-13d"/>
      </object_component>
      <object_component id="oc-3a">
         <name>.data</name>
         <load_address>0x20000494</load_address>
         <run_address>0x20000494</run_address>
         <size>0x4</size>
         <input_file_ref idref="fl-137"/>
      </object_component>
      <object_component id="oc-75">
         <name>.data</name>
         <load_address>0x20000484</load_address>
         <run_address>0x20000484</run_address>
         <size>0x8</size>
         <input_file_ref idref="fl-138"/>
      </object_component>
      <object_component id="oc-77">
         <name>.data</name>
         <load_address>0x2000048c</load_address>
         <run_address>0x2000048c</run_address>
         <size>0x8</size>
         <input_file_ref idref="fl-135"/>
      </object_component>
      <object_component id="oc-dd">
         <name>.data</name>
         <load_address>0x2000046c</load_address>
         <run_address>0x2000046c</run_address>
         <size>0x15</size>
         <input_file_ref idref="fl-3"/>
      </object_component>
      <object_component id="oc-ea">
         <name>.common:bas</name>
         <uninitialized>true</uninitialized>
         <run_address>0x20000498</run_address>
         <size>0x8</size>
      </object_component>
      <object_component id="oc-23">
         <name>.stack</name>
         <uninitialized>true</uninitialized>
         <run_address>0x2000026c</run_address>
         <size>0x0</size>
         <input_file_ref idref="fl-131"/>
      </object_component>
      <object_component id="oc-183">
         <name>.stack</name>
         <uninitialized>true</uninitialized>
         <run_address>0x2000026c</run_address>
         <size>0x0</size>
      </object_component>
      <object_component id="oc-f">
         <name>.debug_info</name>
         <load_address>0x0</load_address>
         <run_address>0x0</run_address>
         <size>0xe5</size>
         <input_file_ref idref="fl-2"/>
      </object_component>
      <object_component id="oc-11">
         <name>.debug_info</name>
         <load_address>0xe5</load_address>
         <run_address>0xe5</run_address>
         <size>0xf3</size>
         <input_file_ref idref="fl-131"/>
      </object_component>
      <object_component id="oc-17">
         <name>.debug_info</name>
         <load_address>0x1d8</load_address>
         <run_address>0x1d8</run_address>
         <size>0x194</size>
         <input_file_ref idref="fl-132"/>
      </object_component>
      <object_component id="oc-1c">
         <name>.debug_info</name>
         <load_address>0x36c</load_address>
         <run_address>0x36c</run_address>
         <size>0x16a</size>
         <input_file_ref idref="fl-134"/>
      </object_component>
      <object_component id="oc-1f">
         <name>.debug_info</name>
         <load_address>0x4d6</load_address>
         <run_address>0x4d6</run_address>
         <size>0x18e</size>
         <input_file_ref idref="fl-133"/>
      </object_component>
      <object_component id="oc-25">
         <name>.debug_info</name>
         <load_address>0x664</load_address>
         <run_address>0x664</run_address>
         <size>0x261</size>
         <input_file_ref idref="fl-2"/>
      </object_component>
      <object_component id="oc-2b">
         <name>.debug_info</name>
         <load_address>0x8c5</load_address>
         <run_address>0x8c5</run_address>
         <size>0xfa</size>
         <input_file_ref idref="fl-2"/>
      </object_component>
      <object_component id="oc-2f">
         <name>.debug_info</name>
         <load_address>0x9bf</load_address>
         <run_address>0x9bf</run_address>
         <size>0x13d</size>
         <input_file_ref idref="fl-13a"/>
      </object_component>
      <object_component id="oc-32">
         <name>.debug_info</name>
         <load_address>0xafc</load_address>
         <run_address>0xafc</run_address>
         <size>0x11c</size>
         <input_file_ref idref="fl-139"/>
      </object_component>
      <object_component id="oc-39">
         <name>.debug_info</name>
         <load_address>0xc18</load_address>
         <run_address>0xc18</run_address>
         <size>0x1c2</size>
         <input_file_ref idref="fl-135"/>
      </object_component>
      <object_component id="oc-3b">
         <name>.debug_info</name>
         <load_address>0xdda</load_address>
         <run_address>0xdda</run_address>
         <size>0xbe</size>
         <input_file_ref idref="fl-137"/>
      </object_component>
      <object_component id="oc-3f">
         <name>.debug_info</name>
         <load_address>0xe98</load_address>
         <run_address>0xe98</run_address>
         <size>0xcc</size>
         <input_file_ref idref="fl-136"/>
      </object_component>
      <object_component id="oc-42">
         <name>.debug_info</name>
         <load_address>0xf64</load_address>
         <run_address>0xf64</run_address>
         <size>0x46</size>
         <input_file_ref idref="fl-132"/>
      </object_component>
      <object_component id="oc-47">
         <name>.debug_info</name>
         <load_address>0xfaa</load_address>
         <run_address>0xfaa</run_address>
         <size>0xf2</size>
         <input_file_ref idref="fl-132"/>
      </object_component>
      <object_component id="oc-49">
         <name>.debug_info</name>
         <load_address>0x109c</load_address>
         <run_address>0x109c</run_address>
         <size>0x46</size>
         <input_file_ref idref="fl-134"/>
      </object_component>
      <object_component id="oc-4e">
         <name>.debug_info</name>
         <load_address>0x10e2</load_address>
         <run_address>0x10e2</run_address>
         <size>0xad</size>
         <input_file_ref idref="fl-134"/>
      </object_component>
      <object_component id="oc-50">
         <name>.debug_info</name>
         <load_address>0x118f</load_address>
         <run_address>0x118f</run_address>
         <size>0x1ef</size>
         <input_file_ref idref="fl-133"/>
      </object_component>
      <object_component id="oc-55">
         <name>.debug_info</name>
         <load_address>0x137e</load_address>
         <run_address>0x137e</run_address>
         <size>0xb7</size>
         <input_file_ref idref="fl-133"/>
      </object_component>
      <object_component id="oc-56">
         <name>.debug_info</name>
         <load_address>0x1435</load_address>
         <run_address>0x1435</run_address>
         <size>0x39</size>
         <input_file_ref idref="fl-133"/>
      </object_component>
      <object_component id="oc-5e">
         <name>.debug_info</name>
         <load_address>0x146e</load_address>
         <run_address>0x146e</run_address>
         <size>0x18b</size>
         <input_file_ref idref="fl-2"/>
      </object_component>
      <object_component id="oc-67">
         <name>.debug_info</name>
         <load_address>0x15f9</load_address>
         <run_address>0x15f9</run_address>
         <size>0x14b</size>
         <input_file_ref idref="fl-13b"/>
      </object_component>
      <object_component id="oc-6c">
         <name>.debug_info</name>
         <load_address>0x1744</load_address>
         <run_address>0x1744</run_address>
         <size>0xc61</size>
         <input_file_ref idref="fl-3"/>
      </object_component>
      <object_component id="oc-6f">
         <name>.debug_info</name>
         <load_address>0x23a5</load_address>
         <run_address>0x23a5</run_address>
         <size>0x84</size>
         <input_file_ref idref="fl-2"/>
      </object_component>
      <object_component id="oc-74">
         <name>.debug_info</name>
         <load_address>0x2429</load_address>
         <run_address>0x2429</run_address>
         <size>0x11b</size>
         <input_file_ref idref="fl-139"/>
      </object_component>
      <object_component id="oc-76">
         <name>.debug_info</name>
         <load_address>0x2544</load_address>
         <run_address>0x2544</run_address>
         <size>0xc8</size>
         <input_file_ref idref="fl-138"/>
      </object_component>
      <object_component id="oc-78">
         <name>.debug_info</name>
         <load_address>0x260c</load_address>
         <run_address>0x260c</run_address>
         <size>0xeb</size>
         <input_file_ref idref="fl-135"/>
      </object_component>
      <object_component id="oc-7a">
         <name>.debug_info</name>
         <load_address>0x26f7</load_address>
         <run_address>0x26f7</run_address>
         <size>0x146</size>
         <input_file_ref idref="fl-135"/>
      </object_component>
      <object_component id="oc-7e">
         <name>.debug_info</name>
         <load_address>0x283d</load_address>
         <run_address>0x283d</run_address>
         <size>0x2c</size>
         <input_file_ref idref="fl-132"/>
      </object_component>
      <object_component id="oc-85">
         <name>.debug_info</name>
         <load_address>0x2869</load_address>
         <run_address>0x2869</run_address>
         <size>0x2c</size>
         <input_file_ref idref="fl-3"/>
      </object_component>
      <object_component id="oc-90">
         <name>.debug_info</name>
         <load_address>0x2895</load_address>
         <run_address>0x2895</run_address>
         <size>0x148</size>
         <input_file_ref idref="fl-13b"/>
      </object_component>
      <object_component id="oc-93">
         <name>.debug_info</name>
         <load_address>0x29dd</load_address>
         <run_address>0x29dd</run_address>
         <size>0x292</size>
         <input_file_ref idref="fl-13f"/>
      </object_component>
      <object_component id="oc-97">
         <name>.debug_info</name>
         <load_address>0x2c6f</load_address>
         <run_address>0x2c6f</run_address>
         <size>0x2db</size>
         <input_file_ref idref="fl-13e"/>
      </object_component>
      <object_component id="oc-9c">
         <name>.debug_info</name>
         <load_address>0x2f4a</load_address>
         <run_address>0x2f4a</run_address>
         <size>0x27d</size>
         <input_file_ref idref="fl-13e"/>
      </object_component>
      <object_component id="oc-a1">
         <name>.debug_info</name>
         <load_address>0x31c7</load_address>
         <run_address>0x31c7</run_address>
         <size>0x2b7</size>
         <input_file_ref idref="fl-13c"/>
      </object_component>
      <object_component id="oc-a6">
         <name>.debug_info</name>
         <load_address>0x347e</load_address>
         <run_address>0x347e</run_address>
         <size>0x28c</size>
         <input_file_ref idref="fl-13f"/>
      </object_component>
      <object_component id="oc-ab">
         <name>.debug_info</name>
         <load_address>0x370a</load_address>
         <run_address>0x370a</run_address>
         <size>0x2b5</size>
         <input_file_ref idref="fl-13e"/>
      </object_component>
      <object_component id="oc-b1">
         <name>.debug_info</name>
         <load_address>0x39bf</load_address>
         <run_address>0x39bf</run_address>
         <size>0x2ba</size>
         <input_file_ref idref="fl-13f"/>
      </object_component>
      <object_component id="oc-b6">
         <name>.debug_info</name>
         <load_address>0x3c79</load_address>
         <run_address>0x3c79</run_address>
         <size>0x2e4</size>
         <input_file_ref idref="fl-13f"/>
      </object_component>
      <object_component id="oc-bb">
         <name>.debug_info</name>
         <load_address>0x3f5d</load_address>
         <run_address>0x3f5d</run_address>
         <size>0x268</size>
         <input_file_ref idref="fl-13d"/>
      </object_component>
      <object_component id="oc-c0">
         <name>.debug_info</name>
         <load_address>0x41c5</load_address>
         <run_address>0x41c5</run_address>
         <size>0x294</size>
         <input_file_ref idref="fl-13f"/>
      </object_component>
      <object_component id="oc-c5">
         <name>.debug_info</name>
         <load_address>0x4459</load_address>
         <run_address>0x4459</run_address>
         <size>0x23e</size>
         <input_file_ref idref="fl-13d"/>
      </object_component>
      <object_component id="oc-ca">
         <name>.debug_info</name>
         <load_address>0x4697</load_address>
         <run_address>0x4697</run_address>
         <size>0x27f</size>
         <input_file_ref idref="fl-13f"/>
      </object_component>
      <object_component id="oc-ce">
         <name>.debug_info</name>
         <load_address>0x4916</load_address>
         <run_address>0x4916</run_address>
         <size>0x285</size>
         <input_file_ref idref="fl-13c"/>
      </object_component>
      <object_component id="oc-d3">
         <name>.debug_info</name>
         <load_address>0x4b9b</load_address>
         <run_address>0x4b9b</run_address>
         <size>0x316</size>
         <input_file_ref idref="fl-13c"/>
      </object_component>
      <object_component id="oc-d8">
         <name>.debug_info</name>
         <load_address>0x4eb1</load_address>
         <run_address>0x4eb1</run_address>
         <size>0x27b</size>
         <input_file_ref idref="fl-13c"/>
      </object_component>
      <object_component id="oc-de">
         <name>.debug_info</name>
         <load_address>0x512c</load_address>
         <run_address>0x512c</run_address>
         <size>0x14c</size>
         <input_file_ref idref="fl-3"/>
      </object_component>
      <object_component id="oc-e0">
         <name>.debug_info</name>
         <load_address>0x5278</load_address>
         <run_address>0x5278</run_address>
         <size>0x2a3</size>
         <input_file_ref idref="fl-13c"/>
      </object_component>
      <object_component id="oc-e5">
         <name>.debug_info</name>
         <load_address>0x551b</load_address>
         <run_address>0x551b</run_address>
         <size>0x455</size>
         <input_file_ref idref="fl-3"/>
      </object_component>
      <object_component id="oc-ee">
         <name>.debug_info</name>
         <load_address>0x5970</load_address>
         <run_address>0x5970</run_address>
         <size>0x5e</size>
         <input_file_ref idref="fl-139"/>
      </object_component>
      <object_component id="oc-f6">
         <name>.debug_info</name>
         <load_address>0x59ce</load_address>
         <run_address>0x59ce</run_address>
         <size>0x1d4</size>
         <input_file_ref idref="fl-138"/>
      </object_component>
      <object_component id="oc-fa">
         <name>.debug_info</name>
         <load_address>0x5ba2</load_address>
         <run_address>0x5ba2</run_address>
         <size>0xd9</size>
         <input_file_ref idref="fl-138"/>
      </object_component>
      <object_component id="oc-101">
         <name>.debug_info</name>
         <load_address>0x5c7b</load_address>
         <run_address>0x5c7b</run_address>
         <size>0xcd</size>
         <input_file_ref idref="fl-13b"/>
      </object_component>
      <object_component id="oc-107">
         <name>.debug_info</name>
         <load_address>0x5d48</load_address>
         <run_address>0x5d48</run_address>
         <size>0x223</size>
         <input_file_ref idref="fl-13f"/>
      </object_component>
      <object_component id="oc-109">
         <name>.debug_info</name>
         <load_address>0x5f6b</load_address>
         <run_address>0x5f6b</run_address>
         <size>0x298</size>
         <input_file_ref idref="fl-13e"/>
      </object_component>
      <object_component id="oc-10c">
         <name>.debug_info</name>
         <load_address>0x6203</load_address>
         <run_address>0x6203</run_address>
         <size>0x2b3</size>
         <input_file_ref idref="fl-13c"/>
      </object_component>
      <object_component id="oc-111">
         <name>.debug_info</name>
         <load_address>0x64b6</load_address>
         <run_address>0x64b6</run_address>
         <size>0x240</size>
         <input_file_ref idref="fl-13c"/>
      </object_component>
      <object_component id="oc-114">
         <name>.debug_info</name>
         <load_address>0x66f6</load_address>
         <run_address>0x66f6</run_address>
         <size>0x14d</size>
         <input_file_ref idref="fl-13e"/>
      </object_component>
      <object_component id="oc-119">
         <name>.debug_info</name>
         <load_address>0x6843</load_address>
         <run_address>0x6843</run_address>
         <size>0x2eb</size>
         <input_file_ref idref="fl-13f"/>
      </object_component>
      <object_component id="oc-11e">
         <name>.debug_info</name>
         <load_address>0x6b2e</load_address>
         <run_address>0x6b2e</run_address>
         <size>0x2c1</size>
         <input_file_ref idref="fl-13d"/>
      </object_component>
      <object_component id="oc-123">
         <name>.debug_info</name>
         <load_address>0x6def</load_address>
         <run_address>0x6def</run_address>
         <size>0x210</size>
         <input_file_ref idref="fl-13d"/>
      </object_component>
      <object_component id="oc-125">
         <name>.debug_info</name>
         <load_address>0x6fff</load_address>
         <run_address>0x6fff</run_address>
         <size>0x20e</size>
         <input_file_ref idref="fl-13d"/>
      </object_component>
      <object_component id="oc-12a">
         <name>.debug_info</name>
         <load_address>0x720d</load_address>
         <run_address>0x720d</run_address>
         <size>0x212</size>
         <input_file_ref idref="fl-140"/>
      </object_component>
      <object_component id="oc-12d">
         <name>.debug_info</name>
         <load_address>0x741f</load_address>
         <run_address>0x741f</run_address>
         <size>0x8b</size>
         <input_file_ref idref="fl-13c"/>
      </object_component>
      <object_component id="oc-13b">
         <name>.debug_info</name>
         <load_address>0x74aa</load_address>
         <run_address>0x74aa</run_address>
         <size>0x2c</size>
         <input_file_ref idref="fl-3"/>
      </object_component>
      <object_component id="oc-147">
         <name>.debug_info</name>
         <load_address>0x74d6</load_address>
         <run_address>0x74d6</run_address>
         <size>0x5f</size>
         <input_file_ref idref="fl-13e"/>
      </object_component>
      <object_component id="oc-152">
         <name>.debug_info</name>
         <load_address>0x7535</load_address>
         <run_address>0x7535</run_address>
         <size>0x15a</size>
         <input_file_ref idref="fl-13f"/>
      </object_component>
      <object_component id="oc-154">
         <name>.debug_info</name>
         <load_address>0x768f</load_address>
         <run_address>0x768f</run_address>
         <size>0x16c</size>
         <input_file_ref idref="fl-13f"/>
      </object_component>
      <object_component id="oc-157">
         <name>.debug_info</name>
         <load_address>0x77fb</load_address>
         <run_address>0x77fb</run_address>
         <size>0x157</size>
         <input_file_ref idref="fl-13d"/>
      </object_component>
      <object_component id="oc-184">
         <name>.debug_info</name>
         <load_address>0x7952</load_address>
         <run_address>0x7952</run_address>
         <size>0x9f</size>
      </object_component>
      <object_component id="oc-12">
         <name>.debug_line</name>
         <load_address>0x0</load_address>
         <run_address>0x0</run_address>
         <size>0x4f</size>
         <input_file_ref idref="fl-131"/>
      </object_component>
      <object_component id="oc-16">
         <name>.debug_line</name>
         <load_address>0x4f</load_address>
         <run_address>0x4f</run_address>
         <size>0x55</size>
         <input_file_ref idref="fl-132"/>
      </object_component>
      <object_component id="oc-1d">
         <name>.debug_line</name>
         <load_address>0xa4</load_address>
         <run_address>0xa4</run_address>
         <size>0x4c</size>
         <input_file_ref idref="fl-134"/>
      </object_component>
      <object_component id="oc-20">
         <name>.debug_line</name>
         <load_address>0xf0</load_address>
         <run_address>0xf0</run_address>
         <size>0x4b</size>
         <input_file_ref idref="fl-133"/>
      </object_component>
      <object_component id="oc-26">
         <name>.debug_line</name>
         <load_address>0x13b</load_address>
         <run_address>0x13b</run_address>
         <size>0xa1</size>
         <input_file_ref idref="fl-2"/>
      </object_component>
      <object_component id="oc-2a">
         <name>.debug_line</name>
         <load_address>0x1dc</load_address>
         <run_address>0x1dc</run_address>
         <size>0x41</size>
         <input_file_ref idref="fl-2"/>
      </object_component>
      <object_component id="oc-2d">
         <name>.debug_line</name>
         <load_address>0x21d</load_address>
         <run_address>0x21d</run_address>
         <size>0x87</size>
         <input_file_ref idref="fl-13a"/>
      </object_component>
      <object_component id="oc-34">
         <name>.debug_line</name>
         <load_address>0x2a4</load_address>
         <run_address>0x2a4</run_address>
         <size>0x50</size>
         <input_file_ref idref="fl-139"/>
      </object_component>
      <object_component id="oc-37">
         <name>.debug_line</name>
         <load_address>0x2f4</load_address>
         <run_address>0x2f4</run_address>
         <size>0x7a</size>
         <input_file_ref idref="fl-135"/>
      </object_component>
      <object_component id="oc-40">
         <name>.debug_line</name>
         <load_address>0x36e</load_address>
         <run_address>0x36e</run_address>
         <size>0x88</size>
         <input_file_ref idref="fl-136"/>
      </object_component>
      <object_component id="oc-44">
         <name>.debug_line</name>
         <load_address>0x3f6</load_address>
         <run_address>0x3f6</run_address>
         <size>0x3a</size>
         <input_file_ref idref="fl-132"/>
      </object_component>
      <object_component id="oc-4b">
         <name>.debug_line</name>
         <load_address>0x430</load_address>
         <run_address>0x430</run_address>
         <size>0x34</size>
         <input_file_ref idref="fl-134"/>
      </object_component>
      <object_component id="oc-52">
         <name>.debug_line</name>
         <load_address>0x464</load_address>
         <run_address>0x464</run_address>
         <size>0x8c</size>
         <input_file_ref idref="fl-133"/>
      </object_component>
      <object_component id="oc-58">
         <name>.debug_line</name>
         <load_address>0x4f0</load_address>
         <run_address>0x4f0</run_address>
         <size>0x39</size>
         <input_file_ref idref="fl-133"/>
      </object_component>
      <object_component id="oc-5d">
         <name>.debug_line</name>
         <load_address>0x529</load_address>
         <run_address>0x529</run_address>
         <size>0x41</size>
         <input_file_ref idref="fl-2"/>
      </object_component>
      <object_component id="oc-60">
         <name>.debug_line</name>
         <load_address>0x56a</load_address>
         <run_address>0x56a</run_address>
         <size>0x59</size>
         <input_file_ref idref="fl-2"/>
      </object_component>
      <object_component id="oc-64">
         <name>.debug_line</name>
         <load_address>0x5c3</load_address>
         <run_address>0x5c3</run_address>
         <size>0x6d</size>
         <input_file_ref idref="fl-13b"/>
      </object_component>
      <object_component id="oc-6a">
         <name>.debug_line</name>
         <load_address>0x630</load_address>
         <run_address>0x630</run_address>
         <size>0x201</size>
         <input_file_ref idref="fl-3"/>
      </object_component>
      <object_component id="oc-71">
         <name>.debug_line</name>
         <load_address>0x831</load_address>
         <run_address>0x831</run_address>
         <size>0x20</size>
         <input_file_ref idref="fl-2"/>
      </object_component>
      <object_component id="oc-7c">
         <name>.debug_line</name>
         <load_address>0x851</load_address>
         <run_address>0x851</run_address>
         <size>0x33</size>
         <input_file_ref idref="fl-137"/>
      </object_component>
      <object_component id="oc-80">
         <name>.debug_line</name>
         <load_address>0x884</load_address>
         <run_address>0x884</run_address>
         <size>0x44</size>
         <input_file_ref idref="fl-132"/>
      </object_component>
      <object_component id="oc-84">
         <name>.debug_line</name>
         <load_address>0x8c8</load_address>
         <run_address>0x8c8</run_address>
         <size>0x20</size>
         <input_file_ref idref="fl-132"/>
      </object_component>
      <object_component id="oc-87">
         <name>.debug_line</name>
         <load_address>0x8e8</load_address>
         <run_address>0x8e8</run_address>
         <size>0x59</size>
         <input_file_ref idref="fl-3"/>
      </object_component>
      <object_component id="oc-8b">
         <name>.debug_line</name>
         <load_address>0x941</load_address>
         <run_address>0x941</run_address>
         <size>0x20</size>
         <input_file_ref idref="fl-134"/>
      </object_component>
      <object_component id="oc-8e">
         <name>.debug_line</name>
         <load_address>0x961</load_address>
         <run_address>0x961</run_address>
         <size>0x20</size>
         <input_file_ref idref="fl-133"/>
      </object_component>
      <object_component id="oc-94">
         <name>.debug_line</name>
         <load_address>0x981</load_address>
         <run_address>0x981</run_address>
         <size>0x93</size>
         <input_file_ref idref="fl-13f"/>
      </object_component>
      <object_component id="oc-98">
         <name>.debug_line</name>
         <load_address>0xa14</load_address>
         <run_address>0xa14</run_address>
         <size>0xee</size>
         <input_file_ref idref="fl-13e"/>
      </object_component>
      <object_component id="oc-9f">
         <name>.debug_line</name>
         <load_address>0xb02</load_address>
         <run_address>0xb02</run_address>
         <size>0x94</size>
         <input_file_ref idref="fl-13e"/>
      </object_component>
      <object_component id="oc-a3">
         <name>.debug_line</name>
         <load_address>0xb96</load_address>
         <run_address>0xb96</run_address>
         <size>0x99</size>
         <input_file_ref idref="fl-13c"/>
      </object_component>
      <object_component id="oc-a7">
         <name>.debug_line</name>
         <load_address>0xc2f</load_address>
         <run_address>0xc2f</run_address>
         <size>0xb7</size>
         <input_file_ref idref="fl-13f"/>
      </object_component>
      <object_component id="oc-ac">
         <name>.debug_line</name>
         <load_address>0xce6</load_address>
         <run_address>0xce6</run_address>
         <size>0x11a</size>
         <input_file_ref idref="fl-13e"/>
      </object_component>
      <object_component id="oc-b2">
         <name>.debug_line</name>
         <load_address>0xe00</load_address>
         <run_address>0xe00</run_address>
         <size>0x9c</size>
         <input_file_ref idref="fl-13f"/>
      </object_component>
      <object_component id="oc-b7">
         <name>.debug_line</name>
         <load_address>0xe9c</load_address>
         <run_address>0xe9c</run_address>
         <size>0x9a</size>
         <input_file_ref idref="fl-13f"/>
      </object_component>
      <object_component id="oc-bc">
         <name>.debug_line</name>
         <load_address>0xf36</load_address>
         <run_address>0xf36</run_address>
         <size>0xc2</size>
         <input_file_ref idref="fl-13d"/>
      </object_component>
      <object_component id="oc-c1">
         <name>.debug_line</name>
         <load_address>0xff8</load_address>
         <run_address>0xff8</run_address>
         <size>0x93</size>
         <input_file_ref idref="fl-13f"/>
      </object_component>
      <object_component id="oc-c6">
         <name>.debug_line</name>
         <load_address>0x108b</load_address>
         <run_address>0x108b</run_address>
         <size>0x97</size>
         <input_file_ref idref="fl-13d"/>
      </object_component>
      <object_component id="oc-cb">
         <name>.debug_line</name>
         <load_address>0x1122</load_address>
         <run_address>0x1122</run_address>
         <size>0x93</size>
         <input_file_ref idref="fl-13f"/>
      </object_component>
      <object_component id="oc-d0">
         <name>.debug_line</name>
         <load_address>0x11b5</load_address>
         <run_address>0x11b5</run_address>
         <size>0x93</size>
         <input_file_ref idref="fl-13c"/>
      </object_component>
      <object_component id="oc-d4">
         <name>.debug_line</name>
         <load_address>0x1248</load_address>
         <run_address>0x1248</run_address>
         <size>0xd1</size>
         <input_file_ref idref="fl-13c"/>
      </object_component>
      <object_component id="oc-da">
         <name>.debug_line</name>
         <load_address>0x1319</load_address>
         <run_address>0x1319</run_address>
         <size>0x92</size>
         <input_file_ref idref="fl-13c"/>
      </object_component>
      <object_component id="oc-e1">
         <name>.debug_line</name>
         <load_address>0x13ab</load_address>
         <run_address>0x13ab</run_address>
         <size>0x92</size>
         <input_file_ref idref="fl-13c"/>
      </object_component>
      <object_component id="oc-ed">
         <name>.debug_line</name>
         <load_address>0x143d</load_address>
         <run_address>0x143d</run_address>
         <size>0x2b</size>
         <input_file_ref idref="fl-139"/>
      </object_component>
      <object_component id="oc-f0">
         <name>.debug_line</name>
         <load_address>0x1468</load_address>
         <run_address>0x1468</run_address>
         <size>0x2b</size>
         <input_file_ref idref="fl-139"/>
      </object_component>
      <object_component id="oc-f5">
         <name>.debug_line</name>
         <load_address>0x1493</load_address>
         <run_address>0x1493</run_address>
         <size>0x66</size>
         <input_file_ref idref="fl-138"/>
      </object_component>
      <object_component id="oc-f9">
         <name>.debug_line</name>
         <load_address>0x14f9</load_address>
         <run_address>0x14f9</run_address>
         <size>0x2b</size>
         <input_file_ref idref="fl-138"/>
      </object_component>
      <object_component id="oc-fc">
         <name>.debug_line</name>
         <load_address>0x1524</load_address>
         <run_address>0x1524</run_address>
         <size>0x2a</size>
         <input_file_ref idref="fl-135"/>
      </object_component>
      <object_component id="oc-fe">
         <name>.debug_line</name>
         <load_address>0x154e</load_address>
         <run_address>0x154e</run_address>
         <size>0x43</size>
         <input_file_ref idref="fl-135"/>
      </object_component>
      <object_component id="oc-100">
         <name>.debug_line</name>
         <load_address>0x1591</load_address>
         <run_address>0x1591</run_address>
         <size>0x51</size>
         <input_file_ref idref="fl-13b"/>
      </object_component>
      <object_component id="oc-103">
         <name>.debug_line</name>
         <load_address>0x15e2</load_address>
         <run_address>0x15e2</run_address>
         <size>0x45</size>
         <input_file_ref idref="fl-13b"/>
      </object_component>
      <object_component id="oc-10d">
         <name>.debug_line</name>
         <load_address>0x1627</load_address>
         <run_address>0x1627</run_address>
         <size>0x95</size>
         <input_file_ref idref="fl-13c"/>
      </object_component>
      <object_component id="oc-11a">
         <name>.debug_line</name>
         <load_address>0x16bc</load_address>
         <run_address>0x16bc</run_address>
         <size>0xaf</size>
         <input_file_ref idref="fl-13f"/>
      </object_component>
      <object_component id="oc-11f">
         <name>.debug_line</name>
         <load_address>0x176b</load_address>
         <run_address>0x176b</run_address>
         <size>0xaf</size>
         <input_file_ref idref="fl-13d"/>
      </object_component>
      <object_component id="oc-12b">
         <name>.debug_line</name>
         <load_address>0x181a</load_address>
         <run_address>0x181a</run_address>
         <size>0x91</size>
         <input_file_ref idref="fl-140"/>
      </object_component>
      <object_component id="oc-12f">
         <name>.debug_line</name>
         <load_address>0x18ab</load_address>
         <run_address>0x18ab</run_address>
         <size>0x20</size>
         <input_file_ref idref="fl-13c"/>
      </object_component>
      <object_component id="oc-137">
         <name>.debug_line</name>
         <load_address>0x18cb</load_address>
         <run_address>0x18cb</run_address>
         <size>0x35</size>
         <input_file_ref idref="fl-3"/>
      </object_component>
      <object_component id="oc-13a">
         <name>.debug_line</name>
         <load_address>0x1900</load_address>
         <run_address>0x1900</run_address>
         <size>0x115</size>
         <input_file_ref idref="fl-3"/>
      </object_component>
      <object_component id="oc-13d">
         <name>.debug_line</name>
         <load_address>0x1a15</load_address>
         <run_address>0x1a15</run_address>
         <size>0x5a</size>
         <input_file_ref idref="fl-3"/>
      </object_component>
      <object_component id="oc-142">
         <name>.debug_line</name>
         <load_address>0x1a6f</load_address>
         <run_address>0x1a6f</run_address>
         <size>0x20</size>
         <input_file_ref idref="fl-138"/>
      </object_component>
      <object_component id="oc-144">
         <name>.debug_line</name>
         <load_address>0x1a8f</load_address>
         <run_address>0x1a8f</run_address>
         <size>0x82</size>
         <input_file_ref idref="fl-13f"/>
      </object_component>
      <object_component id="oc-146">
         <name>.debug_line</name>
         <load_address>0x1b11</load_address>
         <run_address>0x1b11</run_address>
         <size>0x13d</size>
         <input_file_ref idref="fl-13e"/>
      </object_component>
      <object_component id="oc-149">
         <name>.debug_line</name>
         <load_address>0x1c4e</load_address>
         <run_address>0x1c4e</run_address>
         <size>0x7f</size>
         <input_file_ref idref="fl-13e"/>
      </object_component>
      <object_component id="oc-14e">
         <name>.debug_line</name>
         <load_address>0x1ccd</load_address>
         <run_address>0x1ccd</run_address>
         <size>0x82</size>
         <input_file_ref idref="fl-13c"/>
      </object_component>
      <object_component id="oc-150">
         <name>.debug_line</name>
         <load_address>0x1d4f</load_address>
         <run_address>0x1d4f</run_address>
         <size>0x7f</size>
         <input_file_ref idref="fl-13e"/>
      </object_component>
      <object_component id="oc-15a">
         <name>.debug_line</name>
         <load_address>0x1dce</load_address>
         <run_address>0x1dce</run_address>
         <size>0x82</size>
         <input_file_ref idref="fl-13d"/>
      </object_component>
      <object_component id="oc-15c">
         <name>.debug_line</name>
         <load_address>0x1e50</load_address>
         <run_address>0x1e50</run_address>
         <size>0x7c</size>
         <input_file_ref idref="fl-13d"/>
      </object_component>
      <object_component id="oc-15f">
         <name>.debug_line</name>
         <load_address>0x1ecc</load_address>
         <run_address>0x1ecc</run_address>
         <size>0x7e</size>
         <input_file_ref idref="fl-13f"/>
      </object_component>
      <object_component id="oc-161">
         <name>.debug_line</name>
         <load_address>0x1f4a</load_address>
         <run_address>0x1f4a</run_address>
         <size>0x7e</size>
         <input_file_ref idref="fl-13f"/>
      </object_component>
      <object_component id="oc-163">
         <name>.debug_line</name>
         <load_address>0x1fc8</load_address>
         <run_address>0x1fc8</run_address>
         <size>0x82</size>
         <input_file_ref idref="fl-13d"/>
      </object_component>
      <object_component id="oc-13">
         <name>.debug_aranges</name>
         <load_address>0x0</load_address>
         <run_address>0x0</run_address>
         <size>0x20</size>
         <input_file_ref idref="fl-131"/>
      </object_component>
      <object_component id="oc-18">
         <name>.debug_aranges</name>
         <load_address>0x20</load_address>
         <run_address>0x20</run_address>
         <size>0x20</size>
         <input_file_ref idref="fl-132"/>
      </object_component>
      <object_component id="oc-1a">
         <name>.debug_aranges</name>
         <load_address>0x40</load_address>
         <run_address>0x40</run_address>
         <size>0x20</size>
         <input_file_ref idref="fl-134"/>
      </object_component>
      <object_component id="oc-22">
         <name>.debug_aranges</name>
         <load_address>0x60</load_address>
         <run_address>0x60</run_address>
         <size>0x20</size>
         <input_file_ref idref="fl-133"/>
      </object_component>
      <object_component id="oc-28">
         <name>.debug_aranges</name>
         <load_address>0x80</load_address>
         <run_address>0x80</run_address>
         <size>0x38</size>
         <input_file_ref idref="fl-2"/>
      </object_component>
      <object_component id="oc-2e">
         <name>.debug_aranges</name>
         <load_address>0xb8</load_address>
         <run_address>0xb8</run_address>
         <size>0x28</size>
         <input_file_ref idref="fl-13a"/>
      </object_component>
      <object_component id="oc-33">
         <name>.debug_aranges</name>
         <load_address>0xe0</load_address>
         <run_address>0xe0</run_address>
         <size>0x20</size>
         <input_file_ref idref="fl-139"/>
      </object_component>
      <object_component id="oc-36">
         <name>.debug_aranges</name>
         <load_address>0x100</load_address>
         <run_address>0x100</run_address>
         <size>0x30</size>
         <input_file_ref idref="fl-135"/>
      </object_component>
      <object_component id="oc-3e">
         <name>.debug_aranges</name>
         <load_address>0x130</load_address>
         <run_address>0x130</run_address>
         <size>0x20</size>
         <input_file_ref idref="fl-136"/>
      </object_component>
      <object_component id="oc-53">
         <name>.debug_aranges</name>
         <load_address>0x150</load_address>
         <run_address>0x150</run_address>
         <size>0x20</size>
         <input_file_ref idref="fl-133"/>
      </object_component>
      <object_component id="oc-66">
         <name>.debug_aranges</name>
         <load_address>0x170</load_address>
         <run_address>0x170</run_address>
         <size>0x20</size>
         <input_file_ref idref="fl-13b"/>
      </object_component>
      <object_component id="oc-6d">
         <name>.debug_aranges</name>
         <load_address>0x190</load_address>
         <run_address>0x190</run_address>
         <size>0x60</size>
         <input_file_ref idref="fl-3"/>
      </object_component>
      <object_component id="oc-95">
         <name>.debug_aranges</name>
         <load_address>0x1f0</load_address>
         <run_address>0x1f0</run_address>
         <size>0x20</size>
         <input_file_ref idref="fl-13f"/>
      </object_component>
      <object_component id="oc-9a">
         <name>.debug_aranges</name>
         <load_address>0x210</load_address>
         <run_address>0x210</run_address>
         <size>0x20</size>
         <input_file_ref idref="fl-13e"/>
      </object_component>
      <object_component id="oc-9e">
         <name>.debug_aranges</name>
         <load_address>0x230</load_address>
         <run_address>0x230</run_address>
         <size>0x20</size>
         <input_file_ref idref="fl-13e"/>
      </object_component>
      <object_component id="oc-a4">
         <name>.debug_aranges</name>
         <load_address>0x250</load_address>
         <run_address>0x250</run_address>
         <size>0x20</size>
         <input_file_ref idref="fl-13c"/>
      </object_component>
      <object_component id="oc-a9">
         <name>.debug_aranges</name>
         <load_address>0x270</load_address>
         <run_address>0x270</run_address>
         <size>0x20</size>
         <input_file_ref idref="fl-13f"/>
      </object_component>
      <object_component id="oc-ae">
         <name>.debug_aranges</name>
         <load_address>0x290</load_address>
         <run_address>0x290</run_address>
         <size>0x20</size>
         <input_file_ref idref="fl-13e"/>
      </object_component>
      <object_component id="oc-b3">
         <name>.debug_aranges</name>
         <load_address>0x2b0</load_address>
         <run_address>0x2b0</run_address>
         <size>0x20</size>
         <input_file_ref idref="fl-13f"/>
      </object_component>
      <object_component id="oc-b8">
         <name>.debug_aranges</name>
         <load_address>0x2d0</load_address>
         <run_address>0x2d0</run_address>
         <size>0x20</size>
         <input_file_ref idref="fl-13f"/>
      </object_component>
      <object_component id="oc-ba">
         <name>.debug_aranges</name>
         <load_address>0x2f0</load_address>
         <run_address>0x2f0</run_address>
         <size>0x20</size>
         <input_file_ref idref="fl-13d"/>
      </object_component>
      <object_component id="oc-c2">
         <name>.debug_aranges</name>
         <load_address>0x310</load_address>
         <run_address>0x310</run_address>
         <size>0x20</size>
         <input_file_ref idref="fl-13f"/>
      </object_component>
      <object_component id="oc-c4">
         <name>.debug_aranges</name>
         <load_address>0x330</load_address>
         <run_address>0x330</run_address>
         <size>0x20</size>
         <input_file_ref idref="fl-13d"/>
      </object_component>
      <object_component id="oc-cc">
         <name>.debug_aranges</name>
         <load_address>0x350</load_address>
         <run_address>0x350</run_address>
         <size>0x20</size>
         <input_file_ref idref="fl-13f"/>
      </object_component>
      <object_component id="oc-d1">
         <name>.debug_aranges</name>
         <load_address>0x370</load_address>
         <run_address>0x370</run_address>
         <size>0x20</size>
         <input_file_ref idref="fl-13c"/>
      </object_component>
      <object_component id="oc-d6">
         <name>.debug_aranges</name>
         <load_address>0x390</load_address>
         <run_address>0x390</run_address>
         <size>0x20</size>
         <input_file_ref idref="fl-13c"/>
      </object_component>
      <object_component id="oc-db">
         <name>.debug_aranges</name>
         <load_address>0x3b0</load_address>
         <run_address>0x3b0</run_address>
         <size>0x20</size>
         <input_file_ref idref="fl-13c"/>
      </object_component>
      <object_component id="oc-e3">
         <name>.debug_aranges</name>
         <load_address>0x3d0</load_address>
         <run_address>0x3d0</run_address>
         <size>0x20</size>
         <input_file_ref idref="fl-13c"/>
      </object_component>
      <object_component id="oc-f4">
         <name>.debug_aranges</name>
         <load_address>0x3f0</load_address>
         <run_address>0x3f0</run_address>
         <size>0x30</size>
         <input_file_ref idref="fl-138"/>
      </object_component>
      <object_component id="oc-10f">
         <name>.debug_aranges</name>
         <load_address>0x420</load_address>
         <run_address>0x420</run_address>
         <size>0x20</size>
         <input_file_ref idref="fl-13c"/>
      </object_component>
      <object_component id="oc-11b">
         <name>.debug_aranges</name>
         <load_address>0x440</load_address>
         <run_address>0x440</run_address>
         <size>0x20</size>
         <input_file_ref idref="fl-13f"/>
      </object_component>
      <object_component id="oc-11d">
         <name>.debug_aranges</name>
         <load_address>0x460</load_address>
         <run_address>0x460</run_address>
         <size>0x20</size>
         <input_file_ref idref="fl-13d"/>
      </object_component>
      <object_component id="oc-128">
         <name>.debug_aranges</name>
         <load_address>0x480</load_address>
         <run_address>0x480</run_address>
         <size>0x20</size>
         <input_file_ref idref="fl-140"/>
      </object_component>
      <object_component id="oc-15">
         <name>.debug_frame</name>
         <load_address>0x0</load_address>
         <run_address>0x0</run_address>
         <size>0x7f</size>
         <input_file_ref idref="fl-132"/>
      </object_component>
      <object_component id="oc-1b">
         <name>.debug_frame</name>
         <load_address>0x7f</load_address>
         <run_address>0x7f</run_address>
         <size>0x7f</size>
         <input_file_ref idref="fl-134"/>
      </object_component>
      <object_component id="oc-21">
         <name>.debug_frame</name>
         <load_address>0xfe</load_address>
         <run_address>0xfe</run_address>
         <size>0x7f</size>
         <input_file_ref idref="fl-133"/>
      </object_component>
      <object_component id="oc-27">
         <name>.debug_frame</name>
         <load_address>0x17d</load_address>
         <run_address>0x17d</run_address>
         <size>0xb2</size>
         <input_file_ref idref="fl-2"/>
      </object_component>
      <object_component id="oc-31">
         <name>.debug_frame</name>
         <load_address>0x22f</load_address>
         <run_address>0x22f</run_address>
         <size>0x7f</size>
         <input_file_ref idref="fl-139"/>
      </object_component>
      <object_component id="oc-38">
         <name>.debug_frame</name>
         <load_address>0x2ae</load_address>
         <run_address>0x2ae</run_address>
         <size>0xb3</size>
         <input_file_ref idref="fl-135"/>
      </object_component>
      <object_component id="oc-51">
         <name>.debug_frame</name>
         <load_address>0x361</load_address>
         <run_address>0x361</run_address>
         <size>0x8a</size>
         <input_file_ref idref="fl-133"/>
      </object_component>
      <object_component id="oc-65">
         <name>.debug_frame</name>
         <load_address>0x3eb</load_address>
         <run_address>0x3eb</run_address>
         <size>0x8a</size>
         <input_file_ref idref="fl-13b"/>
      </object_component>
      <object_component id="oc-6b">
         <name>.debug_frame</name>
         <load_address>0x475</load_address>
         <run_address>0x475</run_address>
         <size>0x14f</size>
         <input_file_ref idref="fl-3"/>
      </object_component>
      <object_component id="oc-92">
         <name>.debug_frame</name>
         <load_address>0x5c4</load_address>
         <run_address>0x5c4</run_address>
         <size>0x7f</size>
         <input_file_ref idref="fl-13f"/>
      </object_component>
      <object_component id="oc-99">
         <name>.debug_frame</name>
         <load_address>0x643</load_address>
         <run_address>0x643</run_address>
         <size>0x93</size>
         <input_file_ref idref="fl-13e"/>
      </object_component>
      <object_component id="oc-9d">
         <name>.debug_frame</name>
         <load_address>0x6d6</load_address>
         <run_address>0x6d6</run_address>
         <size>0x7f</size>
         <input_file_ref idref="fl-13e"/>
      </object_component>
      <object_component id="oc-a2">
         <name>.debug_frame</name>
         <load_address>0x755</load_address>
         <run_address>0x755</run_address>
         <size>0x8a</size>
         <input_file_ref idref="fl-13c"/>
      </object_component>
      <object_component id="oc-a8">
         <name>.debug_frame</name>
         <load_address>0x7df</load_address>
         <run_address>0x7df</run_address>
         <size>0x86</size>
         <input_file_ref idref="fl-13f"/>
      </object_component>
      <object_component id="oc-ad">
         <name>.debug_frame</name>
         <load_address>0x865</load_address>
         <run_address>0x865</run_address>
         <size>0x8e</size>
         <input_file_ref idref="fl-13e"/>
      </object_component>
      <object_component id="oc-b0">
         <name>.debug_frame</name>
         <load_address>0x8f3</load_address>
         <run_address>0x8f3</run_address>
         <size>0x7f</size>
         <input_file_ref idref="fl-13f"/>
      </object_component>
      <object_component id="oc-b5">
         <name>.debug_frame</name>
         <load_address>0x972</load_address>
         <run_address>0x972</run_address>
         <size>0x8a</size>
         <input_file_ref idref="fl-13f"/>
      </object_component>
      <object_component id="oc-bd">
         <name>.debug_frame</name>
         <load_address>0x9fc</load_address>
         <run_address>0x9fc</run_address>
         <size>0x7f</size>
         <input_file_ref idref="fl-13d"/>
      </object_component>
      <object_component id="oc-bf">
         <name>.debug_frame</name>
         <load_address>0xa7b</load_address>
         <run_address>0xa7b</run_address>
         <size>0x7f</size>
         <input_file_ref idref="fl-13f"/>
      </object_component>
      <object_component id="oc-c7">
         <name>.debug_frame</name>
         <load_address>0xafa</load_address>
         <run_address>0xafa</run_address>
         <size>0x86</size>
         <input_file_ref idref="fl-13d"/>
      </object_component>
      <object_component id="oc-c9">
         <name>.debug_frame</name>
         <load_address>0xb80</load_address>
         <run_address>0xb80</run_address>
         <size>0x7f</size>
         <input_file_ref idref="fl-13f"/>
      </object_component>
      <object_component id="oc-cf">
         <name>.debug_frame</name>
         <load_address>0xbff</load_address>
         <run_address>0xbff</run_address>
         <size>0x86</size>
         <input_file_ref idref="fl-13c"/>
      </object_component>
      <object_component id="oc-d5">
         <name>.debug_frame</name>
         <load_address>0xc85</load_address>
         <run_address>0xc85</run_address>
         <size>0x8f</size>
         <input_file_ref idref="fl-13c"/>
      </object_component>
      <object_component id="oc-d9">
         <name>.debug_frame</name>
         <load_address>0xd14</load_address>
         <run_address>0xd14</run_address>
         <size>0x7f</size>
         <input_file_ref idref="fl-13c"/>
      </object_component>
      <object_component id="oc-e2">
         <name>.debug_frame</name>
         <load_address>0xd93</load_address>
         <run_address>0xd93</run_address>
         <size>0x7f</size>
         <input_file_ref idref="fl-13c"/>
      </object_component>
      <object_component id="oc-f7">
         <name>.debug_frame</name>
         <load_address>0xe12</load_address>
         <run_address>0xe12</run_address>
         <size>0xa1</size>
         <input_file_ref idref="fl-138"/>
      </object_component>
      <object_component id="oc-10e">
         <name>.debug_frame</name>
         <load_address>0xeb3</load_address>
         <run_address>0xeb3</run_address>
         <size>0x7f</size>
         <input_file_ref idref="fl-13c"/>
      </object_component>
      <object_component id="oc-118">
         <name>.debug_frame</name>
         <load_address>0xf32</load_address>
         <run_address>0xf32</run_address>
         <size>0x8a</size>
         <input_file_ref idref="fl-13f"/>
      </object_component>
      <object_component id="oc-120">
         <name>.debug_frame</name>
         <load_address>0xfbc</load_address>
         <run_address>0xfbc</run_address>
         <size>0x8e</size>
         <input_file_ref idref="fl-13d"/>
      </object_component>
      <object_component id="oc-129">
         <name>.debug_frame</name>
         <load_address>0x104a</load_address>
         <run_address>0x104a</run_address>
         <size>0x7f</size>
         <input_file_ref idref="fl-140"/>
      </object_component>
      <object_component id="oc-29">
         <name>.debug_abbrev</name>
         <load_address>0x0</load_address>
         <run_address>0x0</run_address>
         <size>0x29</size>
         <input_file_ref idref="fl-2"/>
      </object_component>
      <object_component id="oc-3c">
         <name>.debug_abbrev</name>
         <load_address>0x29</load_address>
         <run_address>0x29</run_address>
         <size>0x3d</size>
         <input_file_ref idref="fl-131"/>
      </object_component>
      <object_component id="oc-41">
         <name>.debug_abbrev</name>
         <load_address>0x66</load_address>
         <run_address>0x66</run_address>
         <size>0x74</size>
         <input_file_ref idref="fl-132"/>
      </object_component>
      <object_component id="oc-43">
         <name>.debug_abbrev</name>
         <load_address>0xda</load_address>
         <run_address>0xda</run_address>
         <size>0x24</size>
         <input_file_ref idref="fl-132"/>
      </object_component>
      <object_component id="oc-48">
         <name>.debug_abbrev</name>
         <load_address>0xfe</load_address>
         <run_address>0xfe</run_address>
         <size>0x6f</size>
         <input_file_ref idref="fl-134"/>
      </object_component>
      <object_component id="oc-4a">
         <name>.debug_abbrev</name>
         <load_address>0x16d</load_address>
         <run_address>0x16d</run_address>
         <size>0x24</size>
         <input_file_ref idref="fl-134"/>
      </object_component>
      <object_component id="oc-54">
         <name>.debug_abbrev</name>
         <load_address>0x191</load_address>
         <run_address>0x191</run_address>
         <size>0x74</size>
         <input_file_ref idref="fl-133"/>
      </object_component>
      <object_component id="oc-57">
         <name>.debug_abbrev</name>
         <load_address>0x205</load_address>
         <run_address>0x205</run_address>
         <size>0x24</size>
         <input_file_ref idref="fl-133"/>
      </object_component>
      <object_component id="oc-5b">
         <name>.debug_abbrev</name>
         <load_address>0x229</load_address>
         <run_address>0x229</run_address>
         <size>0x79</size>
         <input_file_ref idref="fl-2"/>
      </object_component>
      <object_component id="oc-5c">
         <name>.debug_abbrev</name>
         <load_address>0x2a2</load_address>
         <run_address>0x2a2</run_address>
         <size>0x54</size>
         <input_file_ref idref="fl-2"/>
      </object_component>
      <object_component id="oc-5f">
         <name>.debug_abbrev</name>
         <load_address>0x2f6</load_address>
         <run_address>0x2f6</run_address>
         <size>0x35</size>
         <input_file_ref idref="fl-2"/>
      </object_component>
      <object_component id="oc-68">
         <name>.debug_abbrev</name>
         <load_address>0x32b</load_address>
         <run_address>0x32b</run_address>
         <size>0x80</size>
         <input_file_ref idref="fl-13a"/>
      </object_component>
      <object_component id="oc-6e">
         <name>.debug_abbrev</name>
         <load_address>0x3ab</load_address>
         <run_address>0x3ab</run_address>
         <size>0x68</size>
         <input_file_ref idref="fl-139"/>
      </object_component>
      <object_component id="oc-70">
         <name>.debug_abbrev</name>
         <load_address>0x413</load_address>
         <run_address>0x413</run_address>
         <size>0x1f</size>
         <input_file_ref idref="fl-2"/>
      </object_component>
      <object_component id="oc-79">
         <name>.debug_abbrev</name>
         <load_address>0x432</load_address>
         <run_address>0x432</run_address>
         <size>0xba</size>
         <input_file_ref idref="fl-135"/>
      </object_component>
      <object_component id="oc-7b">
         <name>.debug_abbrev</name>
         <load_address>0x4ec</load_address>
         <run_address>0x4ec</run_address>
         <size>0x27</size>
         <input_file_ref idref="fl-137"/>
      </object_component>
      <object_component id="oc-7d">
         <name>.debug_abbrev</name>
         <load_address>0x513</load_address>
         <run_address>0x513</run_address>
         <size>0x3d</size>
         <input_file_ref idref="fl-136"/>
      </object_component>
      <object_component id="oc-7f">
         <name>.debug_abbrev</name>
         <load_address>0x550</load_address>
         <run_address>0x550</run_address>
         <size>0x24</size>
         <input_file_ref idref="fl-132"/>
      </object_component>
      <object_component id="oc-83">
         <name>.debug_abbrev</name>
         <load_address>0x574</load_address>
         <run_address>0x574</run_address>
         <size>0x4c</size>
         <input_file_ref idref="fl-132"/>
      </object_component>
      <object_component id="oc-86">
         <name>.debug_abbrev</name>
         <load_address>0x5c0</load_address>
         <run_address>0x5c0</run_address>
         <size>0x24</size>
         <input_file_ref idref="fl-3"/>
      </object_component>
      <object_component id="oc-8a">
         <name>.debug_abbrev</name>
         <load_address>0x5e4</load_address>
         <run_address>0x5e4</run_address>
         <size>0x2c</size>
         <input_file_ref idref="fl-134"/>
      </object_component>
      <object_component id="oc-8c">
         <name>.debug_abbrev</name>
         <load_address>0x610</load_address>
         <run_address>0x610</run_address>
         <size>0x6d</size>
         <input_file_ref idref="fl-133"/>
      </object_component>
      <object_component id="oc-8d">
         <name>.debug_abbrev</name>
         <load_address>0x67d</load_address>
         <run_address>0x67d</run_address>
         <size>0x2c</size>
         <input_file_ref idref="fl-133"/>
      </object_component>
      <object_component id="oc-8f">
         <name>.debug_abbrev</name>
         <load_address>0x6a9</load_address>
         <run_address>0x6a9</run_address>
         <size>0x8c</size>
         <input_file_ref idref="fl-13b"/>
      </object_component>
      <object_component id="oc-eb">
         <name>.debug_abbrev</name>
         <load_address>0x735</load_address>
         <run_address>0x735</run_address>
         <size>0xa9</size>
         <input_file_ref idref="fl-3"/>
      </object_component>
      <object_component id="oc-ec">
         <name>.debug_abbrev</name>
         <load_address>0x7de</load_address>
         <run_address>0x7de</run_address>
         <size>0x8e</size>
         <input_file_ref idref="fl-139"/>
      </object_component>
      <object_component id="oc-ef">
         <name>.debug_abbrev</name>
         <load_address>0x86c</load_address>
         <run_address>0x86c</run_address>
         <size>0x49</size>
         <input_file_ref idref="fl-139"/>
      </object_component>
      <object_component id="oc-f8">
         <name>.debug_abbrev</name>
         <load_address>0x8b5</load_address>
         <run_address>0x8b5</run_address>
         <size>0x29</size>
         <input_file_ref idref="fl-138"/>
      </object_component>
      <object_component id="oc-fb">
         <name>.debug_abbrev</name>
         <load_address>0x8de</load_address>
         <run_address>0x8de</run_address>
         <size>0x29</size>
         <input_file_ref idref="fl-135"/>
      </object_component>
      <object_component id="oc-fd">
         <name>.debug_abbrev</name>
         <load_address>0x907</load_address>
         <run_address>0x907</run_address>
         <size>0x6b</size>
         <input_file_ref idref="fl-135"/>
      </object_component>
      <object_component id="oc-ff">
         <name>.debug_abbrev</name>
         <load_address>0x972</load_address>
         <run_address>0x972</run_address>
         <size>0x8c</size>
         <input_file_ref idref="fl-13b"/>
      </object_component>
      <object_component id="oc-102">
         <name>.debug_abbrev</name>
         <load_address>0x9fe</load_address>
         <run_address>0x9fe</run_address>
         <size>0x4b</size>
         <input_file_ref idref="fl-13b"/>
      </object_component>
      <object_component id="oc-106">
         <name>.debug_abbrev</name>
         <load_address>0xa49</load_address>
         <run_address>0xa49</run_address>
         <size>0x6c</size>
         <input_file_ref idref="fl-13f"/>
      </object_component>
      <object_component id="oc-108">
         <name>.debug_abbrev</name>
         <load_address>0xab5</load_address>
         <run_address>0xab5</run_address>
         <size>0x7a</size>
         <input_file_ref idref="fl-13e"/>
      </object_component>
      <object_component id="oc-10a">
         <name>.debug_abbrev</name>
         <load_address>0xb2f</load_address>
         <run_address>0xb2f</run_address>
         <size>0x6c</size>
         <input_file_ref idref="fl-13e"/>
      </object_component>
      <object_component id="oc-110">
         <name>.debug_abbrev</name>
         <load_address>0xb9b</load_address>
         <run_address>0xb9b</run_address>
         <size>0x7a</size>
         <input_file_ref idref="fl-13c"/>
      </object_component>
      <object_component id="oc-112">
         <name>.debug_abbrev</name>
         <load_address>0xc15</load_address>
         <run_address>0xc15</run_address>
         <size>0x6c</size>
         <input_file_ref idref="fl-13f"/>
      </object_component>
      <object_component id="oc-115">
         <name>.debug_abbrev</name>
         <load_address>0xc81</load_address>
         <run_address>0xc81</run_address>
         <size>0x60</size>
         <input_file_ref idref="fl-13e"/>
      </object_component>
      <object_component id="oc-116">
         <name>.debug_abbrev</name>
         <load_address>0xce1</load_address>
         <run_address>0xce1</run_address>
         <size>0x6c</size>
         <input_file_ref idref="fl-13f"/>
      </object_component>
      <object_component id="oc-121">
         <name>.debug_abbrev</name>
         <load_address>0xd4d</load_address>
         <run_address>0xd4d</run_address>
         <size>0x7a</size>
         <input_file_ref idref="fl-13f"/>
      </object_component>
      <object_component id="oc-124">
         <name>.debug_abbrev</name>
         <load_address>0xdc7</load_address>
         <run_address>0xdc7</run_address>
         <size>0x6c</size>
         <input_file_ref idref="fl-13d"/>
      </object_component>
      <object_component id="oc-126">
         <name>.debug_abbrev</name>
         <load_address>0xe33</load_address>
         <run_address>0xe33</run_address>
         <size>0x6c</size>
         <input_file_ref idref="fl-13f"/>
      </object_component>
      <object_component id="oc-12c">
         <name>.debug_abbrev</name>
         <load_address>0xe9f</load_address>
         <run_address>0xe9f</run_address>
         <size>0x60</size>
         <input_file_ref idref="fl-13d"/>
      </object_component>
      <object_component id="oc-12e">
         <name>.debug_abbrev</name>
         <load_address>0xeff</load_address>
         <run_address>0xeff</run_address>
         <size>0x1f</size>
         <input_file_ref idref="fl-13c"/>
      </object_component>
      <object_component id="oc-132">
         <name>.debug_abbrev</name>
         <load_address>0xf1e</load_address>
         <run_address>0xf1e</run_address>
         <size>0x6c</size>
         <input_file_ref idref="fl-13f"/>
      </object_component>
      <object_component id="oc-133">
         <name>.debug_abbrev</name>
         <load_address>0xf8a</load_address>
         <run_address>0xf8a</run_address>
         <size>0x6c</size>
         <input_file_ref idref="fl-13c"/>
      </object_component>
      <object_component id="oc-134">
         <name>.debug_abbrev</name>
         <load_address>0xff6</load_address>
         <run_address>0xff6</run_address>
         <size>0x6c</size>
         <input_file_ref idref="fl-13c"/>
      </object_component>
      <object_component id="oc-135">
         <name>.debug_abbrev</name>
[...]
            <object_component_ref idref="oc-112"/>
            <object_component_ref idref="oc-115"/>
            <object_component_ref idref="oc-116"/>
            <object_component_ref idref="oc-121"/>
            <object_component_ref idref="oc-124"/>
            <object_component_ref idref="oc-126"/>
            <object_component_ref idref="oc-12c"/>
            <object_component_ref idref="oc-12e"/>
            <object_component_ref idref="oc-132"/>
            <object_component_ref idref="oc-133"/>
            <object_component_ref idref="oc-134"/>
            <object_component_ref idref="oc-135"/>
            <object_component_ref idref="oc-136"/>
            <object_component_ref idref="oc-138"/>
            <object_component_ref idref="oc-139"/>
            <object_component_ref idref="oc-13c"/>
            <object_component_ref idref="oc-140"/>
            <object_component_ref idref="oc-141"/>
            <object_component_ref idref="oc-143"/>
            <object_component_ref idref="oc-145"/>
            <object_component_ref idref="oc-148"/>
            <object_component_ref idref="oc-14c"/>
            <object_component_ref idref="oc-14d"/>
            <object_component_ref idref="oc-14f"/>
            <object_component_ref idref="oc-155"/>
            <object_component_ref idref="oc-158"/>
            <object_component_ref idref="oc-159"/>
            <object_component_ref idref="oc-15b"/>
            <object_component_ref idref="oc-15d"/>
            <object_component_ref idref="oc-15e"/>
            <object_component_ref idref="oc-160"/>
            <object_component_ref idref="oc-162"/>
            <object_component_ref idref="oc-185"/>
         </contents>
      </logical_group>
      <logical_group id="lg-17a" display="never" color="cyan">
         <name>.debug_str</name>
         <load_address>0x0</load_address>
         <run_address>0x0</run_address>
         <size>0xae8</size>
         <contents>
            <object_component_ref idref="oc-45"/>
            <object_component_ref idref="oc-4c"/>
            <object_component_ref idref="oc-59"/>
            <object_component_ref idref="oc-61"/>
            <object_component_ref idref="oc-72"/>
            <object_component_ref idref="oc-81"/>
            <object_component_ref idref="oc-88"/>
            <object_component_ref idref="oc-f1"/>
            <object_component_ref idref="oc-104"/>
            <object_component_ref idref="oc-130"/>
            <object_component_ref idref="oc-13e"/>
            <object_component_ref idref="oc-14a"/>
         </contents>
      </logical_group>
      <logical_group id="lg-17c" display="never" color="cyan">
         <name>.debug_pubtypes</name>
         <load_address>0x0</load_address>
         <run_address>0x0</run_address>
         <size>0x562</size>
         <contents>
            <object_component_ref idref="oc-46"/>
            <object_component_ref idref="oc-4d"/>
            <object_component_ref idref="oc-5a"/>
            <object_component_ref idref="oc-62"/>
            <object_component_ref idref="oc-73"/>
            <object_component_ref idref="oc-82"/>
            <object_component_ref idref="oc-89"/>
            <object_component_ref idref="oc-f2"/>
            <object_component_ref idref="oc-105"/>
            <object_component_ref idref="oc-131"/>
            <object_component_ref idref="oc-13f"/>
            <object_component_ref idref="oc-14b"/>
         </contents>
      </logical_group>
      <load_segment id="lg-18a" display="no" color="cyan">
         <name>SEGMENT_0</name>
         <load_address>0x0</load_address>
         <run_address>0x0</run_address>
         <size>0x11d8</size>
         <flags>0x5</flags>
         <contents>
            <logical_group_ref idref="lg-3"/>
            <logical_group_ref idref="lg-4"/>
            <logical_group_ref idref="lg-5"/>
            <logical_group_ref idref="lg-6"/>
         </contents>
      </load_segment>
      <load_segment id="lg-18b" display="no" color="cyan">
         <name>SEGMENT_1</name>
         <run_address>0x20000000</run_address>
         <size>0x4a0</size>
         <flags>0x6</flags>
         <contents>
            <logical_group_ref idref="lg-9"/>
            <logical_group_ref idref="lg-d"/>
            <logical_group_ref idref="lg-a"/>
            <logical_group_ref idref="lg-b"/>
         </contents>
      </load_segment>
   </logical_group_list>
   <placement_map>
      <memory_area display="yes" color="green">
         <name>FLASH</name>
         <page_id>0x0</page_id>
         <origin>0x0</origin>
         <length>0x40000</length>
         <used_space>0x11d2</used_space>
         <unused_space>0x3ee2e</unused_space>
         <attributes>RX</attributes>
         <usage_details>
            <allocated_space>
               <start_address>0x0</start_address>
               <size>0x26c</size>
               <logical_group_ref idref="lg-3"/>
            </allocated_space>
            <allocated_space>
               <start_address>0x26c</start_address>
               <size>0xda2</size>
               <logical_group_ref idref="lg-4"/>
            </allocated_space>
            <available_space>
               <start_address>0x100e</start_address>
               <size>0x2</size>
            </available_space>
            <allocated_space>
               <start_address>0x1010</start_address>
               <size>0x17c</size>
               <logical_group_ref idref="lg-5"/>
            </allocated_space>
            <available_space>
               <start_address>0x118c</start_address>
               <size>0x4</size>
            </available_space>
            <allocated_space>
               <start_address>0x1190</start_address>
               <size>0x48</size>
               <logical_group_ref idref="lg-6"/>
            </allocated_space>
            <available_space>
               <start_address>0x11d8</start_address>
               <size>0x3ee28</size>
            </available_space>
         </usage_details>
      </memory_area>
      <memory_area display="yes" color="green">
         <name>SRAM</name>
         <page_id>0x0</page_id>
         <origin>0x20000000</origin>
         <length>0x8000</length>
         <used_space>0x4a0</used_space>
         <unused_space>0x7b60</unused_space>
         <attributes>RWX</attributes>
         <usage_details>
            <allocated_space>
               <start_address>0x20000000</start_address>
               <size>0x26c</size>
               <logical_group_ref idref="lg-9"/>
            </allocated_space>
            <allocated_space>
               <start_address>0x2000026c</start_address>
               <size>0x200</size>
               <logical_group_ref idref="lg-d"/>
            </allocated_space>
            <allocated_space>
               <start_address>0x2000046c</start_address>
               <size>0x2c</size>
               <logical_group_ref idref="lg-a"/>
            </allocated_space>
            <allocated_space>
               <start_address>0x20000498</start_address>
               <size>0x8</size>
               <logical_group_ref idref="lg-b"/>
            </allocated_space>
            <available_space>
               <start_address>0x200004a0</start_address>
               <size>0x7b60</size>
            </available_space>
         </usage_details>
      </memory_area>
   </placement_map>
   <cptbl_list>
      <cptbl>
         <name>__TI_cinit_table</name>
         <cprec>
            <name>.data</name>
            <load_address>0x1190</load_address>
            <load_size>0x12</load_size>
            <run_address>0x2000046c</run_address>
            <run_size>0x2c</run_size>
            <compression>rle</compression>
         </cprec>
         <cprec>
            <name>.bss</name>
            <load_address>0x11b0</load_address>
            <load_size>0x8</load_size>
            <run_address>0x20000498</run_address>
            <run_size>0x8</run_size>
            <compression>zero_init</compression>
         </cprec>
         <cprec>
            <name>.vtable</name>
            <load_address>0x11b8</load_address>
            <load_size>0x8</load_size>
            <run_address>0x20000000</run_address>
            <run_size>0x26c</run_size>
            <compression>zero_init</compression>
         </cprec>
      </cptbl>
   </cptbl_list>
   <handler_table>
      <handler_table_name>__TI_handler_table</handler_table_name>
      <handler>
         <index>0x0</index>
         <name>__TI_zero_init</name>
      </handler>
      <handler>
         <index>0x1</index>
         <name>__TI_decompress_rle24</name>
      </handler>
      <handler>
         <index>0x2</index>
         <name>__TI_decompress_none</name>
      </handler>
   </handler_table>
   <symbol_table>
      <symbol id="sm-1">
         <name>__STACK_TOP</name>
         <value>0x2000046c</value>
      </symbol>
      <symbol id="sm-2">
         <name>__TI_CINIT_Base</name>
         <value>0x11c0</value>
      </symbol>
      <symbol id="sm-3">
         <name>__TI_CINIT_Limit</name>
         <value>0x11d8</value>
      </symbol>
      <symbol id="sm-4">
         <name>__TI_Handler_Table_Base</name>
         <value>0x11a4</value>
      </symbol>
      <symbol id="sm-5">
         <name>__TI_Handler_Table_Limit</name>
         <value>0x11b0</value>
      </symbol>
      <symbol id="sm-6">
         <name>binit</name>
         <value>0xffffffff</value>
      </symbol>
      <symbol id="sm-7">
         <name>__binit__</name>
         <value>0xffffffff</value>
      </symbol>
      <symbol id="sm-8">
         <name>__STACK_SIZE</name>
         <value>0x200</value>
      </symbol>
      <symbol id="sm-9">
         <name>__STACK_END</name>
         <value>0x2000046c</value>
      </symbol>
      <symbol id="sm-a">
         <name>__c_args__</name>
         <value>0xffffffff</value>
      </symbol>
      <symbol id="sm-40">
         <name>ResetISR</name>
         <value>0xfdf</value>
         <object_component_ref idref="oc-24"/>
      </symbol>
      <symbol id="sm-41">
         <name>g_pfnVectors</name>
         <value>0x0</value>
         <object_component_ref idref="oc-e"/>
      </symbol>
      <symbol id="sm-9b">
         <name>bas</name>
         <value>0x20000498</value>
      </symbol>
      <symbol id="sm-9c">
         <name>has_lcd_write</name>
         <value>0x4ff</value>
         <object_component_ref idref="oc-69"/>
      </symbol>
      <symbol id="sm-9d">
         <name>has_lcd_switchwrite</name>
         <value>0x3fd</value>
         <object_component_ref idref="oc-69"/>
      </symbol>
      <symbol id="sm-9e">
         <name>has_lcd_sendcommand</name>
         <value>0x5ed</value>
         <object_component_ref idref="oc-69"/>
      </symbol>
      <symbol id="sm-9f">
         <name>i</name>
         <value>0x20000480</value>
         <object_component_ref idref="oc-dd"/>
      </symbol>
      <symbol id="sm-a0">
         <name>da_sa</name>
         <value>0x20000474</value>
         <object_component_ref idref="oc-dd"/>
      </symbol>
      <symbol id="sm-a1">
         <name>Timer0K</name>
         <value>0x26d</value>
         <object_component_ref idref="oc-69"/>
      </symbol>
      <symbol id="sm-a2">
         <name>has_lcd_sendchar</name>
         <value>0x545</value>
         <object_component_ref idref="oc-69"/>
      </symbol>
      <symbol id="sm-a3">
         <name>main</name>
         <value>0x381</value>
         <object_component_ref idref="oc-69"/>
      </symbol>
      <symbol id="sm-a4">
         <name>sayac</name>
         <value>0x2000046c</value>
         <object_component_ref idref="oc-dd"/>
      </symbol>
      <symbol id="sm-a5">
         <name>has_lcd_4bitsetup</name>
         <value>0x6dd</value>
         <object_component_ref idref="oc-69"/>
      </symbol>
      <symbol id="sm-a6">
         <name>saat</name>
         <value>0x20000470</value>
         <object_component_ref idref="oc-dd"/>
      </symbol>
      <symbol id="sm-a7">
         <name>dakika</name>
         <value>0x20000478</value>
         <object_component_ref idref="oc-dd"/>
      </symbol>
      <symbol id="sm-a8">
         <name>saniye</name>
         <value>0x2000047c</value>
         <object_component_ref idref="oc-dd"/>
      </symbol>
      <symbol id="sm-a9">
         <name>has_lcd_position</name>
         <value>0x679</value>
         <object_component_ref idref="oc-69"/>
      </symbol>
      <symbol id="sm-aa">
         <name>has_lcd_erase</name>
         <value>0x4ed</value>
         <object_component_ref idref="oc-69"/>
      </symbol>
      <symbol id="sm-b9">
         <name>_c_int00</name>
         <value>0xdb1</value>
         <object_component_ref idref="oc-10"/>
      </symbol>
      <symbol id="sm-ba">
         <name>__stack</name>
         <value>0x2000026c</value>
         <object_component_ref idref="oc-23"/>
      </symbol>
      <symbol id="sm-d0">
         <name>__TI_decompress_none</name>
         <value>0xfc5</value>
         <object_component_ref idref="oc-14"/>
      </symbol>
      <symbol id="sm-f2">
         <name>__TI_decompress_rle24</name>
         <value>0x1005</value>
         <object_component_ref idref="oc-1e"/>
      </symbol>
      <symbol id="sm-105">
         <name>__TI_zero_init</name>
         <value>0xf95</value>
         <object_component_ref idref="oc-19"/>
      </symbol>
      <symbol id="sm-121">
         <name>C$$EXIT</name>
         <value>0xe3d</value>
         <object_component_ref idref="oc-35"/>
      </symbol>
      <symbol id="sm-122">
         <name>abort</name>
         <value>0xe41</value>
         <object_component_ref idref="oc-35"/>
      </symbol>
      <symbol id="sm-123">
         <name>exit</name>
         <value>0xe49</value>
         <object_component_ref idref="oc-35"/>
      </symbol>
      <symbol id="sm-124">
         <name>__TI_dtors_ptr</name>
         <value>0x20000490</value>
         <object_component_ref idref="oc-77"/>
      </symbol>
      <symbol id="sm-125">
         <name>__TI_cleanup_ptr</name>
         <value>0x2000048c</value>
         <object_component_ref idref="oc-77"/>
      </symbol>
      <symbol id="sm-13f">
         <name>memcpy</name>
         <value>0xb0d</value>
         <object_component_ref idref="oc-3d"/>
      </symbol>
      <symbol id="sm-140">
         <name>__aeabi_memcpy</name>
         <value>0xb0d</value>
         <object_component_ref idref="oc-3d"/>
      </symbol>
      <symbol id="sm-141">
         <name>__aeabi_memcpy8</name>
         <value>0xb0d</value>
         <object_component_ref idref="oc-3d"/>
      </symbol>
      <symbol id="sm-142">
         <name>__aeabi_memcpy4</name>
         <value>0xb0d</value>
         <object_component_ref idref="oc-3d"/>
      </symbol>
      <symbol id="sm-149">
         <name>main_func_sp</name>
         <value>0x20000494</value>
         <object_component_ref idref="oc-3a"/>
      </symbol>
      <symbol id="sm-15f">
         <name>_nop</name>
         <value>0xf6b</value>
         <object_component_ref idref="oc-f3"/>
      </symbol>
      <symbol id="sm-160">
         <name>_lock</name>
         <value>0x20000484</value>
         <object_component_ref idref="oc-75"/>
      </symbol>
      <symbol id="sm-161">
         <name>_unlock</name>
         <value>0x20000488</value>
         <object_component_ref idref="oc-75"/>
      </symbol>
      <symbol id="sm-162">
         <name>_register_lock</name>
         <value>0xf63</value>
         <object_component_ref idref="oc-f3"/>
      </symbol>
      <symbol id="sm-163">
         <name>_register_unlock</name>
         <value>0xf5d</value>
         <object_component_ref idref="oc-f3"/>
      </symbol>
      <symbol id="sm-176">
         <name>_args_main</name>
         <value>0xf45</value>
         <object_component_ref idref="oc-30"/>
      </symbol>
      <symbol id="sm-192">
         <name>__TI_auto_init</name>
         <value>0xba9</value>
         <object_component_ref idref="oc-2c"/>
      </symbol>
      <symbol id="sm-1aa">
         <name>copy_in</name>
         <value>0xdf9</value>
         <object_component_ref idref="oc-63"/>
      </symbol>
      <symbol id="sm-1e0">
         <name>GPIOPinTypeGPIOInput</name>
         <value>0xf71</value>
         <object_component_ref idref="oc-cd"/>
      </symbol>
      <symbol id="sm-1e1">
         <name>GPIOPinTypeGPIOOutput</name>
         <value>0xf13</value>
         <object_component_ref idref="oc-a0"/>
      </symbol>
      <symbol id="sm-1e2">
         <name>GPIOPinRead</name>
         <value>0xff3</value>
         <object_component_ref idref="oc-d7"/>
      </symbol>
      <symbol id="sm-1e3">
         <name>GPIODirModeSet</name>
         <value>0xee9</value>
         <object_component_ref idref="oc-10b"/>
      </symbol>
      <symbol id="sm-1e4">
         <name>GPIOPinWrite</name>
         <value>0xff9</value>
         <object_component_ref idref="oc-df"/>
      </symbol>
      <symbol id="sm-1e5">
         <name>GPIOPadConfigSet</name>
         <value>0x7d5</value>
         <object_component_ref idref="oc-d2"/>
      </symbol>
      <symbol id="sm-222">
         <name>IntEnable</name>
         <value>0xc3d</value>
         <object_component_ref idref="oc-b9"/>
      </symbol>
      <symbol id="sm-223">
         <name>IntRegister</name>
         <value>0xe81</value>
         <object_component_ref idref="oc-11c"/>
      </symbol>
      <symbol id="sm-224">
         <name>g_pfnRAMVectors</name>
         <value>0x20000000</value>
         <object_component_ref idref="oc-156"/>
      </symbol>
      <symbol id="sm-225">
         <name>IntMasterEnable</name>
         <value>0xfa7</value>
         <object_component_ref idref="oc-c3"/>
      </symbol>
      <symbol id="sm-273">
         <name>SysCtlClockSet</name>
         <value>0xa19</value>
         <object_component_ref idref="oc-96"/>
      </symbol>
      <symbol id="sm-274">
         <name>SysCtlDelay</name>
         <value>0xfff</value>
         <object_component_ref idref="oc-dc"/>
      </symbol>
      <symbol id="sm-275">
         <name>SysCtlPeripheralEnable</name>
         <value>0xeb5</value>
         <object_component_ref idref="oc-9b"/>
      </symbol>
      <symbol id="sm-276">
         <name>SysCtlClockGet</name>
         <value>0x909</value>
         <object_component_ref idref="oc-aa"/>
      </symbol>
      <symbol id="sm-2c8">
         <name>TimerLoadSet</name>
         <value>0xf83</value>
         <object_component_ref idref="oc-af"/>
      </symbol>
      <symbol id="sm-2c9">
         <name>TimerIntRegister</name>
         <value>0xf2b</value>
         <object_component_ref idref="oc-b4"/>
      </symbol>
      <symbol id="sm-2ca">
         <name>TimerEnable</name>
         <value>0xfb7</value>
         <object_component_ref idref="oc-c8"/>
      </symbol>
      <symbol id="sm-2cb">
         <name>TimerIntEnable</name>
         <value>0xfeb</value>
         <object_component_ref idref="oc-be"/>
      </symbol>
      <symbol id="sm-2cc">
         <name>TimerConfigure</name>
         <value>0xca5</value>
         <object_component_ref idref="oc-a5"/>
      </symbol>
      <symbol id="sm-2cd">
         <name>TimerIntClear</name>
         <value>0x100b</value>
         <object_component_ref idref="oc-91"/>
      </symbol>
      <symbol id="sm-2d6">
         <name>CPUcpsie</name>
         <value>0xfd3</value>
         <object_component_ref idref="oc-127"/>
      </symbol>
      <symbol id="sm-2d7">
         <name>__TI_static_base__</name>
         <value>0x0</value>
      </symbol>
      <symbol id="sm-2d8">
         <name>__TI_args_main</name>
         <value>0x1</value>
      </symbol>
      <symbol id="sm-2d9">
         <name>SHT$$INIT_ARRAY$$Limit</name>
         <value>0x0</value>
      </symbol>
      <symbol id="sm-2da">
         <name>SHT$$INIT_ARRAY$$Base</name>
         <value>0x0</value>
      </symbol>
   </symbol_table>
   <title>Link successful</title>
</link_info>
